Archive member included to satisfy reference by file (symbol)

C:/Users/Yacine-ASUS/Documents/workspace/DEV/devkitPro/libctru/lib\libcitro2d.a(base.o)
                              M2V_C2D.o (C2D_Init)
C:/Users/Yacine-ASUS/Documents/workspace/DEV/devkitPro/libctru/lib\libcitro2d.a(text.o)
                              M2V_C2D.o (C2D_TextBufNew)
C:/Users/Yacine-ASUS/Documents/workspace/DEV/devkitPro/libctru/lib\libcitro2d.a(spritesheet.o)
                              ProfilePage.o (C2D_SpriteSheetLoad)
C:/Users/Yacine-ASUS/Documents/workspace/DEV/devkitPro/libctru/lib\libcitro2d.a(font.o)
                              C:/Users/Yacine-ASUS/Documents/workspace/DEV/devkitPro/libctru/lib\libcitro2d.a(text.o) (C2D_FontGlyphIndexFromCodePoint)
C:/Users/Yacine-ASUS/Documents/workspace/DEV/devkitPro/libctru/lib\libcitro2d.a(render2d.shbin.o)
                              C:/Users/Yacine-ASUS/Documents/workspace/DEV/devkitPro/libctru/lib\libcitro2d.a(base.o) (render2d_shbin_size)
C:/Users/Yacine-ASUS/Documents/workspace/DEV/devkitPro/libctru/lib\libcitro3d.a(base.o)
                              M2V_C2D.o (C3D_Init)
C:/Users/Yacine-ASUS/Documents/workspace/DEV/devkitPro/libctru/lib\libcitro3d.a(renderqueue.o)
                              ProfilePage.o (C3D_FrameBegin)
C:/Users/Yacine-ASUS/Documents/workspace/DEV/devkitPro/libctru/lib\libcitro3d.a(texture.o)
                              C:/Users/Yacine-ASUS/Documents/workspace/DEV/devkitPro/libctru/lib\libcitro2d.a(base.o) (C3D_TexBind)
C:/Users/Yacine-ASUS/Documents/workspace/DEV/devkitPro/libctru/lib\libcitro3d.a(tex3ds.o)
                              C:/Users/Yacine-ASUS/Documents/workspace/DEV/devkitPro/libctru/lib\libcitro2d.a(spritesheet.o) (Tex3DS_TextureImport)
C:/Users/Yacine-ASUS/Documents/workspace/DEV/devkitPro/libctru/lib\libcitro3d.a(framebuffer.o)
                              C:/Users/Yacine-ASUS/Documents/workspace/DEV/devkitPro/libctru/lib\libcitro3d.a(renderqueue.o) (C3D_CalcColorBufSize)
C:/Users/Yacine-ASUS/Documents/workspace/DEV/devkitPro/libctru/lib\libcitro3d.a(texenv.o)
                              C:/Users/Yacine-ASUS/Documents/workspace/DEV/devkitPro/libctru/lib\libcitro2d.a(base.o) (C3D_GetTexEnv)
C:/Users/Yacine-ASUS/Documents/workspace/DEV/devkitPro/libctru/lib\libcitro3d.a(proctex.o)
                              C:/Users/Yacine-ASUS/Documents/workspace/DEV/devkitPro/libctru/lib\libcitro2d.a(base.o) (C3D_ProcTexInit)
C:/Users/Yacine-ASUS/Documents/workspace/DEV/devkitPro/libctru/lib\libcitro3d.a(buffers.o)
                              C:/Users/Yacine-ASUS/Documents/workspace/DEV/devkitPro/libctru/lib\libcitro2d.a(base.o) (BufInfo_Init)
C:/Users/Yacine-ASUS/Documents/workspace/DEV/devkitPro/libctru/lib\libcitro3d.a(drawArrays.o)
                              C:/Users/Yacine-ASUS/Documents/workspace/DEV/devkitPro/libctru/lib\libcitro2d.a(base.o) (C3D_DrawArrays)
C:/Users/Yacine-ASUS/Documents/workspace/DEV/devkitPro/libctru/lib\libcitro3d.a(effect.o)
                              C:/Users/Yacine-ASUS/Documents/workspace/DEV/devkitPro/libctru/lib\libcitro3d.a(base.o) (C3D_DepthMap)
C:/Users/Yacine-ASUS/Documents/workspace/DEV/devkitPro/libctru/lib\libcitro3d.a(attribs.o)
                              C:/Users/Yacine-ASUS/Documents/workspace/DEV/devkitPro/libctru/lib\libcitro2d.a(base.o) (AttrInfo_Init)
C:/Users/Yacine-ASUS/Documents/workspace/DEV/devkitPro/libctru/lib\libcitro3d.a(immediate.o)
                              C:/Users/Yacine-ASUS/Documents/workspace/DEV/devkitPro/libctru/lib\libcitro3d.a(base.o) (C3D_ImmSendAttrib)
C:/Users/Yacine-ASUS/Documents/workspace/DEV/devkitPro/libctru/lib\libcitro3d.a(uniforms.o)
                              C:/Users/Yacine-ASUS/Documents/workspace/DEV/devkitPro/libctru/lib\libcitro3d.a(base.o) (C3D_UpdateUniforms)
C:/Users/Yacine-ASUS/Documents/workspace/DEV/devkitPro/libctru/lib\libcitro3d.a(mtx_ortho.o)
                              C:/Users/Yacine-ASUS/Documents/workspace/DEV/devkitPro/libctru/lib\libcitro2d.a(base.o) (Mtx_Ortho)
C:/Users/Yacine-ASUS/Documents/workspace/DEV/devkitPro/libctru/lib\libcitro3d.a(mtx_orthotilt.o)
                              C:/Users/Yacine-ASUS/Documents/workspace/DEV/devkitPro/libctru/lib\libcitro2d.a(base.o) (Mtx_OrthoTilt)
C:/Users/Yacine-ASUS/Documents/workspace/DEV/devkitPro/libctru/lib\libctru.a(vram.o)
                              C:/Users/Yacine-ASUS/Documents/workspace/DEV/devkitPro/libctru/lib\libcitro3d.a(renderqueue.o) (vramAlloc)
C:/Users/Yacine-ASUS/Documents/workspace/DEV/devkitPro/libctru/lib\libctru.a(linear.o)
                              C:/Users/Yacine-ASUS/Documents/workspace/DEV/devkitPro/libctru/lib\libcitro2d.a(base.o) (linearAlloc)
C:/Users/Yacine-ASUS/Documents/workspace/DEV/devkitPro/libctru/lib\libctru.a(mem_pool.o)
                              C:/Users/Yacine-ASUS/Documents/workspace/DEV/devkitPro/libctru/lib\libctru.a(vram.o) (MemPool::Allocate(MemChunk&, unsigned long, int))
[...]
Memory Configuration

Name             Origin             Length             Attributes
*default*        0x0000000000000000 0xffffffffffffffff

Linker script and memory map

                0x0000000000100000                PROVIDE (__start__ = 0x100000)
                0x0000000000100000                . = __start__

.text           0x0000000000100000    0x1dfac
 *(.crt0)
 .crt0          0x0000000000100000       0x94 c:/users/yacine-asus/documents/workspace/dev/devkitpro/devkitarm/bin/../lib/gcc/arm-none-eabi/9.1.0/../../../../arm-none-eabi/lib/armv6k/fpu/3dsx_crt0.o
                0x0000000000100000                _start
                0x0000000000100008                __service_ptr
                0x000000000010000c                __apt_appid
                0x0000000000100010                __heap_size
                0x0000000000100014                __linear_heap_size
                0x0000000000100018                __system_arglist
                0x000000000010001c                __system_runflags
 *(.init)
 .init          0x0000000000100094        0xc c:/users/yacine-asus/documents/workspace/dev/devkitpro/devkitarm/bin/../lib/gcc/arm-none-eabi/9.1.0/armv6k/fpu/crti.o
                0x0000000000100094                _init
 .init          0x00000000001000a0        0xc c:/users/yacine-asus/documents/workspace/dev/devkitpro/devkitarm/bin/../lib/gcc/arm-none-eabi/9.1.0/armv6k/fpu/crtn.o
                0x00000000001000ac                . = ALIGN (0x4)
 *(.text)
 .text          0x00000000001000ac       0x64 C:/Users/Yacine-ASUS/Documents/workspace/DEV/devkitPro/libctru/lib\libctru.a(stack_adjust.o)
                0x00000000001000ac                initSystem
                0x00000000001000f0                __ctru_exit
 .text          0x0000000000100110      0x20c c:/users/yacine-asus/documents/workspace/dev/devkitpro/devkitarm/bin/../lib/gcc/arm-none-eabi/9.1.0/armv6k/fpu\libgcc.a(_udivsi3.o)
                0x0000000000100110                __aeabi_uidiv
                0x0000000000100110                __udivsi3
                0x00000000001002fc                __aeabi_uidivmod
 .text          0x000000000010031c      0x240 c:/users/yacine-asus/documents/workspace/dev/devkitpro/devkitarm/bin/../lib/gcc/arm-none-eabi/9.1.0/armv6k/fpu\libgcc.a(_divsi3.o)
                0x000000000010031c                __divsi3
                0x000000000010031c                __aeabi_idiv
                0x000000000010053c                __aeabi_idivmod
 .text          0x000000000010055c        0x4 c:/users/yacine-asus/documents/workspace/dev/devkitpro/devkitarm/bin/../lib/gcc/arm-none-eabi/9.1.0/armv6k/fpu\libgcc.a(_dvmd_tls.o)
                0x000000000010055c                __aeabi_idiv0
                0x000000000010055c                __aeabi_ldiv0
 .text          0x0000000000100560      0x3c0 c:/users/yacine-asus/documents/workspace/dev/devkitpro/devkitarm/bin/../lib/gcc/arm-none-eabi/9.1.0/armv6k/fpu\libgcc.a(_arm_addsubdf3.o)
                0x0000000000100560                __aeabi_drsub
                0x0000000000100568                __aeabi_dsub
                0x0000000000100568                __subdf3
                0x000000000010056c                __aeabi_dadd
                0x000000000010056c                __adddf3
                0x0000000000100818                __floatunsidf
                0x0000000000100818                __aeabi_ui2d
                0x000000000010083c                __floatsidf
                0x000000000010083c                __aeabi_i2d
                0x0000000000100864                __aeabi_f2d
                0x0000000000100864                __extendsfdf2
                0x00000000001008ac                __floatundidf
                0x00000000001008ac                __aeabi_ul2d
                0x00000000001008c0                __floatdidf
                0x00000000001008c0                __aeabi_l2d
 .text          0x0000000000100920       0x3c c:/users/yacine-asus/documents/workspace/dev/devkitpro/devkitarm/bin/../lib/gcc/arm-none-eabi/9.1.0/armv6k/fpu\libgcc.a(_aeabi_uldivmod.o)
                0x0000000000100920                __aeabi_uldivmod
 .text          0x000000000010095c      0x1a8 c:/users/yacine-asus/documents/workspace/dev/devkitpro/devkitarm/bin/../lib/gcc/arm-none-eabi/9.1.0/armv6k/fpu\libgcc.a(libunwind.o)
                0x000000000010095c                __restore_core_regs
                0x000000000010095c                restore_core_regs
                0x0000000000100970                __gnu_Unwind_Restore_VFP
                0x0000000000100978                __gnu_Unwind_Save_VFP
                0x0000000000100980                __gnu_Unwind_Restore_VFP_D
                0x0000000000100988                __gnu_Unwind_Save_VFP_D
                0x0000000000100990                __gnu_Unwind_Restore_VFP_D_16_to_31
                0x0000000000100998                __gnu_Unwind_Save_VFP_D_16_to_31
                0x00000000001009a0                __gnu_Unwind_Restore_WMMXD
                0x00000000001009e4                __gnu_Unwind_Save_WMMXD
                0x0000000000100a28                __gnu_Unwind_Restore_WMMXC
                0x0000000000100a3c                __gnu_Unwind_Save_WMMXC
                0x0000000000100a50                ___Unwind_RaiseException
                0x0000000000100a50                _Unwind_RaiseException
                0x0000000000100a74                _Unwind_Resume
                0x0000000000100a74                ___Unwind_Resume
                0x0000000000100a98                _Unwind_Resume_or_Rethrow
                0x0000000000100a98                ___Unwind_Resume_or_Rethrow
                0x0000000000100abc                _Unwind_ForcedUnwind
                0x0000000000100abc                ___Unwind_ForcedUnwind
                0x0000000000100ae0                ___Unwind_Backtrace
                0x0000000000100ae0                _Unwind_Backtrace
 *fill*         0x0000000000100b04       0x1c 
 .text          0x0000000000100b20      0x390 c:/users/yacine-asus/documents/workspace/dev/devkitpro/devkitarm/bin/../lib/gcc/arm-none-eabi/9.1.0/../../../../arm-none-eabi/lib/armv6k/fpu\libg.a(lib_a-strcmp.o)
                0x0000000000100b28                strcmp
 *(.text.*)
 .text.deregister_tm_clones
                0x0000000000100eb0       0x2c c:/users/yacine-asus/documents/workspace/dev/devkitpro/devkitarm/bin/../lib/gcc/arm-none-eabi/9.1.0/armv6k/fpu/crtbegin.o
 .text.register_tm_clones
                0x0000000000100edc       0x38 c:/users/yacine-asus/documents/workspace/dev/devkitpro/devkitarm/bin/../lib/gcc/arm-none-eabi/9.1.0/armv6k/fpu/crtbegin.o
 .text.__do_global_dtors_aux
                0x0000000000100f14       0x44 c:/users/yacine-asus/documents/workspace/dev/devkitpro/devkitarm/bin/../lib/gcc/arm-none-eabi/9.1.0/armv6k/fpu/crtbegin.o
 .text.frame_dummy
                0x0000000000100f58       0x34 c:/users/yacine-asus/documents/workspace/dev/devkitpro/devkitarm/bin/../lib/gcc/arm-none-eabi/9.1.0/armv6k/fpu/crtbegin.o
 .text._ZN7M2V_C2DC2Ev
                0x0000000000100f8c       0x2c M2V_C2D.o
                0x0000000000100f8c                M2V_C2D::M2V_C2D()
                0x0000000000100f8c                M2V_C2D::M2V_C2D()
 .text._ZN7M2V_C2D4initEv
                0x0000000000100fb8      0x120 M2V_C2D.o
                0x0000000000100fb8                M2V_C2D::init()
 .text._ZN7M2V_C2D4quitEv
                0x00000000001010d8       0x40 M2V_C2D.o
                0x00000000001010d8                M2V_C2D::quit()
 .text._ZN7M2V_C2D10changePageEv
                0x0000000000101118      0x290 M2V_C2D.o
                0x0000000000101118                M2V_C2D::changePage()
 .text._ZN7M2V_C2D3runEv
                0x00000000001013a8       0x80 M2V_C2D.o
                0x00000000001013a8                M2V_C2D::run()
 .text._ZNK11ProfilePage16checkButtonInputEv
                0x0000000000101428        0x8 ProfilePage.o
                0x0000000000101428                ProfilePage::checkButtonInput() const
 .text._ZN11ProfilePage6updateEv
                0x0000000000101430        0x4 ProfilePage.o
                0x0000000000101430                ProfilePage::update()
 .text._ZN11ProfilePage3runEv
                0x0000000000101434       0x44 ProfilePage.o
                0x0000000000101434                ProfilePage::run()
 .text._ZN11ProfilePage4drawEv
                0x0000000000101478      0x1dc ProfilePage.o
                0x0000000000101478                ProfilePage::draw()
 .text._ZN11ProfilePageD2Ev
                0x0000000000101654       0x44 ProfilePage.o
                0x0000000000101654                ProfilePage::~ProfilePage()
                0x0000000000101654                ProfilePage::~ProfilePage()
 .text._ZN11ProfilePageD0Ev
                0x0000000000101698       0x4c ProfilePage.o
                0x0000000000101698                ProfilePage::~ProfilePage()
 .text._ZN11ProfilePage4initEv
                0x00000000001016e4      0x1ac ProfilePage.o
                0x00000000001016e4                ProfilePage::init()
 .text.startup.main
                0x0000000000101890       0x24 main_c2d.o
                0x0000000000101890                main
 .text._ZN14ConnectionPage3runEv
                0x00000000001018b4       0x38 M2VPage.o
                0x00000000001018b4                ConnectionPage::run()
 .text._ZNK14ConnectionPage16checkButtonInputEv
                0x00000000001018ec       0x3c M2VPage.o
                0x00000000001018ec                ConnectionPage::checkButtonInput() const
 .text._ZN14ConnectionPageD2Ev
                0x0000000000101928       0x44 M2VPage.o
                0x0000000000101928                ConnectionPage::~ConnectionPage()
                0x0000000000101928                ConnectionPage::~ConnectionPage()
 .text._ZN14ConnectionPageD0Ev
                0x000000000010196c       0x4c M2VPage.o
                0x000000000010196c                ConnectionPage::~ConnectionPage()
 .text._ZN7M2VPage9textWriteEPKcffffm
                0x00000000001019b8       0x7c M2VPage.o
                0x00000000001019b8                M2VPage::textWrite(char const*, float, float, float, float, unsigned long)
 .text._ZN7M2VPage7messageEPKc
                0x0000000000101a34       0x78 M2VPage.o
                0x0000000000101a34                M2VPage::message(char const*)
 .text._ZN14ConnectionPage4drawEv
                0x0000000000101aac      0x250 M2VPage.o
                0x0000000000101aac                ConnectionPage::draw()
 .text._ZNK7M2VPage6strAddEPKcS1_
                0x0000000000101cfc       0xbc M2VPage.o
                0x0000000000101cfc                M2VPage::strAdd(char const*, char const*) const
 .text._ZN7M2VPage13keyboardInputEPcjPKc
                0x0000000000101db8       0xdc M2VPage.o
                0x0000000000101db8                M2VPage::keyboardInput(char*, unsigned int, char const*)
 .text._ZN14ConnectionPage6updateEv
                0x0000000000101e94      0x1e0 M2VPage.o
                0x0000000000101e94                ConnectionPage::update()
 .text._ZN14ConnectionPage4initEv
                0x0000000000102074      0x1ac M2VPage.o
                0x0000000000102074                ConnectionPage::init()
 .text.C2D_Init
                0x0000000000102220      0x330 C:/Users/Yacine-ASUS/Documents/workspace/DEV/devkitPro/libctru/lib\libcitro2d.a(base.o)
                0x0000000000102220                C2D_Init
 .text.C2D_Fini
                0x0000000000102550       0x44 C:/Users/Yacine-ASUS/Documents/workspace/DEV/devkitPro/libctru/lib\libcitro2d.a(base.o)
                0x0000000000102550                C2D_Fini
 .text.C2D_Prepare
                0x0000000000102594       0xc8 C:/Users/Yacine-ASUS/Documents/workspace/DEV/devkitPro/libctru/lib\libcitro2d.a(base.o)
                0x0000000000102594                C2D_Prepare
 .text.C2D_SceneSize
                0x000000000010265c      0x10c C:/Users/Yacine-ASUS/Documents/workspace/DEV/devkitPro/libctru/lib\libcitro2d.a(base.o)
                0x000000000010265c                C2D_SceneSize
 .text.C2D_CreateScreenTarget
                0x0000000000102768       0x44 C:/Users/Yacine-ASUS/Documents/workspace/DEV/devkitPro/libctru/lib\libcitro2d.a(base.o)
                0x0000000000102768                C2D_CreateScreenTarget
 .text.C2Di_CalcQuad
                0x00000000001027ac      0x13c C:/Users/Yacine-ASUS/Documents/workspace/DEV/devkitPro/libctru/lib\libcitro2d.a(base.o)
                0x00000000001027ac                C2Di_CalcQuad
 .text.C2Di_AppendVtx
                0x00000000001028e8       0x40 C:/Users/Yacine-ASUS/Documents/workspace/DEV/devkitPro/libctru/lib\libcitro2d.a(base.o)
                0x00000000001028e8                C2Di_AppendVtx
 .text.C2Di_FlushVtxBuf
                0x0000000000102928       0x30 C:/Users/Yacine-ASUS/Documents/workspace/DEV/devkitPro/libctru/lib\libcitro2d.a(base.o)
                0x0000000000102928                C2Di_FlushVtxBuf
 .text.C2Di_FrameEndHook
                0x0000000000102958       0x20 C:/Users/Yacine-ASUS/Documents/workspace/DEV/devkitPro/libctru/lib\libcitro2d.a(base.o)
 .text.C2D_Flush
                0x0000000000102978       0x18 C:/Users/Yacine-ASUS/Documents/workspace/DEV/devkitPro/libctru/lib\libcitro2d.a(base.o)
                0x0000000000102978                C2D_Flush
 .text.C2D_TargetClear
                0x0000000000102990       0x30 C:/Users/Yacine-ASUS/Documents/workspace/DEV/devkitPro/libctru/lib\libcitro2d.a(base.o)
                0x0000000000102990                C2D_TargetClear
 .text.C2Di_Update
                0x00000000001029c0      0x210 C:/Users/Yacine-ASUS/Documents/workspace/DEV/devkitPro/libctru/lib\libcitro2d.a(base.o)
                0x00000000001029c0                C2Di_Update
 .text.C2D_DrawImage
                0x0000000000102bd0      0x2ec C:/Users/Yacine-ASUS/Documents/workspace/DEV/devkitPro/libctru/lib\libcitro2d.a(base.o)
                0x0000000000102bd0                C2D_DrawImage
 .text.C2D_DrawRectangle
                0x0000000000102ebc      0x19c C:/Users/Yacine-ASUS/Documents/workspace/DEV/devkitPro/libctru/lib\libcitro2d.a(base.o)
                0x0000000000102ebc                C2D_DrawRectangle
 .text.C2Di_GlyphComp
                0x0000000000103058       0x18 C:/Users/Yacine-ASUS/Documents/workspace/DEV/devkitPro/libctru/lib\libcitro2d.a(text.o)
 .text.C2D_TextBufNew
                0x0000000000103070      0x1c8 C:/Users/Yacine-ASUS/Documents/workspace/DEV/devkitPro/libctru/lib\libcitro2d.a(text.o)
                0x0000000000103070                C2D_TextBufNew
 .text.C2D_TextBufDelete
                0x0000000000103238        0x4 C:/Users/Yacine-ASUS/Documents/workspace/DEV/devkitPro/libctru/lib\libcitro2d.a(text.o)
                0x0000000000103238                C2D_TextBufDelete
 .text.C2D_TextBufClear
                0x000000000010323c        0xc C:/Users/Yacine-ASUS/Documents/workspace/DEV/devkitPro/libctru/lib\libcitro2d.a(text.o)
                0x000000000010323c                C2D_TextBufClear
 .text.C2D_TextFontParseLine
                0x0000000000103248      0x198 C:/Users/Yacine-ASUS/Documents/workspace/DEV/devkitPro/libctru/lib\libcitro2d.a(text.o)
                0x0000000000103248                C2D_TextFontParseLine
 .text.C2D_TextFontParse
                0x00000000001033e0       0x90 C:/Users/Yacine-ASUS/Documents/workspace/DEV/devkitPro/libctru/lib\libcitro2d.a(text.o)
                0x00000000001033e0                C2D_TextFontParse
 .text.C2D_TextParse
                0x0000000000103470       0x14 C:/Users/Yacine-ASUS/Documents/workspace/DEV/devkitPro/libctru/lib\libcitro2d.a(text.o)
                0x0000000000103470                C2D_TextParse
 .text.C2D_TextOptimize
                0x0000000000103484       0x2c C:/Users/Yacine-ASUS/Documents/workspace/DEV/devkitPro/libctru/lib\libcitro2d.a(text.o)
                0x0000000000103484                C2D_TextOptimize
 .text.C2D_DrawText
                0x00000000001034b0      0x34c C:/Users/Yacine-ASUS/Documents/workspace/DEV/devkitPro/libctru/lib\libcitro2d.a(text.o)
                0x00000000001034b0                C2D_DrawText
 .text.C2D_SpriteSheetLoadFromHandle
                0x00000000001037fc       0x6c C:/Users/Yacine-ASUS/Documents/workspace/DEV/devkitPro/libctru/lib\libcitro2d.a(spritesheet.o)
                0x00000000001037fc                C2D_SpriteSheetLoadFromHandle
 .text.C2D_SpriteSheetLoad
                0x0000000000103868       0x34 C:/Users/Yacine-ASUS/Documents/workspace/DEV/devkitPro/libctru/lib\libcitro2d.a(spritesheet.o)
                0x0000000000103868                C2D_SpriteSheetLoad
 .text.C2D_SpriteSheetFree
                0x000000000010389c       0x28 C:/Users/Yacine-ASUS/Documents/workspace/DEV/devkitPro/libctru/lib\libcitro2d.a(spritesheet.o)
                0x000000000010389c                C2D_SpriteSheetFree
 .text.C2D_SpriteSheetCount
                0x00000000001038c4        0x8 C:/Users/Yacine-ASUS/Documents/workspace/DEV/devkitPro/libctru/lib\libcitro2d.a(spritesheet.o)
                0x00000000001038c4                C2D_SpriteSheetCount
 .text.C2D_SpriteSheetGetImage
                0x00000000001038cc       0x28 C:/Users/Yacine-ASUS/Documents/workspace/DEV/devkitPro/libctru/lib\libcitro2d.a(spritesheet.o)
                0x00000000001038cc                C2D_SpriteSheetGetImage
 .text.C2D_FontGlyphIndexFromCodePoint
                0x00000000001038f4       0x44 C:/Users/Yacine-ASUS/Documents/workspace/DEV/devkitPro/libctru/lib\libcitro2d.a(font.o)
                0x00000000001038f4                C2D_FontGlyphIndexFromCodePoint
 .text.C2D_FontCalcGlyphPos
                0x0000000000103938       0x78 C:/Users/Yacine-ASUS/Documents/workspace/DEV/devkitPro/libctru/lib\libcitro2d.a(font.o)
                0x0000000000103938                C2D_FontCalcGlyphPos
 .text.C3Di_SplitFrame.part.1
                0x00000000001039b0       0xc4 C:/Users/Yacine-ASUS/Documents/workspace/DEV/devkitPro/libctru/lib\libcitro3d.a(base.o)
 .text.C3Di_LightEnvUpdate
                0x0000000000103a74        0x4 C:/Users/Yacine-ASUS/Documents/workspace/DEV/devkitPro/libctru/lib\libcitro3d.a(base.o)
                0x0000000000103a74                C3Di_LightEnvUpdate
 .text.C3Di_LightEnvDirty
                0x0000000000103a78        0x4 C:/Users/Yacine-ASUS/Documents/workspace/DEV/devkitPro/libctru/lib\libcitro3d.a(base.o)
                0x0000000000103a78                C3Di_LightEnvDirty
 .text.C3Di_AptEventHook
                0x0000000000103a7c       0xac C:/Users/Yacine-ASUS/Documents/workspace/DEV/devkitPro/libctru/lib\libcitro3d.a(base.o)
 .text.C3Di_GasUpdate
                0x0000000000103b28        0x4 C:/Users/Yacine-ASUS/Documents/workspace/DEV/devkitPro/libctru/lib\libcitro3d.a(base.o)
                0x0000000000103b28                C3Di_GasUpdate
 .text.C3D_Init
                0x0000000000103b2c      0x21c C:/Users/Yacine-ASUS/Documents/workspace/DEV/devkitPro/libctru/lib\libcitro3d.a(base.o)
                0x0000000000103b2c                C3D_Init
 .text.C3D_SetViewport
                0x0000000000103d48       0x98 C:/Users/Yacine-ASUS/Documents/workspace/DEV/devkitPro/libctru/lib\libcitro3d.a(base.o)
                0x0000000000103d48                C3D_SetViewport
 .text.C3Di_UpdateContext
                0x0000000000103de0      0x50c C:/Users/Yacine-ASUS/Documents/workspace/DEV/devkitPro/libctru/lib\libcitro3d.a(base.o)
                0x0000000000103de0                C3Di_UpdateContext
 .text.C3Di_SplitFrame
                0x00000000001042ec       0x20 C:/Users/Yacine-ASUS/Documents/workspace/DEV/devkitPro/libctru/lib\libcitro3d.a(base.o)
                0x00000000001042ec                C3Di_SplitFrame
 .text.C3D_Fini
                0x000000000010430c       0x64 C:/Users/Yacine-ASUS/Documents/workspace/DEV/devkitPro/libctru/lib\libcitro3d.a(base.o)
                0x000000000010430c                C3D_Fini
 .text.C3D_BindProgram
                0x0000000000104370      0x114 C:/Users/Yacine-ASUS/Documents/workspace/DEV/devkitPro/libctru/lib\libcitro3d.a(base.o)
                0x0000000000104370                C3D_BindProgram
 .text.C3Di_RenderQueueInit
                0x0000000000104484       0x54 C:/Users/Yacine-ASUS/Documents/workspace/DEV/devkitPro/libctru/lib\libcitro3d.a(renderqueue.o)
 .text.C3Di_RenderTargetDestroy
                0x00000000001044d8       0x80 C:/Users/Yacine-ASUS/Documents/workspace/DEV/devkitPro/libctru/lib\libcitro3d.a(renderqueue.o)
 .text.onVBlank1
                0x0000000000104558       0xac C:/Users/Yacine-ASUS/Documents/workspace/DEV/devkitPro/libctru/lib\libcitro3d.a(renderqueue.o)
 .text.onVBlank0
                0x0000000000104604      0x13c C:/Users/Yacine-ASUS/Documents/workspace/DEV/devkitPro/libctru/lib\libcitro3d.a(renderqueue.o)
 .text.C3Di_RenderTargetNew
                0x0000000000104740        0xc C:/Users/Yacine-ASUS/Documents/workspace/DEV/devkitPro/libctru/lib\libcitro3d.a(renderqueue.o)
 .text.C3Di_WaitAndClearQueue
                0x000000000010474c       0x7c C:/Users/Yacine-ASUS/Documents/workspace/DEV/devkitPro/libctru/lib\libcitro3d.a(renderqueue.o)
 .text.onQueueFinish
                0x00000000001047c8       0xc0 C:/Users/Yacine-ASUS/Documents/workspace/DEV/devkitPro/libctru/lib\libcitro3d.a(renderqueue.o)
 .text.C3D_FrameSplit.part.6
                0x0000000000104888       0x44 C:/Users/Yacine-ASUS/Documents/workspace/DEV/devkitPro/libctru/lib\libcitro3d.a(renderqueue.o)
 .text.C3D_FrameSync
                0x00000000001048cc       0x30 C:/Users/Yacine-ASUS/Documents/workspace/DEV/devkitPro/libctru/lib\libcitro3d.a(renderqueue.o)
                0x00000000001048cc                C3D_FrameSync
 .text.C3Di_RenderQueueExit
                0x00000000001048fc       0xa0 C:/Users/Yacine-ASUS/Documents/workspace/DEV/devkitPro/libctru/lib\libcitro3d.a(renderqueue.o)
                0x00000000001048fc                C3Di_RenderQueueExit
 .text.C3Di_RenderQueueWaitDone
                0x000000000010499c       0x20 C:/Users/Yacine-ASUS/Documents/workspace/DEV/devkitPro/libctru/lib\libcitro3d.a(renderqueue.o)
                0x000000000010499c                C3Di_RenderQueueWaitDone
 .text.C3D_FrameBegin
                0x00000000001049bc       0x7c C:/Users/Yacine-ASUS/Documents/workspace/DEV/devkitPro/libctru/lib\libcitro3d.a(renderqueue.o)
                0x00000000001049bc                C3D_FrameBegin
 .text.C3D_FrameDrawOn
                0x0000000000104a38       0x48 C:/Users/Yacine-ASUS/Documents/workspace/DEV/devkitPro/libctru/lib\libcitro3d.a(renderqueue.o)
                0x0000000000104a38                C3D_FrameDrawOn
 .text.C3D_FrameSplit
                0x0000000000104a80       0x18 C:/Users/Yacine-ASUS/Documents/workspace/DEV/devkitPro/libctru/lib\libcitro3d.a(renderqueue.o)
                0x0000000000104a80                C3D_FrameSplit
 .text.C3D_FrameEnd
                0x0000000000104a98      0x164 C:/Users/Yacine-ASUS/Documents/workspace/DEV/devkitPro/libctru/lib\libcitro3d.a(renderqueue.o)
                0x0000000000104a98                C3D_FrameEnd
 .text.C3D_FrameEndHook
                0x0000000000104bfc       0x1c C:/Users/Yacine-ASUS/Documents/workspace/DEV/devkitPro/libctru/lib\libcitro3d.a(renderqueue.o)
                0x0000000000104bfc                C3D_FrameEndHook
 .text.C3D_RenderTargetCreate
                0x0000000000104c18      0x17c C:/Users/Yacine-ASUS/Documents/workspace/DEV/devkitPro/libctru/lib\libcitro3d.a(renderqueue.o)
                0x0000000000104c18                C3D_RenderTargetCreate
 .text.C3D_RenderTargetSetOutput
                0x0000000000104d94       0x4c C:/Users/Yacine-ASUS/Documents/workspace/DEV/devkitPro/libctru/lib\libcitro3d.a(renderqueue.o)
                0x0000000000104d94                C3D_RenderTargetSetOutput
 .text.C3D_SyncTextureCopy
                0x0000000000104de0       0xb4 C:/Users/Yacine-ASUS/Documents/workspace/DEV/devkitPro/libctru/lib\libcitro3d.a(renderqueue.o)
                0x0000000000104de0                C3D_SyncTextureCopy
 .text.C3D_TexInitWithParams
                0x0000000000104e94      0x284 C:/Users/Yacine-ASUS/Documents/workspace/DEV/devkitPro/libctru/lib\libcitro3d.a(texture.o)
                0x0000000000104e94                C3D_TexInitWithParams
 .text.C3D_TexLoadImage
                0x0000000000105118       0xdc C:/Users/Yacine-ASUS/Documents/workspace/DEV/devkitPro/libctru/lib\libcitro3d.a(texture.o)
                0x0000000000105118                C3D_TexLoadImage
 .text.C3D_TexBind
                0x00000000001051f4       0x48 C:/Users/Yacine-ASUS/Documents/workspace/DEV/devkitPro/libctru/lib\libcitro3d.a(texture.o)
                0x00000000001051f4                C3D_TexBind
 .text.C3D_TexDelete
                0x000000000010523c       0x7c C:/Users/Yacine-ASUS/Documents/workspace/DEV/devkitPro/libctru/lib\libcitro3d.a(texture.o)
                0x000000000010523c                C3D_TexDelete
 .text.C3Di_SetTex
                0x00000000001052b8      0x174 C:/Users/Yacine-ASUS/Documents/workspace/DEV/devkitPro/libctru/lib\libcitro3d.a(texture.o)
                0x00000000001052b8                C3Di_SetTex
 .text.Tex3DSi_ImportCommon
                0x000000000010542c      0x3e8 C:/Users/Yacine-ASUS/Documents/workspace/DEV/devkitPro/libctru/lib\libcitro3d.a(tex3ds.o)
 .text.Tex3DS_TextureImportStdio
                0x0000000000105814       0x34 C:/Users/Yacine-ASUS/Documents/workspace/DEV/devkitPro/libctru/lib\libcitro3d.a(tex3ds.o)
                0x0000000000105814                Tex3DS_TextureImportStdio
 .text.Tex3DS_GetNumSubTextures
                0x0000000000105848        0x8 C:/Users/Yacine-ASUS/Documents/workspace/DEV/devkitPro/libctru/lib\libcitro3d.a(tex3ds.o)
                0x0000000000105848                Tex3DS_GetNumSubTextures
 .text.Tex3DS_GetSubTexture
                0x0000000000105850       0x1c C:/Users/Yacine-ASUS/Documents/workspace/DEV/devkitPro/libctru/lib\libcitro3d.a(tex3ds.o)
                0x0000000000105850                Tex3DS_GetSubTexture
 .text.Tex3DS_TextureFree
                0x000000000010586c        0x4 C:/Users/Yacine-ASUS/Documents/workspace/DEV/devkitPro/libctru/lib\libcitro3d.a(tex3ds.o)
                0x000000000010586c                Tex3DS_TextureFree
 .text.C3D_CalcColorBufSize
                0x0000000000105870       0x1c C:/Users/Yacine-ASUS/Documents/workspace/DEV/devkitPro/libctru/lib\libcitro3d.a(framebuffer.o)
                0x0000000000105870                C3D_CalcColorBufSize
 .text.C3D_CalcDepthBufSize
                0x000000000010588c       0x1c C:/Users/Yacine-ASUS/Documents/workspace/DEV/devkitPro/libctru/lib\libcitro3d.a(framebuffer.o)
                0x000000000010588c                C3D_CalcDepthBufSize
 .text.C3D_SetFrameBuf
                0x00000000001058a8       0x44 C:/Users/Yacine-ASUS/Documents/workspace/DEV/devkitPro/libctru/lib\libcitro3d.a(framebuffer.o)
                0x00000000001058a8                C3D_SetFrameBuf
 .text.C3Di_FrameBufBind
                0x00000000001058ec      0x168 C:/Users/Yacine-ASUS/Documents/workspace/DEV/devkitPro/libctru/lib\libcitro3d.a(framebuffer.o)
                0x00000000001058ec                C3Di_FrameBufBind
 .text.C3D_FrameBufClear
                0x0000000000105a54       0xc8 C:/Users/Yacine-ASUS/Documents/workspace/DEV/devkitPro/libctru/lib\libcitro3d.a(framebuffer.o)
                0x0000000000105a54                C3D_FrameBufClear
 .text.C3D_FrameBufTransfer
                0x0000000000105b1c       0x48 C:/Users/Yacine-ASUS/Documents/workspace/DEV/devkitPro/libctru/lib\libcitro3d.a(framebuffer.o)
                0x0000000000105b1c                C3D_FrameBufTransfer
 .text.C3D_GetTexEnv
                0x0000000000105b64       0x34 C:/Users/Yacine-ASUS/Documents/workspace/DEV/devkitPro/libctru/lib\libcitro3d.a(texenv.o)
                0x0000000000105b64                C3D_GetTexEnv
 .text.C3Di_TexEnvBind
                0x0000000000105b98       0x24 C:/Users/Yacine-ASUS/Documents/workspace/DEV/devkitPro/libctru/lib\libcitro3d.a(texenv.o)
                0x0000000000105b98                C3Di_TexEnvBind
 .text.C3D_ProcTexInit
                0x0000000000105bbc       0x6c C:/Users/Yacine-ASUS/Documents/workspace/DEV/devkitPro/libctru/lib\libcitro3d.a(proctex.o)
                0x0000000000105bbc                C3D_ProcTexInit
 .text.C3D_ProcTexBind
                0x0000000000105c28       0x50 C:/Users/Yacine-ASUS/Documents/workspace/DEV/devkitPro/libctru/lib\libcitro3d.a(proctex.o)
                0x0000000000105c28                C3D_ProcTexBind
 .text.C3D_ProcTexLutBind
                0x0000000000105c78       0x60 C:/Users/Yacine-ASUS/Documents/workspace/DEV/devkitPro/libctru/lib\libcitro3d.a(proctex.o)
                0x0000000000105c78                C3D_ProcTexLutBind
 .text.ProcTexLut_FromArray
                0x0000000000105cd8       0xa4 C:/Users/Yacine-ASUS/Documents/workspace/DEV/devkitPro/libctru/lib\libcitro3d.a(proctex.o)
                0x0000000000105cd8                ProcTexLut_FromArray
 .text.C3Di_ProcTexUpdate
                0x0000000000105d7c      0x174 C:/Users/Yacine-ASUS/Documents/workspace/DEV/devkitPro/libctru/lib\libcitro3d.a(proctex.o)
                0x0000000000105d7c                C3Di_ProcTexUpdate
 .text.C3Di_ProcTexDirty
                0x0000000000105ef0       0x68 C:/Users/Yacine-ASUS/Documents/workspace/DEV/devkitPro/libctru/lib\libcitro3d.a(proctex.o)
                0x0000000000105ef0                C3Di_ProcTexDirty
 .text.BufInfo_Init
                0x0000000000105f58       0x24 C:/Users/Yacine-ASUS/Documents/workspace/DEV/devkitPro/libctru/lib\libcitro3d.a(buffers.o)
                0x0000000000105f58                BufInfo_Init
 .text.BufInfo_Add
                0x0000000000105f7c       0x84 C:/Users/Yacine-ASUS/Documents/workspace/DEV/devkitPro/libctru/lib\libcitro3d.a(buffers.o)
                0x0000000000105f7c                BufInfo_Add
 .text.C3D_SetBufInfo
                0x0000000000106000       0x40 C:/Users/Yacine-ASUS/Documents/workspace/DEV/devkitPro/libctru/lib\libcitro3d.a(buffers.o)
                0x0000000000106000                C3D_SetBufInfo
 .text.C3Di_BufInfoBind
                0x0000000000106040       0x48 C:/Users/Yacine-ASUS/Documents/workspace/DEV/devkitPro/libctru/lib\libcitro3d.a(buffers.o)
                0x0000000000106040                C3Di_BufInfoBind
 .text.C3D_DrawArrays
                0x0000000000106088      0x148 C:/Users/Yacine-ASUS/Documents/workspace/DEV/devkitPro/libctru/lib\libcitro3d.a(drawArrays.o)
                0x0000000000106088                C3D_DrawArrays
 .text.C3D_DepthMap
                0x00000000001061d0       0x40 C:/Users/Yacine-ASUS/Documents/workspace/DEV/devkitPro/libctru/lib\libcitro3d.a(effect.o)
                0x00000000001061d0                C3D_DepthMap
 .text.C3D_CullFace
                0x0000000000106210       0x1c C:/Users/Yacine-ASUS/Documents/workspace/DEV/devkitPro/libctru/lib\libcitro3d.a(effect.o)
                0x0000000000106210                C3D_CullFace
 .text.C3D_StencilTest
                0x000000000010622c       0x40 C:/Users/Yacine-ASUS/Documents/workspace/DEV/devkitPro/libctru/lib\libcitro3d.a(effect.o)
                0x000000000010622c                C3D_StencilTest
 .text.C3D_StencilOp
                0x000000000010626c       0x24 C:/Users/Yacine-ASUS/Documents/workspace/DEV/devkitPro/libctru/lib\libcitro3d.a(effect.o)
                0x000000000010626c                C3D_StencilOp
 .text.C3D_BlendingColor
                0x0000000000106290       0x1c C:/Users/Yacine-ASUS/Documents/workspace/DEV/devkitPro/libctru/lib\libcitro3d.a(effect.o)
                0x0000000000106290                C3D_BlendingColor
 .text.C3D_EarlyDepthTest
                0x00000000001062ac       0x24 C:/Users/Yacine-ASUS/Documents/workspace/DEV/devkitPro/libctru/lib\libcitro3d.a(effect.o)
                0x00000000001062ac                C3D_EarlyDepthTest
 .text.C3D_DepthTest
                0x00000000001062d0       0x2c C:/Users/Yacine-ASUS/Documents/workspace/DEV/devkitPro/libctru/lib\libcitro3d.a(effect.o)
                0x00000000001062d0                C3D_DepthTest
 .text.C3D_AlphaTest
                0x00000000001062fc       0x2c C:/Users/Yacine-ASUS/Documents/workspace/DEV/devkitPro/libctru/lib\libcitro3d.a(effect.o)
                0x00000000001062fc                C3D_AlphaTest
 .text.C3D_AlphaBlend
                0x0000000000106328       0x50 C:/Users/Yacine-ASUS/Documents/workspace/DEV/devkitPro/libctru/lib\libcitro3d.a(effect.o)
                0x0000000000106328                C3D_AlphaBlend
 .text.C3D_FragOpMode
                0x0000000000106378       0x30 C:/Users/Yacine-ASUS/Documents/workspace/DEV/devkitPro/libctru/lib\libcitro3d.a(effect.o)
                0x0000000000106378                C3D_FragOpMode
 .text.C3D_FragOpShadow
                0x00000000001063a8       0x44 C:/Users/Yacine-ASUS/Documents/workspace/DEV/devkitPro/libctru/lib\libcitro3d.a(effect.o)
                0x00000000001063a8                C3D_FragOpShadow
 .text.C3Di_EffectBind
                0x00000000001063ec      0x1ac C:/Users/Yacine-ASUS/Documents/workspace/DEV/devkitPro/libctru/lib\libcitro3d.a(effect.o)
                0x00000000001063ec                C3Di_EffectBind
 .text.AttrInfo_Init
                0x0000000000106598       0x28 C:/Users/Yacine-ASUS/Documents/workspace/DEV/devkitPro/libctru/lib\libcitro3d.a(attribs.o)
                0x0000000000106598                AttrInfo_Init
 .text.AttrInfo_AddLoader
                0x00000000001065c0       0xa0 C:/Users/Yacine-ASUS/Documents/workspace/DEV/devkitPro/libctru/lib\libcitro3d.a(attribs.o)
                0x00000000001065c0                AttrInfo_AddLoader
 .text.C3D_SetAttrInfo
                0x0000000000106660       0x54 C:/Users/Yacine-ASUS/Documents/workspace/DEV/devkitPro/libctru/lib\libcitro3d.a(attribs.o)
                0x0000000000106660                C3D_SetAttrInfo
 .text.C3Di_AttrInfoBind
                0x00000000001066b4       0x80 C:/Users/Yacine-ASUS/Documents/workspace/DEV/devkitPro/libctru/lib\libcitro3d.a(attribs.o)
                0x00000000001066b4                C3Di_AttrInfoBind
 .text.C3D_ImmSendAttrib
                0x0000000000106734       0xa4 C:/Users/Yacine-ASUS/Documents/workspace/DEV/devkitPro/libctru/lib\libcitro3d.a(immediate.o)
                0x0000000000106734                C3D_ImmSendAttrib
 .text.C3D_UpdateUniforms
                0x00000000001067d8      0x2b8 C:/Users/Yacine-ASUS/Documents/workspace/DEV/devkitPro/libctru/lib\libcitro3d.a(uniforms.o)
                0x00000000001067d8                C3D_UpdateUniforms
 .text.C3Di_DirtyUniforms
                0x0000000000106a90       0xc0 C:/Users/Yacine-ASUS/Documents/workspace/DEV/devkitPro/libctru/lib\libcitro3d.a(uniforms.o)
                0x0000000000106a90                C3Di_DirtyUniforms
 .text.C3Di_LoadShaderUniforms
                0x0000000000106b50       0xe0 C:/Users/Yacine-ASUS/Documents/workspace/DEV/devkitPro/libctru/lib\libcitro3d.a(uniforms.o)
                0x0000000000106b50                C3Di_LoadShaderUniforms
 .text.C3Di_ClearShaderUniforms
                0x0000000000106c30       0x28 C:/Users/Yacine-ASUS/Documents/workspace/DEV/devkitPro/libctru/lib\libcitro3d.a(uniforms.o)
                0x0000000000106c30                C3Di_ClearShaderUniforms
 .text.Mtx_Ortho
                0x0000000000106c58       0xcc C:/Users/Yacine-ASUS/Documents/workspace/DEV/devkitPro/libctru/lib\libcitro3d.a(mtx_ortho.o)
                0x0000000000106c58                Mtx_Ortho
 .text.Mtx_OrthoTilt
                0x0000000000106d24       0xcc C:/Users/Yacine-ASUS/Documents/workspace/DEV/devkitPro/libctru/lib\libcitro3d.a(mtx_orthotilt.o)
                0x0000000000106d24                Mtx_OrthoTilt
 .text._ZL21addrMapNodeComparatorPK11rbtree_nodeS1_
                0x0000000000106df0       0x24 C:/Users/Yacine-ASUS/Documents/workspace/DEV/devkitPro/libctru/lib\libctru.a(vram.o)
 .text._ZL21addrMapNodeDestructorP11rbtree_node
                0x0000000000106e14        0x4 C:/Users/Yacine-ASUS/Documents/workspace/DEV/devkitPro/libctru/lib\libctru.a(vram.o)
 .text.vramMemAlign
                0x0000000000106e18      0x114 C:/Users/Yacine-ASUS/Documents/workspace/DEV/devkitPro/libctru/lib\libctru.a(vram.o)
                0x0000000000106e18                vramMemAlign
 .text.vramAlloc
                0x0000000000106f2c        0x8 C:/Users/Yacine-ASUS/Documents/workspace/DEV/devkitPro/libctru/lib\libctru.a(vram.o)
                0x0000000000106f2c                vramAlloc
 .text.vramFree
                0x0000000000106f34       0x54 C:/Users/Yacine-ASUS/Documents/workspace/DEV/devkitPro/libctru/lib\libctru.a(vram.o)
                0x0000000000106f34                vramFree
 .text._ZL21addrMapNodeComparatorPK11rbtree_nodeS1_
                0x0000000000106f88       0x24 C:/Users/Yacine-ASUS/Documents/workspace/DEV/devkitPro/libctru/lib\libctru.a(linear.o)
 .text._ZL21addrMapNodeDestructorP11rbtree_node
                0x0000000000106fac        0x4 C:/Users/Yacine-ASUS/Documents/workspace/DEV/devkitPro/libctru/lib\libctru.a(linear.o)
 .text.linearMemAlign
                0x0000000000106fb0      0x124 C:/Users/Yacine-ASUS/Documents/workspace/DEV/devkitPro/libctru/lib\libctru.a(linear.o)
                0x0000000000106fb0                linearMemAlign
 .text.linearAlloc
                0x00000000001070d4        0x8 C:/Users/Yacine-ASUS/Documents/workspace/DEV/devkitPro/libctru/lib\libctru.a(linear.o)
                0x00000000001070d4                linearAlloc
 .text.linearFree
                0x00000000001070dc       0x54 C:/Users/Yacine-ASUS/Documents/workspace/DEV/devkitPro/libctru/lib\libctru.a(linear.o)
                0x00000000001070dc                linearFree
 .text._ZN7MemPool13CoalesceRightEP8MemBlock
                0x0000000000107130       0x8c C:/Users/Yacine-ASUS/Documents/workspace/DEV/devkitPro/libctru/lib\libctru.a(mem_pool.o)
                0x0000000000107130                MemPool::CoalesceRight(MemBlock*)
 .text._ZN7MemPool8AllocateER8MemChunkmi
                0x00000000001071bc      0x174 C:/Users/Yacine-ASUS/Documents/workspace/DEV/devkitPro/libctru/lib\libctru.a(mem_pool.o)
                0x00000000001071bc                MemPool::Allocate(MemChunk&, unsigned long, int)
 .text._ZN7MemPool10DeallocateERK8MemChunk
                0x0000000000107330       0xfc C:/Users/Yacine-ASUS/Documents/workspace/DEV/devkitPro/libctru/lib\libctru.a(mem_pool.o)
                0x0000000000107330                MemPool::Deallocate(MemChunk const&)
 .text.romfs_close
                0x000000000010742c        0x8 C:/Users/Yacine-ASUS/Documents/workspace/DEV/devkitPro/libctru/lib\libctru.a(romfs_dev.o)
 .text.romfs_seek
                0x0000000000107434       0xd4 C:/Users/Yacine-ASUS/Documents/workspace/DEV/devkitPro/libctru/lib\libctru.a(romfs_dev.o)
 .text.romfs_dirreset
                0x0000000000107508       0x24 C:/Users/Yacine-ASUS/Documents/workspace/DEV/devkitPro/libctru/lib\libctru.a(romfs_dev.o)
 .text.romfs_fstat
                0x000000000010752c       0x78 C:/Users/Yacine-ASUS/Documents/workspace/DEV/devkitPro/libctru/lib\libctru.a(romfs_dev.o)
 .text._romfs_read_chk
                0x00000000001075a4       0x54 C:/Users/Yacine-ASUS/Documents/workspace/DEV/devkitPro/libctru/lib\libctru.a(romfs_dev.o)
 .text.romfs_read
                0x00000000001075f8       0xcc C:/Users/Yacine-ASUS/Documents/workspace/DEV/devkitPro/libctru/lib\libctru.a(romfs_dev.o)
 .text.romfs_free
                0x00000000001076c4       0x7c C:/Users/Yacine-ASUS/Documents/workspace/DEV/devkitPro/libctru/lib\libctru.a(romfs_dev.o)
 .text.romfsMountCommon
                0x0000000000107740      0x16c C:/Users/Yacine-ASUS/Documents/workspace/DEV/devkitPro/libctru/lib\libctru.a(romfs_dev.o)
 .text.romfs_dirnext
                0x00000000001078ac      0x254 C:/Users/Yacine-ASUS/Documents/workspace/DEV/devkitPro/libctru/lib\libctru.a(romfs_dev.o)
 .text.romfsInitMtime.isra.0
                0x0000000000107b00       0xbc C:/Users/Yacine-ASUS/Documents/workspace/DEV/devkitPro/libctru/lib\libctru.a(romfs_dev.o)
 .text.searchForFile.constprop.0
                0x0000000000107bbc       0xb4 C:/Users/Yacine-ASUS/Documents/workspace/DEV/devkitPro/libctru/lib\libctru.a(romfs_dev.o)
 .text.searchForDir.constprop.0
                0x0000000000107c70       0xb8 C:/Users/Yacine-ASUS/Documents/workspace/DEV/devkitPro/libctru/lib\libctru.a(romfs_dev.o)
 .text.navigateToDir.constprop.0
                0x0000000000107d28      0x1c4 C:/Users/Yacine-ASUS/Documents/workspace/DEV/devkitPro/libctru/lib\libctru.a(romfs_dev.o)
 .text.romfs_open
                0x0000000000107eec      0x11c C:/Users/Yacine-ASUS/Documents/workspace/DEV/devkitPro/libctru/lib\libctru.a(romfs_dev.o)
 .text.romfs_stat
                0x0000000000108008      0x204 C:/Users/Yacine-ASUS/Documents/workspace/DEV/devkitPro/libctru/lib\libctru.a(romfs_dev.o)
 .text.romfs_chdir
                0x000000000010820c       0x54 C:/Users/Yacine-ASUS/Documents/workspace/DEV/devkitPro/libctru/lib\libctru.a(romfs_dev.o)
 .text.romfs_diropen
                0x0000000000108260       0x78 C:/Users/Yacine-ASUS/Documents/workspace/DEV/devkitPro/libctru/lib\libctru.a(romfs_dev.o)
 .text.romfs_dirclose
                0x00000000001082d8        0x8 C:/Users/Yacine-ASUS/Documents/workspace/DEV/devkitPro/libctru/lib\libctru.a(romfs_dev.o)
 .text.romfsMount
                0x00000000001082e0      0x344 C:/Users/Yacine-ASUS/Documents/workspace/DEV/devkitPro/libctru/lib\libctru.a(romfs_dev.o)
                0x00000000001082e0                romfsMount
 .text.romfsUnmount
                0x0000000000108624       0x78 C:/Users/Yacine-ASUS/Documents/workspace/DEV/devkitPro/libctru/lib\libctru.a(romfs_dev.o)
                0x0000000000108624                romfsUnmount
 .text.getSysTime
                0x000000000010869c       0x58 C:/Users/Yacine-ASUS/Documents/workspace/DEV/devkitPro/libctru/lib\libctru.a(os.o)
 .text.__ctru_speedup_config.part.0
                0x00000000001086f4       0x28 C:/Users/Yacine-ASUS/Documents/workspace/DEV/devkitPro/libctru/lib\libctru.a(os.o)
 .text.osConvertVirtToPhys
                0x000000000010871c       0x4c C:/Users/Yacine-ASUS/Documents/workspace/DEV/devkitPro/libctru/lib\libctru.a(os.o)
                0x000000000010871c                osConvertVirtToPhys
 .text.osGetMemRegionUsed
                0x0000000000108768       0x24 C:/Users/Yacine-ASUS/Documents/workspace/DEV/devkitPro/libctru/lib\libctru.a(os.o)
                0x0000000000108768                osGetMemRegionUsed
 *fill*         0x000000000010878c        0x4 
 .text.__libctru_gtod
                0x0000000000108790      0x128 C:/Users/Yacine-ASUS/Documents/workspace/DEV/devkitPro/libctru/lib\libctru.a(os.o)
                0x0000000000108790                __libctru_gtod
 .text.__ctru_speedup_config
                0x00000000001088b8       0x18 C:/Users/Yacine-ASUS/Documents/workspace/DEV/devkitPro/libctru/lib\libctru.a(os.o)
                0x00000000001088b8                __ctru_speedup_config
 .text.fontEnsureMapped
                0x00000000001088d0       0x9c C:/Users/Yacine-ASUS/Documents/workspace/DEV/devkitPro/libctru/lib\libctru.a(font.o)
                0x00000000001088d0                fontEnsureMapped
 .text.fontGlyphIndexFromCodePoint
                0x000000000010896c      0x134 C:/Users/Yacine-ASUS/Documents/workspace/DEV/devkitPro/libctru/lib\libctru.a(font.o)
                0x000000000010896c                fontGlyphIndexFromCodePoint
 .text.fontGetCharWidthInfo
                0x0000000000108aa0       0x6c C:/Users/Yacine-ASUS/Documents/workspace/DEV/devkitPro/libctru/lib\libctru.a(font.o)
                0x0000000000108aa0                fontGetCharWidthInfo
 .text.fontCalcGlyphPos
                0x0000000000108b0c      0x1c0 C:/Users/Yacine-ASUS/Documents/workspace/DEV/devkitPro/libctru/lib\libctru.a(font.o)
                0x0000000000108b0c                fontCalcGlyphPos
 .text.gfxSetFramebufferInfo.part.0
                0x0000000000108ccc       0x8c C:/Users/Yacine-ASUS/Documents/workspace/DEV/devkitPro/libctru/lib\libctru.a(gfx.o)
 .text.gfxSetFramebufferInfo
                0x0000000000108d58       0x6c C:/Users/Yacine-ASUS/Documents/workspace/DEV/devkitPro/libctru/lib\libctru.a(gfx.o)
 .text.gfxGetFramebuffer.part.0
                0x0000000000108dc4       0x58 C:/Users/Yacine-ASUS/Documents/workspace/DEV/devkitPro/libctru/lib\libctru.a(gfx.o)
 .text.gfxIs3D  0x0000000000108e1c       0x10 C:/Users/Yacine-ASUS/Documents/workspace/DEV/devkitPro/libctru/lib\libctru.a(gfx.o)
                0x0000000000108e1c                gfxIs3D
 .text.__get_bytes_per_pixel
                0x0000000000108e2c       0x18 C:/Users/Yacine-ASUS/Documents/workspace/DEV/devkitPro/libctru/lib\libctru.a(gfx.o)
                0x0000000000108e2c                __get_bytes_per_pixel
 .text.gfxSetScreenFormat
                0x0000000000108e44      0x184 C:/Users/Yacine-ASUS/Documents/workspace/DEV/devkitPro/libctru/lib\libctru.a(gfx.o)
                0x0000000000108e44                gfxSetScreenFormat
 .text.gfxInit  0x0000000000108fc8      0x214 C:/Users/Yacine-ASUS/Documents/workspace/DEV/devkitPro/libctru/lib\libctru.a(gfx.o)
                0x0000000000108fc8                gfxInit
 .text.gfxInitDefault
                0x00000000001091dc       0x10 C:/Users/Yacine-ASUS/Documents/workspace/DEV/devkitPro/libctru/lib\libctru.a(gfx.o)
                0x00000000001091dc                gfxInitDefault
 .text.gfxExit  0x00000000001091ec       0xe0 C:/Users/Yacine-ASUS/Documents/workspace/DEV/devkitPro/libctru/lib\libctru.a(gfx.o)
                0x00000000001091ec                gfxExit
 .text.gfxGetFramebuffer
                0x00000000001092cc       0x64 C:/Users/Yacine-ASUS/Documents/workspace/DEV/devkitPro/libctru/lib\libctru.a(gfx.o)
                0x00000000001092cc                gfxGetFramebuffer
 .text.gfxConfigScreen
                0x0000000000109330       0xf4 C:/Users/Yacine-ASUS/Documents/workspace/DEV/devkitPro/libctru/lib\libctru.a(gfx.o)
                0x0000000000109330                gfxConfigScreen
 .text.shaderInstanceInit
                0x0000000000109424      0x1f0 C:/Users/Yacine-ASUS/Documents/workspace/DEV/devkitPro/libctru/lib\libctru.a(shaderProgram.o)
                0x0000000000109424                shaderInstanceInit
 .text.shaderInstanceFree
                0x0000000000109614       0x34 C:/Users/Yacine-ASUS/Documents/workspace/DEV/devkitPro/libctru/lib\libctru.a(shaderProgram.o)
                0x0000000000109614                shaderInstanceFree
 .text.shaderInstanceGetUniformLocation
                0x0000000000109648       0x18 C:/Users/Yacine-ASUS/Documents/workspace/DEV/devkitPro/libctru/lib\libctru.a(shaderProgram.o)
                0x0000000000109648                shaderInstanceGetUniformLocation
 .text.shaderProgramInit
                0x0000000000109660       0x18 C:/Users/Yacine-ASUS/Documents/workspace/DEV/devkitPro/libctru/lib\libctru.a(shaderProgram.o)
                0x0000000000109660                shaderProgramInit
 .text.shaderProgramFree
                0x0000000000109678       0x2c C:/Users/Yacine-ASUS/Documents/workspace/DEV/devkitPro/libctru/lib\libctru.a(shaderProgram.o)
                0x0000000000109678                shaderProgramFree
 .text.shaderProgramSetVsh
                0x00000000001096a4       0x6c C:/Users/Yacine-ASUS/Documents/workspace/DEV/devkitPro/libctru/lib\libctru.a(shaderProgram.o)
                0x00000000001096a4                shaderProgramSetVsh
 .text.shaderProgramConfigure
                0x0000000000109710      0x8b4 C:/Users/Yacine-ASUS/Documents/workspace/DEV/devkitPro/libctru/lib\libctru.a(shaderProgram.o)
                0x0000000000109710                shaderProgramConfigure
 .text.DVLE_GenerateOutmap.part.0
                0x0000000000109fc4      0x1f8 C:/Users/Yacine-ASUS/Documents/workspace/DEV/devkitPro/libctru/lib\libctru.a(shbin.o)
 .text.DVLB_ParseFile
                0x000000000010a1bc      0x1c8 C:/Users/Yacine-ASUS/Documents/workspace/DEV/devkitPro/libctru/lib\libctru.a(shbin.o)
                0x000000000010a1bc                DVLB_ParseFile
 .text.DVLB_Free
                0x000000000010a384       0x38 C:/Users/Yacine-ASUS/Documents/workspace/DEV/devkitPro/libctru/lib\libctru.a(shbin.o)
                0x000000000010a384                DVLB_Free
 .text.DVLE_GetUniformRegister
                0x000000000010a3bc       0x78 C:/Users/Yacine-ASUS/Documents/workspace/DEV/devkitPro/libctru/lib\libctru.a(shbin.o)
                0x000000000010a3bc                DVLE_GetUniformRegister
 .text.submitGxCommand
                0x000000000010a434       0x38 C:/Users/Yacine-ASUS/Documents/workspace/DEV/devkitPro/libctru/lib\libctru.a(gx.o)
 .text.GX_BindQueue
                0x000000000010a46c       0x10 C:/Users/Yacine-ASUS/Documents/workspace/DEV/devkitPro/libctru/lib\libctru.a(gx.o)
                0x000000000010a46c                GX_BindQueue
 .text.GX_ProcessCommandList
                0x000000000010a47c       0x50 C:/Users/Yacine-ASUS/Documents/workspace/DEV/devkitPro/libctru/lib\libctru.a(gx.o)
                0x000000000010a47c                GX_ProcessCommandList
 .text.GX_MemoryFill
                0x000000000010a4cc       0x54 C:/Users/Yacine-ASUS/Documents/workspace/DEV/devkitPro/libctru/lib\libctru.a(gx.o)
                0x000000000010a4cc                GX_MemoryFill
 .text.GX_DisplayTransfer
                0x000000000010a520       0x48 C:/Users/Yacine-ASUS/Documents/workspace/DEV/devkitPro/libctru/lib\libctru.a(gx.o)
                0x000000000010a520                GX_DisplayTransfer
 .text.GX_TextureCopy
                0x000000000010a568       0x4c C:/Users/Yacine-ASUS/Documents/workspace/DEV/devkitPro/libctru/lib\libctru.a(gx.o)
                0x000000000010a568                GX_TextureCopy
 .text.gxCmdQueueDoCommands.part.0
                0x000000000010a5b4       0x74 C:/Users/Yacine-ASUS/Documents/workspace/DEV/devkitPro/libctru/lib\libctru.a(gxqueue.o)
 .text.gxCmdQueueInterrupt
                0x000000000010a628       0xc8 C:/Users/Yacine-ASUS/Documents/workspace/DEV/devkitPro/libctru/lib\libctru.a(gxqueue.o)
                0x000000000010a628                gxCmdQueueInterrupt
 .text.gxCmdQueueClear
                0x000000000010a6f0       0x4c C:/Users/Yacine-ASUS/Documents/workspace/DEV/devkitPro/libctru/lib\libctru.a(gxqueue.o)
                0x000000000010a6f0                gxCmdQueueClear
 .text.gxCmdQueueAdd
                0x000000000010a73c       0xf8 C:/Users/Yacine-ASUS/Documents/workspace/DEV/devkitPro/libctru/lib\libctru.a(gxqueue.o)
                0x000000000010a73c                gxCmdQueueAdd
 .text.gxCmdQueueRun
                0x000000000010a834       0x80 C:/Users/Yacine-ASUS/Documents/workspace/DEV/devkitPro/libctru/lib\libctru.a(gxqueue.o)
                0x000000000010a834                gxCmdQueueRun
 .text.gxCmdQueueStop
                0x000000000010a8b4       0x60 C:/Users/Yacine-ASUS/Documents/workspace/DEV/devkitPro/libctru/lib\libctru.a(gxqueue.o)
                0x000000000010a8b4                gxCmdQueueStop
 .text.gxCmdQueueWait
                0x000000000010a914       0x84 C:/Users/Yacine-ASUS/Documents/workspace/DEV/devkitPro/libctru/lib\libctru.a(gxqueue.o)
                0x000000000010a914                gxCmdQueueWait
 .text.GPUCMD_Add
                0x000000000010a998      0x13c C:/Users/Yacine-ASUS/Documents/workspace/DEV/devkitPro/libctru/lib\libctru.a(gpu.o)
                0x000000000010a998                GPUCMD_Add
 .text.GPUCMD_Split
                0x000000000010aad4       0xb0 C:/Users/Yacine-ASUS/Documents/workspace/DEV/devkitPro/libctru/lib\libctru.a(gpu.o)
                0x000000000010aad4                GPUCMD_Split
 .text.f32tof16
                0x000000000010ab84       0x40 C:/Users/Yacine-ASUS/Documents/workspace/DEV/devkitPro/libctru/lib\libctru.a(gpu.o)
                0x000000000010ab84                f32tof16
 .text.f32tof24
                0x000000000010abc4       0x40 C:/Users/Yacine-ASUS/Documents/workspace/DEV/devkitPro/libctru/lib\libctru.a(gpu.o)
                0x000000000010abc4                f32tof24
 .text.f32tof31
                0x000000000010ac04       0x44 C:/Users/Yacine-ASUS/Documents/workspace/DEV/devkitPro/libctru/lib\libctru.a(gpu.o)
                0x000000000010ac04                f32tof31
 .text.gspInit  0x000000000010ac48       0x74 C:/Users/Yacine-ASUS/Documents/workspace/DEV/devkitPro/libctru/lib\libctru.a(gspgpu.o)
                0x000000000010ac48                gspInit
 .text.gspExit  0x000000000010acbc       0x3c C:/Users/Yacine-ASUS/Documents/workspace/DEV/devkitPro/libctru/lib\libctru.a(gspgpu.o)
                0x000000000010acbc                gspExit
 .text.gspSetEventCallback
                0x000000000010acf8       0x34 C:/Users/Yacine-ASUS/Documents/workspace/DEV/devkitPro/libctru/lib\libctru.a(gspgpu.o)
                0x000000000010acf8                gspSetEventCallback
 .text.gspInitEventHandler
                0x000000000010ad2c       0xa4 C:/Users/Yacine-ASUS/Documents/workspace/DEV/devkitPro/libctru/lib\libctru.a(gspgpu.o)
                0x000000000010ad2c                gspInitEventHandler
 .text.gspExitEventHandler
                0x000000000010add0       0x40 C:/Users/Yacine-ASUS/Documents/workspace/DEV/devkitPro/libctru/lib\libctru.a(gspgpu.o)
                0x000000000010add0                gspExitEventHandler
 .text.gspWaitForEvent
                0x000000000010ae10       0x50 C:/Users/Yacine-ASUS/Documents/workspace/DEV/devkitPro/libctru/lib\libctru.a(gspgpu.o)
                0x000000000010ae10                gspWaitForEvent
 .text.gspWaitForAnyEvent
                0x000000000010ae60       0x64 C:/Users/Yacine-ASUS/Documents/workspace/DEV/devkitPro/libctru/lib\libctru.a(gspgpu.o)
                0x000000000010ae60                gspWaitForAnyEvent
 .text.gspEventThreadMain
                0x000000000010aec4      0x178 C:/Users/Yacine-ASUS/Documents/workspace/DEV/devkitPro/libctru/lib\libctru.a(gspgpu.o)
 .text.gspSubmitGxCommand
                0x000000000010b03c      0x124 C:/Users/Yacine-ASUS/Documents/workspace/DEV/devkitPro/libctru/lib\libctru.a(gspgpu.o)
                0x000000000010b03c                gspSubmitGxCommand
 .text.GSPGPU_SetBufferSwap
                0x000000000010b160       0x6c C:/Users/Yacine-ASUS/Documents/workspace/DEV/devkitPro/libctru/lib\libctru.a(gspgpu.o)
                0x000000000010b160                GSPGPU_SetBufferSwap
 .text.GSPGPU_FlushDataCache
                0x000000000010b1cc       0x4c C:/Users/Yacine-ASUS/Documents/workspace/DEV/devkitPro/libctru/lib\libctru.a(gspgpu.o)
                0x000000000010b1cc                GSPGPU_FlushDataCache
 .text.GSPGPU_SetLcdForceBlack
                0x000000000010b218       0x34 C:/Users/Yacine-ASUS/Documents/workspace/DEV/devkitPro/libctru/lib\libctru.a(gspgpu.o)
                0x000000000010b218                GSPGPU_SetLcdForceBlack
 .text.GSPGPU_RegisterInterruptRelayQueue
                0x000000000010b24c       0x64 C:/Users/Yacine-ASUS/Documents/workspace/DEV/devkitPro/libctru/lib\libctru.a(gspgpu.o)
                0x000000000010b24c                GSPGPU_RegisterInterruptRelayQueue
 .text.GSPGPU_UnregisterInterruptRelayQueue
                0x000000000010b2b0       0x2c C:/Users/Yacine-ASUS/Documents/workspace/DEV/devkitPro/libctru/lib\libctru.a(gspgpu.o)
                0x000000000010b2b0                GSPGPU_UnregisterInterruptRelayQueue
 .text.GSPGPU_AcquireRight
                0x000000000010b2dc       0x48 C:/Users/Yacine-ASUS/Documents/workspace/DEV/devkitPro/libctru/lib\libctru.a(gspgpu.o)
                0x000000000010b2dc                GSPGPU_AcquireRight
 .text.GSPGPU_ReleaseRight
                0x000000000010b324       0x2c C:/Users/Yacine-ASUS/Documents/workspace/DEV/devkitPro/libctru/lib\libctru.a(gspgpu.o)
                0x000000000010b324                GSPGPU_ReleaseRight
 .text.GSPGPU_ImportDisplayCaptureInfo
                0x000000000010b350       0x80 C:/Users/Yacine-ASUS/Documents/workspace/DEV/devkitPro/libctru/lib\libctru.a(gspgpu.o)
                0x000000000010b350                GSPGPU_ImportDisplayCaptureInfo
 .text.GSPGPU_SaveVramSysArea
                0x000000000010b3d0       0x2c C:/Users/Yacine-ASUS/Documents/workspace/DEV/devkitPro/libctru/lib\libctru.a(gspgpu.o)
                0x000000000010b3d0                GSPGPU_SaveVramSysArea
 .text.GSPGPU_RestoreVramSysArea
                0x000000000010b3fc       0x2c C:/Users/Yacine-ASUS/Documents/workspace/DEV/devkitPro/libctru/lib\libctru.a(gspgpu.o)
                0x000000000010b3fc                GSPGPU_RestoreVramSysArea
 .text._aptDebug
                0x000000000010b428        0x4 C:/Users/Yacine-ASUS/Documents/workspace/DEV/devkitPro/libctru/lib\libctru.a(apt.o)
                0x000000000010b428                _aptDebug
 .text.aptSendCommand
                0x000000000010b42c      0x170 C:/Users/Yacine-ASUS/Documents/workspace/DEV/devkitPro/libctru/lib\libctru.a(apt.o)
                0x000000000010b42c                aptSendCommand
 .text.aptExitProcess
                0x000000000010b59c       0x3c C:/Users/Yacine-ASUS/Documents/workspace/DEV/devkitPro/libctru/lib\libctru.a(apt.o)
 .text.aptHook  0x000000000010b5d8       0x30 C:/Users/Yacine-ASUS/Documents/workspace/DEV/devkitPro/libctru/lib\libctru.a(apt.o)
                0x000000000010b5d8                aptHook
 .text.aptUnhook
                0x000000000010b608       0x30 C:/Users/Yacine-ASUS/Documents/workspace/DEV/devkitPro/libctru/lib\libctru.a(apt.o)
                0x000000000010b608                aptUnhook
 .text.aptSetMessageCallback
                0x000000000010b638       0x1c C:/Users/Yacine-ASUS/Documents/workspace/DEV/devkitPro/libctru/lib\libctru.a(apt.o)
                0x000000000010b638                aptSetMessageCallback
 .text.APT_InquireNotification
                0x000000000010b654       0x50 C:/Users/Yacine-ASUS/Documents/workspace/DEV/devkitPro/libctru/lib\libctru.a(apt.o)
                0x000000000010b654                APT_InquireNotification
 .text.aptEventHandler
                0x000000000010b6a4      0x194 C:/Users/Yacine-ASUS/Documents/workspace/DEV/devkitPro/libctru/lib\libctru.a(apt.o)
 .text.APT_AppletUtility
                0x000000000010b838       0x74 C:/Users/Yacine-ASUS/Documents/workspace/DEV/devkitPro/libctru/lib\libctru.a(apt.o)
                0x000000000010b838                APT_AppletUtility
 .text.aptSetSleepAllowed
                0x000000000010b8ac       0xb0 C:/Users/Yacine-ASUS/Documents/workspace/DEV/devkitPro/libctru/lib\libctru.a(apt.o)
                0x000000000010b8ac                aptSetSleepAllowed
 .text.APT_GlanceParameter
                0x000000000010b95c       0xb4 C:/Users/Yacine-ASUS/Documents/workspace/DEV/devkitPro/libctru/lib\libctru.a(apt.o)
                0x000000000010b95c                APT_GlanceParameter
 .text.APT_ReceiveParameter
                0x000000000010ba10       0xc8 C:/Users/Yacine-ASUS/Documents/workspace/DEV/devkitPro/libctru/lib\libctru.a(apt.o)
                0x000000000010ba10                APT_ReceiveParameter
 .text.aptReceiveParameter.constprop.0
                0x000000000010bad8       0xbc C:/Users/Yacine-ASUS/Documents/workspace/DEV/devkitPro/libctru/lib\libctru.a(apt.o)
 *fill*         0x000000000010bb94        0x4 
 .text.aptScreenTransfer
                0x000000000010bb98      0x1e0 C:/Users/Yacine-ASUS/Documents/workspace/DEV/devkitPro/libctru/lib\libctru.a(apt.o)
 .text.aptWaitForWakeUp
                0x000000000010bd78      0x210 C:/Users/Yacine-ASUS/Documents/workspace/DEV/devkitPro/libctru/lib\libctru.a(apt.o)
 .text.APT_SendParameter
                0x000000000010bf88       0x58 C:/Users/Yacine-ASUS/Documents/workspace/DEV/devkitPro/libctru/lib\libctru.a(apt.o)
                0x000000000010bf88                APT_SendParameter
 .text.APT_CancelParameter
                0x000000000010bfe0       0x70 C:/Users/Yacine-ASUS/Documents/workspace/DEV/devkitPro/libctru/lib\libctru.a(apt.o)
                0x000000000010bfe0                APT_CancelParameter
 .text.aptInit  0x000000000010c050      0x25c C:/Users/Yacine-ASUS/Documents/workspace/DEV/devkitPro/libctru/lib\libctru.a(apt.o)
                0x000000000010c050                aptInit
 .text.aptClearParamQueue
                0x000000000010c2ac       0x88 C:/Users/Yacine-ASUS/Documents/workspace/DEV/devkitPro/libctru/lib\libctru.a(apt.o)
 .text.aptMainLoop
                0x000000000010c334      0x264 C:/Users/Yacine-ASUS/Documents/workspace/DEV/devkitPro/libctru/lib\libctru.a(apt.o)
                0x000000000010c334                aptMainLoop
 .text.aptExit  0x000000000010c598      0x254 C:/Users/Yacine-ASUS/Documents/workspace/DEV/devkitPro/libctru/lib\libctru.a(apt.o)
                0x000000000010c598                aptExit
 .text.aptLaunchLibraryApplet
                0x000000000010c7ec       0xdc C:/Users/Yacine-ASUS/Documents/workspace/DEV/devkitPro/libctru/lib\libctru.a(apt.o)
                0x000000000010c7ec                aptLaunchLibraryApplet
 .text.APT_CheckNew3DS
                0x000000000010c8c8       0x7c C:/Users/Yacine-ASUS/Documents/workspace/DEV/devkitPro/libctru/lib\libctru.a(apt.o)
                0x000000000010c8c8                APT_CheckNew3DS
 .text.APT_GetSharedFont
                0x000000000010c944       0x48 C:/Users/Yacine-ASUS/Documents/workspace/DEV/devkitPro/libctru/lib\libctru.a(apt.o)
                0x000000000010c944                APT_GetSharedFont
 .text.hidCheckSectionUpdateTime.part.0
                0x000000000010c98c       0x28 C:/Users/Yacine-ASUS/Documents/workspace/DEV/devkitPro/libctru/lib\libctru.a(hid.o)
 .text.hidExit  0x000000000010c9b4       0xd0 C:/Users/Yacine-ASUS/Documents/workspace/DEV/devkitPro/libctru/lib\libctru.a(hid.o)
                0x000000000010c9b4                hidExit
 .text.hidScanInput
                0x000000000010ca84      0x1d8 C:/Users/Yacine-ASUS/Documents/workspace/DEV/devkitPro/libctru/lib\libctru.a(hid.o)
                0x000000000010ca84                hidScanInput
 .text.hidKeysDown
                0x000000000010cc5c       0x10 C:/Users/Yacine-ASUS/Documents/workspace/DEV/devkitPro/libctru/lib\libctru.a(hid.o)
                0x000000000010cc5c                hidKeysDown
 .text.hidTouchRead
                0x000000000010cc6c       0x18 C:/Users/Yacine-ASUS/Documents/workspace/DEV/devkitPro/libctru/lib\libctru.a(hid.o)
                0x000000000010cc6c                hidTouchRead
 .text.HIDUSER_GetHandles
                0x000000000010cc84       0x90 C:/Users/Yacine-ASUS/Documents/workspace/DEV/devkitPro/libctru/lib\libctru.a(hid.o)
                0x000000000010cc84                HIDUSER_GetHandles
 .text.hidInit  0x000000000010cd14      0x1a4 C:/Users/Yacine-ASUS/Documents/workspace/DEV/devkitPro/libctru/lib\libctru.a(hid.o)
                0x000000000010cd14                hidInit
 .text.ptmSysmInit
                0x000000000010ceb8       0x74 C:/Users/Yacine-ASUS/Documents/workspace/DEV/devkitPro/libctru/lib\libctru.a(ptmsysm.o)
                0x000000000010ceb8                ptmSysmInit
 .text.ptmSysmExit
                0x000000000010cf2c       0x3c C:/Users/Yacine-ASUS/Documents/workspace/DEV/devkitPro/libctru/lib\libctru.a(ptmsysm.o)
                0x000000000010cf2c                ptmSysmExit
 .text.PTMSYSM_ConfigureNew3DSCPU
                0x000000000010cf68       0x34 C:/Users/Yacine-ASUS/Documents/workspace/DEV/devkitPro/libctru/lib\libctru.a(ptmsysm.o)
                0x000000000010cf68                PTMSYSM_ConfigureNew3DSCPU
 .text.fsSessionForArchive.part.0
                0x000000000010cf9c       0x28 C:/Users/Yacine-ASUS/Documents/workspace/DEV/devkitPro/libctru/lib\libctru.a(fs.o)
 .text.fsInit   0x000000000010cfc4       0xc4 C:/Users/Yacine-ASUS/Documents/workspace/DEV/devkitPro/libctru/lib\libctru.a(fs.o)
                0x000000000010cfc4                fsInit
 .text.fsExit   0x000000000010d088       0x3c C:/Users/Yacine-ASUS/Documents/workspace/DEV/devkitPro/libctru/lib\libctru.a(fs.o)
                0x000000000010d088                fsExit
 .text.fsExemptFromSession
                0x000000000010d0c4       0x64 C:/Users/Yacine-ASUS/Documents/workspace/DEV/devkitPro/libctru/lib\libctru.a(fs.o)
                0x000000000010d0c4                fsExemptFromSession
 .text.fsUnexemptFromSession
                0x000000000010d128       0x5c C:/Users/Yacine-ASUS/Documents/workspace/DEV/devkitPro/libctru/lib\libctru.a(fs.o)
                0x000000000010d128                fsUnexemptFromSession
 .text.FSUSER_OpenFile
                0x000000000010d184       0xbc C:/Users/Yacine-ASUS/Documents/workspace/DEV/devkitPro/libctru/lib\libctru.a(fs.o)
                0x000000000010d184                FSUSER_OpenFile
 .text.FSUSER_OpenFileDirectly
                0x000000000010d240       0xd4 C:/Users/Yacine-ASUS/Documents/workspace/DEV/devkitPro/libctru/lib\libctru.a(fs.o)
                0x000000000010d240                FSUSER_OpenFileDirectly
 .text.FSUSER_DeleteFile
                0x000000000010d314       0xac C:/Users/Yacine-ASUS/Documents/workspace/DEV/devkitPro/libctru/lib\libctru.a(fs.o)
                0x000000000010d314                FSUSER_DeleteFile
 .text.FSUSER_RenameFile
                0x000000000010d3c0       0xe8 C:/Users/Yacine-ASUS/Documents/workspace/DEV/devkitPro/libctru/lib\libctru.a(fs.o)
                0x000000000010d3c0                FSUSER_RenameFile
 .text.FSUSER_DeleteDirectory
                0x000000000010d4a8       0xac C:/Users/Yacine-ASUS/Documents/workspace/DEV/devkitPro/libctru/lib\libctru.a(fs.o)
                0x000000000010d4a8                FSUSER_DeleteDirectory
 .text.FSUSER_CreateFile
                0x000000000010d554       0xc4 C:/Users/Yacine-ASUS/Documents/workspace/DEV/devkitPro/libctru/lib\libctru.a(fs.o)
                0x000000000010d554                FSUSER_CreateFile
 .text.FSUSER_CreateDirectory
                0x000000000010d618       0xb4 C:/Users/Yacine-ASUS/Documents/workspace/DEV/devkitPro/libctru/lib\libctru.a(fs.o)
                0x000000000010d618                FSUSER_CreateDirectory
 .text.FSUSER_RenameDirectory
                0x000000000010d6cc       0xe8 C:/Users/Yacine-ASUS/Documents/workspace/DEV/devkitPro/libctru/lib\libctru.a(fs.o)
                0x000000000010d6cc                FSUSER_RenameDirectory
 .text.FSUSER_OpenDirectory
                0x000000000010d7b4       0xa0 C:/Users/Yacine-ASUS/Documents/workspace/DEV/devkitPro/libctru/lib\libctru.a(fs.o)
                0x000000000010d7b4                FSUSER_OpenDirectory
 .text.FSUSER_OpenArchive
                0x000000000010d854       0x98 C:/Users/Yacine-ASUS/Documents/workspace/DEV/devkitPro/libctru/lib\libctru.a(fs.o)
                0x000000000010d854                FSUSER_OpenArchive
 .text.FSUSER_ControlArchive
                0x000000000010d8ec       0xa0 C:/Users/Yacine-ASUS/Documents/workspace/DEV/devkitPro/libctru/lib\libctru.a(fs.o)
                0x000000000010d8ec                FSUSER_ControlArchive
 .text.FSUSER_CloseArchive
                0x000000000010d98c       0x78 C:/Users/Yacine-ASUS/Documents/workspace/DEV/devkitPro/libctru/lib\libctru.a(fs.o)
                0x000000000010d98c                FSUSER_CloseArchive
 .text.FSUSER_GetSdmcArchiveResource
                0x000000000010da04       0x78 C:/Users/Yacine-ASUS/Documents/workspace/DEV/devkitPro/libctru/lib\libctru.a(fs.o)
                0x000000000010da04                FSUSER_GetSdmcArchiveResource
 .text.FSUSER_IsSdmcWritable
                0x000000000010da7c       0x64 C:/Users/Yacine-ASUS/Documents/workspace/DEV/devkitPro/libctru/lib\libctru.a(fs.o)
                0x000000000010da7c                FSUSER_IsSdmcWritable
 .text.FSFILE_Read
                0x000000000010dae0       0x5c C:/Users/Yacine-ASUS/Documents/workspace/DEV/devkitPro/libctru/lib\libctru.a(fs.o)
                0x000000000010dae0                FSFILE_Read
 .text.FSFILE_Write
                0x000000000010db3c       0x64 C:/Users/Yacine-ASUS/Documents/workspace/DEV/devkitPro/libctru/lib\libctru.a(fs.o)
                0x000000000010db3c                FSFILE_Write
 .text.FSFILE_GetSize
                0x000000000010dba0       0x38 C:/Users/Yacine-ASUS/Documents/workspace/DEV/devkitPro/libctru/lib\libctru.a(fs.o)
                0x000000000010dba0                FSFILE_GetSize
 .text.FSFILE_SetSize
                0x000000000010dbd8       0x28 C:/Users/Yacine-ASUS/Documents/workspace/DEV/devkitPro/libctru/lib\libctru.a(fs.o)
                0x000000000010dbd8                FSFILE_SetSize
 .text.FSFILE_Close
                0x000000000010dc00       0x3c C:/Users/Yacine-ASUS/Documents/workspace/DEV/devkitPro/libctru/lib\libctru.a(fs.o)
                0x000000000010dc00                FSFILE_Close
 .text.FSFILE_Flush
                0x000000000010dc3c       0x24 C:/Users/Yacine-ASUS/Documents/workspace/DEV/devkitPro/libctru/lib\libctru.a(fs.o)
                0x000000000010dc3c                FSFILE_Flush
 .text.FSDIR_Read
                0x000000000010dc60       0x54 C:/Users/Yacine-ASUS/Documents/workspace/DEV/devkitPro/libctru/lib\libctru.a(fs.o)
                0x000000000010dc60                FSDIR_Read
 .text.FSDIR_Close
                0x000000000010dcb4       0x3c C:/Users/Yacine-ASUS/Documents/workspace/DEV/devkitPro/libctru/lib\libctru.a(fs.o)
                0x000000000010dcb4                FSDIR_Close
 .text.swkbdConvertToUTF16.part.0
                0x000000000010dcf0       0x28 C:/Users/Yacine-ASUS/Documents/workspace/DEV/devkitPro/libctru/lib\libctru.a(swkbd.o)
 .text.swkbdMessageCallback
                0x000000000010dd18      0x168 C:/Users/Yacine-ASUS/Documents/workspace/DEV/devkitPro/libctru/lib\libctru.a(swkbd.o)
 .text.swkbdInit
                0x000000000010de80       0x78 C:/Users/Yacine-ASUS/Documents/workspace/DEV/devkitPro/libctru/lib\libctru.a(swkbd.o)
                0x000000000010de80                swkbdInit
 .text.swkbdSetHintText
                0x000000000010def8       0x2c C:/Users/Yacine-ASUS/Documents/workspace/DEV/devkitPro/libctru/lib\libctru.a(swkbd.o)
                0x000000000010def8                swkbdSetHintText
 .text.swkbdSetButton
                0x000000000010df24       0x54 C:/Users/Yacine-ASUS/Documents/workspace/DEV/devkitPro/libctru/lib\libctru.a(swkbd.o)
                0x000000000010df24                swkbdSetButton
 .text.swkbdInputText
                0x000000000010df78      0x3b4 C:/Users/Yacine-ASUS/Documents/workspace/DEV/devkitPro/libctru/lib\libctru.a(swkbd.o)
                0x000000000010df78                swkbdInputText
 .text.iov_memmove
                0x000000000010e32c      0x120 C:/Users/Yacine-ASUS/Documents/workspace/DEV/devkitPro/libctru/lib\libctru.a(decompress.o)
 .text.buffer_read
                0x000000000010e44c       0xcc C:/Users/Yacine-ASUS/Documents/workspace/DEV/devkitPro/libctru/lib\libctru.a(decompress.o)
 .text.iov_read
                0x000000000010e518       0xd8 C:/Users/Yacine-ASUS/Documents/workspace/DEV/devkitPro/libctru/lib\libctru.a(decompress.o)
 .text.decompress_rle
                0x000000000010e5f0      0x1c4 C:/Users/Yacine-ASUS/Documents/workspace/DEV/devkitPro/libctru/lib\libctru.a(decompress.o)
 .text.decompress_lzss
                0x000000000010e7b4      0x268 C:/Users/Yacine-ASUS/Documents/workspace/DEV/devkitPro/libctru/lib\libctru.a(decompress.o)
 .text.decompress_huff.isra.0.part.0
                0x000000000010ea1c      0x2ec C:/Users/Yacine-ASUS/Documents/workspace/DEV/devkitPro/libctru/lib\libctru.a(decompress.o)
 .text.decompress_lz11
                0x000000000010ed08      0x440 C:/Users/Yacine-ASUS/Documents/workspace/DEV/devkitPro/libctru/lib\libctru.a(decompress.o)
 .text.decompressCallback_Stdio
                0x000000000010f148       0x10 C:/Users/Yacine-ASUS/Documents/workspace/DEV/devkitPro/libctru/lib\libctru.a(decompress.o)
                0x000000000010f148                decompressCallback_Stdio
 .text.decompressHeader
                0x000000000010f158       0xe8 C:/Users/Yacine-ASUS/Documents/workspace/DEV/devkitPro/libctru/lib\libctru.a(decompress.o)
                0x000000000010f158                decompressHeader
 .text.decompressV
                0x000000000010f240      0x23c C:/Users/Yacine-ASUS/Documents/workspace/DEV/devkitPro/libctru/lib\libctru.a(decompress.o)
                0x000000000010f240                decompressV
 .text.rbtree_init
                0x000000000010f47c       0x14 C:/Users/Yacine-ASUS/Documents/workspace/DEV/devkitPro/libctru/lib\libctru.a(rbtree_init.o)
                0x000000000010f47c                rbtree_init
 .text.do_insert
                0x000000000010f490      0x1a4 C:/Users/Yacine-ASUS/Documents/workspace/DEV/devkitPro/libctru/lib\libctru.a(rbtree_insert.o)
 .text.rbtree_insert
                0x000000000010f634        0x8 C:/Users/Yacine-ASUS/Documents/workspace/DEV/devkitPro/libctru/lib\libctru.a(rbtree_insert.o)
                0x000000000010f634                rbtree_insert
 .text.rbtree_rotate
                0x000000000010f63c       0x90 C:/Users/Yacine-ASUS/Documents/workspace/DEV/devkitPro/libctru/lib\libctru.a(rbtree_rotate.o)
                0x000000000010f63c                rbtree_rotate
 .text.rbtree_remove
                0x000000000010f6cc      0x334 C:/Users/Yacine-ASUS/Documents/workspace/DEV/devkitPro/libctru/lib\libctru.a(rbtree_remove.o)
                0x000000000010f6cc                rbtree_remove
 .text.rbtree_find
                0x000000000010fa00       0x74 C:/Users/Yacine-ASUS/Documents/workspace/DEV/devkitPro/libctru/lib\libctru.a(rbtree_find.o)
                0x000000000010fa00                rbtree_find
 .text.utf16_to_utf8
                0x000000000010fa74       0xe8 C:/Users/Yacine-ASUS/Documents/workspace/DEV/devkitPro/libctru/lib\libctru.a(utf16_to_utf8.o)
                0x000000000010fa74                utf16_to_utf8
 .text.decode_utf16
                0x000000000010fb5c       0x60 C:/Users/Yacine-ASUS/Documents/workspace/DEV/devkitPro/libctru/lib\libctru.a(decode_utf16.o)
                0x000000000010fb5c                decode_utf16
 .text.decode_utf8
                0x000000000010fbbc      0x138 C:/Users/Yacine-ASUS/Documents/workspace/DEV/devkitPro/libctru/lib\libctru.a(decode_utf8.o)
                0x000000000010fbbc                decode_utf8
 .text.utf8_to_utf16
                0x000000000010fcf4       0xc0 C:/Users/Yacine-ASUS/Documents/workspace/DEV/devkitPro/libctru/lib\libctru.a(utf8_to_utf16.o)
                0x000000000010fcf4                utf8_to_utf16
 .text.__libctru_init
                0x000000000010fdb4       0x38 C:/Users/Yacine-ASUS/Documents/workspace/DEV/devkitPro/libctru/lib\libctru.a(initSystem.o)
                0x000000000010fdb4                __libctru_init
 .text.__libctru_nanosleep
                0x000000000010fdec       0x34 C:/Users/Yacine-ASUS/Documents/workspace/DEV/devkitPro/libctru/lib\libctru.a(syscalls.o)
 .text.__ctru_get_reent
                0x000000000010fe20       0x30 C:/Users/Yacine-ASUS/Documents/workspace/DEV/devkitPro/libctru/lib\libctru.a(syscalls.o)
 .text.__system_initSyscalls
                0x000000000010fe50       0xfc C:/Users/Yacine-ASUS/Documents/workspace/DEV/devkitPro/libctru/lib\libctru.a(syscalls.o)
                0x000000000010fe50                __system_initSyscalls
 .text.__system_allocateHeaps
                0x000000000010ff4c      0x100 C:/Users/Yacine-ASUS/Documents/workspace/DEV/devkitPro/libctru/lib\libctru.a(allocateHeaps.o)
                0x000000000010ff4c                __system_allocateHeaps
 .text.__system_initArgv
                0x000000000011004c       0xf0 C:/Users/Yacine-ASUS/Documents/workspace/DEV/devkitPro/libctru/lib\libctru.a(initArgv.o)
                0x000000000011004c                __system_initArgv
 .text.svcControlMemory
                0x000000000011013c       0x20 C:/Users/Yacine-ASUS/Documents/workspace/DEV/devkitPro/libctru/lib\libctru.a(svc.o)
                0x000000000011013c                svcControlMemory
 .text.svcExitProcess
                0x000000000011015c        0x8 C:/Users/Yacine-ASUS/Documents/workspace/DEV/devkitPro/libctru/lib\libctru.a(svc.o)
                0x000000000011015c                svcExitProcess
 .text.svcCreateThread
                0x0000000000110164       0x20 C:/Users/Yacine-ASUS/Documents/workspace/DEV/devkitPro/libctru/lib\libctru.a(svc.o)
                0x0000000000110164                svcCreateThread
 .text.svcExitThread
                0x0000000000110184        0x8 C:/Users/Yacine-ASUS/Documents/workspace/DEV/devkitPro/libctru/lib\libctru.a(svc.o)
                0x0000000000110184                svcExitThread
 .text.svcSleepThread
                0x000000000011018c        0x8 C:/Users/Yacine-ASUS/Documents/workspace/DEV/devkitPro/libctru/lib\libctru.a(svc.o)
                0x000000000011018c                svcSleepThread
 .text.svcReleaseMutex
                0x0000000000110194        0x8 C:/Users/Yacine-ASUS/Documents/workspace/DEV/devkitPro/libctru/lib\libctru.a(svc.o)
                0x0000000000110194                svcReleaseMutex
 .text.svcCreateEvent
                0x000000000011019c       0x14 C:/Users/Yacine-ASUS/Documents/workspace/DEV/devkitPro/libctru/lib\libctru.a(svc.o)
                0x000000000011019c                svcCreateEvent
 .text.svcSignalEvent
                0x00000000001101b0        0x8 C:/Users/Yacine-ASUS/Documents/workspace/DEV/devkitPro/libctru/lib\libctru.a(svc.o)
                0x00000000001101b0                svcSignalEvent
 .text.svcClearEvent
                0x00000000001101b8        0x8 C:/Users/Yacine-ASUS/Documents/workspace/DEV/devkitPro/libctru/lib\libctru.a(svc.o)
                0x00000000001101b8                svcClearEvent
 .text.svcCreateMemoryBlock
                0x00000000001101c0       0x18 C:/Users/Yacine-ASUS/Documents/workspace/DEV/devkitPro/libctru/lib\libctru.a(svc.o)
                0x00000000001101c0                svcCreateMemoryBlock
 .text.svcMapMemoryBlock
                0x00000000001101d8        0x8 C:/Users/Yacine-ASUS/Documents/workspace/DEV/devkitPro/libctru/lib\libctru.a(svc.o)
                0x00000000001101d8                svcMapMemoryBlock
 .text.svcUnmapMemoryBlock
                0x00000000001101e0        0x8 C:/Users/Yacine-ASUS/Documents/workspace/DEV/devkitPro/libctru/lib\libctru.a(svc.o)
                0x00000000001101e0                svcUnmapMemoryBlock
 .text.svcCreateAddressArbiter
                0x00000000001101e8       0x14 C:/Users/Yacine-ASUS/Documents/workspace/DEV/devkitPro/libctru/lib\libctru.a(svc.o)
                0x00000000001101e8                svcCreateAddressArbiter
 .text.svcArbitrateAddress
                0x00000000001101fc       0x18 C:/Users/Yacine-ASUS/Documents/workspace/DEV/devkitPro/libctru/lib\libctru.a(svc.o)
                0x00000000001101fc                svcArbitrateAddress
 .text.svcCloseHandle
                0x0000000000110214        0x8 C:/Users/Yacine-ASUS/Documents/workspace/DEV/devkitPro/libctru/lib\libctru.a(svc.o)
                0x0000000000110214                svcCloseHandle
 .text.svcWaitSynchronization
                0x000000000011021c        0x8 C:/Users/Yacine-ASUS/Documents/workspace/DEV/devkitPro/libctru/lib\libctru.a(svc.o)
                0x000000000011021c                svcWaitSynchronization
 .text.svcWaitSynchronizationN
                0x0000000000110224       0x28 C:/Users/Yacine-ASUS/Documents/workspace/DEV/devkitPro/libctru/lib\libctru.a(svc.o)
                0x0000000000110224                svcWaitSynchronizationN
 .text.svcDuplicateHandle
                0x000000000011024c       0x14 C:/Users/Yacine-ASUS/Documents/workspace/DEV/devkitPro/libctru/lib\libctru.a(svc.o)
                0x000000000011024c                svcDuplicateHandle
 .text.svcGetSystemTick
                0x0000000000110260        0x8 C:/Users/Yacine-ASUS/Documents/workspace/DEV/devkitPro/libctru/lib\libctru.a(svc.o)
                0x0000000000110260                svcGetSystemTick
 .text.svcGetSystemInfo
                0x0000000000110268       0x18 C:/Users/Yacine-ASUS/Documents/workspace/DEV/devkitPro/libctru/lib\libctru.a(svc.o)
                0x0000000000110268                svcGetSystemInfo
 .text.svcConnectToPort
                0x0000000000110280       0x14 C:/Users/Yacine-ASUS/Documents/workspace/DEV/devkitPro/libctru/lib\libctru.a(svc.o)
                0x0000000000110280                svcConnectToPort
 .text.svcSendSyncRequest
                0x0000000000110294        0x8 C:/Users/Yacine-ASUS/Documents/workspace/DEV/devkitPro/libctru/lib\libctru.a(svc.o)
                0x0000000000110294                svcSendSyncRequest
 .text.svcBreak
                0x000000000011029c        0x8 C:/Users/Yacine-ASUS/Documents/workspace/DEV/devkitPro/libctru/lib\libctru.a(svc.o)
                0x000000000011029c                svcBreak
 .text._ZL21addrMapNodeComparatorPK11rbtree_nodeS1_
                0x00000000001102a4       0x24 C:/Users/Yacine-ASUS/Documents/workspace/DEV/devkitPro/libctru/lib\libctru.a(mappable.o)
 .text._ZL21addrMapNodeDestructorP11rbtree_node
                0x00000000001102c8        0x4 C:/Users/Yacine-ASUS/Documents/workspace/DEV/devkitPro/libctru/lib\libctru.a(mappable.o)
 .text.mappableAlloc
                0x00000000001102cc       0xe8 C:/Users/Yacine-ASUS/Documents/workspace/DEV/devkitPro/libctru/lib\libctru.a(mappable.o)
                0x00000000001102cc                mappableAlloc
 .text.mappableFree
                0x00000000001103b4       0x54 C:/Users/Yacine-ASUS/Documents/workspace/DEV/devkitPro/libctru/lib\libctru.a(mappable.o)
                0x00000000001103b4                mappableFree
 .text.LightLock_Unlock.part.0
                0x0000000000110408       0x38 C:/Users/Yacine-ASUS/Documents/workspace/DEV/devkitPro/libctru/lib\libctru.a(synchronization.o)
 .text.__sync_init
                0x0000000000110440        0xc C:/Users/Yacine-ASUS/Documents/workspace/DEV/devkitPro/libctru/lib\libctru.a(synchronization.o)
                0x0000000000110440                __sync_init
 .text.__sync_fini
                0x000000000011044c       0x18 C:/Users/Yacine-ASUS/Documents/workspace/DEV/devkitPro/libctru/lib\libctru.a(synchronization.o)
                0x000000000011044c                __sync_fini
 .text.__sync_get_arbiter
                0x0000000000110464       0x10 C:/Users/Yacine-ASUS/Documents/workspace/DEV/devkitPro/libctru/lib\libctru.a(synchronization.o)
                0x0000000000110464                __sync_get_arbiter
 .text.LightLock_Init
                0x0000000000110474       0x18 C:/Users/Yacine-ASUS/Documents/workspace/DEV/devkitPro/libctru/lib\libctru.a(synchronization.o)
                0x0000000000110474                LightLock_Init
 .text.LightLock_Lock
                0x000000000011048c       0x90 C:/Users/Yacine-ASUS/Documents/workspace/DEV/devkitPro/libctru/lib\libctru.a(synchronization.o)
                0x000000000011048c                LightLock_Lock
 .text.LightLock_TryLock
                0x000000000011051c       0x34 C:/Users/Yacine-ASUS/Documents/workspace/DEV/devkitPro/libctru/lib\libctru.a(synchronization.o)
                0x000000000011051c                LightLock_TryLock
 .text.LightLock_Unlock
                0x0000000000110550       0x20 C:/Users/Yacine-ASUS/Documents/workspace/DEV/devkitPro/libctru/lib\libctru.a(synchronization.o)
                0x0000000000110550                LightLock_Unlock
 .text.RecursiveLock_Init
                0x0000000000110570       0x24 C:/Users/Yacine-ASUS/Documents/workspace/DEV/devkitPro/libctru/lib\libctru.a(synchronization.o)
                0x0000000000110570                RecursiveLock_Init
 .text.RecursiveLock_Lock
                0x0000000000110594       0x30 C:/Users/Yacine-ASUS/Documents/workspace/DEV/devkitPro/libctru/lib\libctru.a(synchronization.o)
                0x0000000000110594                RecursiveLock_Lock
 .text.RecursiveLock_TryLock
                0x00000000001105c4       0x58 C:/Users/Yacine-ASUS/Documents/workspace/DEV/devkitPro/libctru/lib\libctru.a(synchronization.o)
                0x00000000001105c4                RecursiveLock_TryLock
 .text.RecursiveLock_Unlock
                0x000000000011061c       0x38 C:/Users/Yacine-ASUS/Documents/workspace/DEV/devkitPro/libctru/lib\libctru.a(synchronization.o)
                0x000000000011061c                RecursiveLock_Unlock
 .text.LightEvent_Init
                0x0000000000110654       0x38 C:/Users/Yacine-ASUS/Documents/workspace/DEV/devkitPro/libctru/lib\libctru.a(synchronization.o)
                0x0000000000110654                LightEvent_Init
 .text.LightEvent_Clear
                0x000000000011068c       0x7c C:/Users/Yacine-ASUS/Documents/workspace/DEV/devkitPro/libctru/lib\libctru.a(synchronization.o)
                0x000000000011068c                LightEvent_Clear
 .text.LightEvent_Signal
                0x0000000000110708       0xdc C:/Users/Yacine-ASUS/Documents/workspace/DEV/devkitPro/libctru/lib\libctru.a(synchronization.o)
                0x0000000000110708                LightEvent_Signal
 .text.LightEvent_Wait
                0x00000000001107e4       0xc0 C:/Users/Yacine-ASUS/Documents/workspace/DEV/devkitPro/libctru/lib\libctru.a(synchronization.o)
                0x00000000001107e4                LightEvent_Wait
 .text.envGetHandle
                0x00000000001108a4       0x84 C:/Users/Yacine-ASUS/Documents/workspace/DEV/devkitPro/libctru/lib\libctru.a(env.o)
                0x00000000001108a4                envGetHandle
 .text.envDestroyHandles
                0x0000000000110928       0x4c C:/Users/Yacine-ASUS/Documents/workspace/DEV/devkitPro/libctru/lib\libctru.a(env.o)
                0x0000000000110928                envDestroyHandles
 .text.srvExit  0x0000000000110974       0x58 C:/Users/Yacine-ASUS/Documents/workspace/DEV/devkitPro/libctru/lib\libctru.a(srv.o)
                0x0000000000110974                srvExit
 .text.srvRegisterClient
                0x00000000001109cc       0x38 C:/Users/Yacine-ASUS/Documents/workspace/DEV/devkitPro/libctru/lib\libctru.a(srv.o)
                0x00000000001109cc                srvRegisterClient
 .text.srvInit  0x0000000000110a04       0xcc C:/Users/Yacine-ASUS/Documents/workspace/DEV/devkitPro/libctru/lib\libctru.a(srv.o)
                0x0000000000110a04                srvInit
 .text.srvGetServiceHandleDirect
                0x0000000000110ad0       0x80 C:/Users/Yacine-ASUS/Documents/workspace/DEV/devkitPro/libctru/lib\libctru.a(srv.o)
                0x0000000000110ad0                srvGetServiceHandleDirect
 .text.srvGetServiceHandle
                0x0000000000110b50       0x48 C:/Users/Yacine-ASUS/Documents/workspace/DEV/devkitPro/libctru/lib\libctru.a(srv.o)
                0x0000000000110b50                srvGetServiceHandle
 .text.threadFree.part.0
                0x0000000000110b98       0x1c C:/Users/Yacine-ASUS/Documents/workspace/DEV/devkitPro/libctru/lib\libctru.a(thread.o)
 .text.threadCreate
                0x0000000000110bb4      0x180 C:/Users/Yacine-ASUS/Documents/workspace/DEV/devkitPro/libctru/lib\libctru.a(thread.o)
                0x0000000000110bb4                threadCreate
 .text.threadJoin
                0x0000000000110d34       0x24 C:/Users/Yacine-ASUS/Documents/workspace/DEV/devkitPro/libctru/lib\libctru.a(thread.o)
                0x0000000000110d34                threadJoin
 .text.threadExit
                0x0000000000110d58       0x68 C:/Users/Yacine-ASUS/Documents/workspace/DEV/devkitPro/libctru/lib\libctru.a(thread.o)
                0x0000000000110d58                threadExit
 .text._thread_begin
                0x0000000000110dc0       0x48 C:/Users/Yacine-ASUS/Documents/workspace/DEV/devkitPro/libctru/lib\libctru.a(thread.o)
 .text.irrstScanInput
                0x0000000000110e08       0xac C:/Users/Yacine-ASUS/Documents/workspace/DEV/devkitPro/libctru/lib\libctru.a(irrst.o)
                0x0000000000110e08                irrstScanInput
 .text.irrstKeysHeld
                0x0000000000110eb4       0x24 C:/Users/Yacine-ASUS/Documents/workspace/DEV/devkitPro/libctru/lib\libctru.a(irrst.o)
                0x0000000000110eb4                irrstKeysHeld
 .text.IRRST_GetHandles
                0x0000000000110ed8       0x50 C:/Users/Yacine-ASUS/Documents/workspace/DEV/devkitPro/libctru/lib\libctru.a(irrst.o)
                0x0000000000110ed8                IRRST_GetHandles
 .text.irrstInit
                0x0000000000110f28      0x154 C:/Users/Yacine-ASUS/Documents/workspace/DEV/devkitPro/libctru/lib\libctru.a(irrst.o)
                0x0000000000110f28                irrstInit
 .text.IRRST_Shutdown
                0x000000000011107c       0x2c C:/Users/Yacine-ASUS/Documents/workspace/DEV/devkitPro/libctru/lib\libctru.a(irrst.o)
                0x000000000011107c                IRRST_Shutdown
 .text.irrstExit
                0x00000000001110a8       0xac C:/Users/Yacine-ASUS/Documents/workspace/DEV/devkitPro/libctru/lib\libctru.a(irrst.o)
                0x00000000001110a8                irrstExit
 .text.srvPmGetSessionHandle
                0x0000000000111154        0xc C:/Users/Yacine-ASUS/Documents/workspace/DEV/devkitPro/libctru/lib\libctru.a(srvpm.o)
                0x0000000000111154                srvPmGetSessionHandle
 .text.rbtree_node_next
                0x0000000000111160       0x50 C:/Users/Yacine-ASUS/Documents/workspace/DEV/devkitPro/libctru/lib\libctru.a(rbtree_iterator.o)
                0x0000000000111160                rbtree_node_next
 .text.encode_utf16
                0x00000000001111b0       0x68 C:/Users/Yacine-ASUS/Documents/workspace/DEV/devkitPro/libctru/lib\libctru.a(encode_utf16.o)
                0x00000000001111b0                encode_utf16
 .text.encode_utf8
                0x0000000000111218      0x104 C:/Users/Yacine-ASUS/Documents/workspace/DEV/devkitPro/libctru/lib\libctru.a(encode_utf8.o)
                0x0000000000111218                encode_utf8
 .text.__appInit
                0x000000000011131c       0x1c C:/Users/Yacine-ASUS/Documents/workspace/DEV/devkitPro/libctru/lib\libctru.a(appInit.o)
                0x000000000011131c                __appInit
 .text.__appExit
                0x0000000000111338       0x1c C:/Users/Yacine-ASUS/Documents/workspace/DEV/devkitPro/libctru/lib\libctru.a(appExit.o)
                0x0000000000111338                __appExit
 .text.__libctru_exit
                0x0000000000111354       0xa0 C:/Users/Yacine-ASUS/Documents/workspace/DEV/devkitPro/libctru/lib\libctru.a(ctru_exit.o)
                0x0000000000111354                __libctru_exit
 .text.sdmc_link
                0x00000000001113f4       0x14 C:/Users/Yacine-ASUS/Documents/workspace/DEV/devkitPro/libctru/lib\libctru.a(sdmc_dev.o)
 .text.sdmc_dirreset
                0x0000000000111408       0x14 C:/Users/Yacine-ASUS/Documents/workspace/DEV/devkitPro/libctru/lib\libctru.a(sdmc_dev.o)
 .text.sdmc_chmod
                0x000000000011141c       0x14 C:/Users/Yacine-ASUS/Documents/workspace/DEV/devkitPro/libctru/lib\libctru.a(sdmc_dev.o)
 .text.error_cmp
                0x0000000000111430       0x24 C:/Users/Yacine-ASUS/Documents/workspace/DEV/devkitPro/libctru/lib\libctru.a(sdmc_dev.o)
 .text.sdmc_translate_error
                0x0000000000111454       0x50 C:/Users/Yacine-ASUS/Documents/workspace/DEV/devkitPro/libctru/lib\libctru.a(sdmc_dev.o)
 .text.sdmc_fsync
                0x00000000001114a4       0x34 C:/Users/Yacine-ASUS/Documents/workspace/DEV/devkitPro/libctru/lib\libctru.a(sdmc_dev.o)
 .text.sdmc_ftruncate
                0x00000000001114d8       0x54 C:/Users/Yacine-ASUS/Documents/workspace/DEV/devkitPro/libctru/lib\libctru.a(sdmc_dev.o)
 .text.sdmc_statvfs
                0x000000000011152c       0xbc C:/Users/Yacine-ASUS/Documents/workspace/DEV/devkitPro/libctru/lib\libctru.a(sdmc_dev.o)
 .text.sdmc_dirclose
                0x00000000001115e8       0x38 C:/Users/Yacine-ASUS/Documents/workspace/DEV/devkitPro/libctru/lib\libctru.a(sdmc_dev.o)
 .text.sdmc_dirnext
                0x0000000000111620      0x13c C:/Users/Yacine-ASUS/Documents/workspace/DEV/devkitPro/libctru/lib\libctru.a(sdmc_dev.o)
 .text.sdmc_close
                0x000000000011175c       0x34 C:/Users/Yacine-ASUS/Documents/workspace/DEV/devkitPro/libctru/lib\libctru.a(sdmc_dev.o)
 .text.sdmc_fstat
                0x0000000000111790       0x70 C:/Users/Yacine-ASUS/Documents/workspace/DEV/devkitPro/libctru/lib\libctru.a(sdmc_dev.o)
 .text.sdmc_seek
                0x0000000000111800       0xd4 C:/Users/Yacine-ASUS/Documents/workspace/DEV/devkitPro/libctru/lib\libctru.a(sdmc_dev.o)
 .text.sdmc_read
                0x00000000001118d4       0x78 C:/Users/Yacine-ASUS/Documents/workspace/DEV/devkitPro/libctru/lib\libctru.a(sdmc_dev.o)
 .text.sdmc_write
                0x000000000011194c       0xac C:/Users/Yacine-ASUS/Documents/workspace/DEV/devkitPro/libctru/lib\libctru.a(sdmc_dev.o)
 .text.sdmc_utf16path
                0x00000000001119f8      0x1b0 C:/Users/Yacine-ASUS/Documents/workspace/DEV/devkitPro/libctru/lib\libctru.a(sdmc_dev.o)
 .text.sdmc_rmdir
                0x0000000000111ba8       0x74 C:/Users/Yacine-ASUS/Documents/workspace/DEV/devkitPro/libctru/lib\libctru.a(sdmc_dev.o)
 .text.sdmc_diropen
                0x0000000000111c1c       0xa4 C:/Users/Yacine-ASUS/Documents/workspace/DEV/devkitPro/libctru/lib\libctru.a(sdmc_dev.o)
 .text.sdmc_chdir
                0x0000000000111cc0       0xac C:/Users/Yacine-ASUS/Documents/workspace/DEV/devkitPro/libctru/lib\libctru.a(sdmc_dev.o)
 .text.sdmc_mkdir
                0x0000000000111d6c       0x98 C:/Users/Yacine-ASUS/Documents/workspace/DEV/devkitPro/libctru/lib\libctru.a(sdmc_dev.o)
 .text.sdmc_rename
                0x0000000000111e04      0x108 C:/Users/Yacine-ASUS/Documents/workspace/DEV/devkitPro/libctru/lib\libctru.a(sdmc_dev.o)
 .text.sdmc_unlink
                0x0000000000111f0c       0x74 C:/Users/Yacine-ASUS/Documents/workspace/DEV/devkitPro/libctru/lib\libctru.a(sdmc_dev.o)
 .text.sdmc_stat
                0x0000000000111f80      0x108 C:/Users/Yacine-ASUS/Documents/workspace/DEV/devkitPro/libctru/lib\libctru.a(sdmc_dev.o)
 .text.sdmc_open
                0x0000000000112088      0x198 C:/Users/Yacine-ASUS/Documents/workspace/DEV/devkitPro/libctru/lib\libctru.a(sdmc_dev.o)
 .text.sdmc_fchmod