Archive member included to satisfy reference by file (symbol)

E:/DEV/devkitPro/libctru/lib\libctru.a(console.o)
                              main.o (consoleInit)
E:/DEV/devkitPro/libctru/lib\libctru.a(gfx.o)
                              E:/DEV/devkitPro/libctru/lib\libctru.a(console.o) (gfxSetScreenFormat)
E:/DEV/devkitPro/libctru/lib\libctru.a(gx.o)
                              E:/DEV/devkitPro/libctru/lib\libctru.a(gfx.o) (gxCmdBuf)
E:/DEV/devkitPro/libctru/lib\libctru.a(gspgpu.o)
                              E:/DEV/devkitPro/libctru/lib\libctru.a(gfx.o) (gspInit)
E:/DEV/devkitPro/libctru/lib\libctru.a(apt.o)
                              main.o (aptMainLoop)
E:/DEV/devkitPro/libctru/lib\libctru.a(hid.o)
                              main.o (hidScanInput)
E:/DEV/devkitPro/libctru/lib\libctru.a(swkbd.o)
                              main.o (swkbdInit)
E:/DEV/devkitPro/libctru/lib\libctru.a(utf16_to_utf8.o)
                              E:/DEV/devkitPro/libctru/lib\libctru.a(swkbd.o) (utf16_to_utf8)
E:/DEV/devkitPro/libctru/lib\libctru.a(decode_utf16.o)
                              E:/DEV/devkitPro/libctru/lib\libctru.a(utf16_to_utf8.o) (decode_utf16)
E:/DEV/devkitPro/libctru/lib\libctru.a(utf8_to_utf16.o)
                              E:/DEV/devkitPro/libctru/lib\libctru.a(swkbd.o) (utf8_to_utf16)
E:/DEV/devkitPro/libctru/lib\libctru.a(initSystem.o)
                              E:/DEV/devkitPro/libctru/lib\libctru.a(apt.o) (__system_retAddr)
E:/DEV/devkitPro/libctru/lib\libctru.a(syscalls.o)
                              E:/DEV/devkitPro/libctru/lib\libctru.a(initSystem.o) (__system_initSyscalls)
E:/DEV/devkitPro/libctru/lib\libctru.a(allocateHeaps.o)
                              E:/DEV/devkitPro/libctru/lib\libctru.a(initSystem.o) (__system_allocateHeaps)
E:/DEV/devkitPro/libctru/lib\libctru.a(initArgv.o)
                              E:/DEV/devkitPro/libctru/lib\libctru.a(initSystem.o) (__system_initArgv)
E:/DEV/devkitPro/libctru/lib\libctru.a(svc.o)
                              E:/DEV/devkitPro/libctru/lib\libctru.a(allocateHeaps.o) (svcControlMemory)
E:/DEV/devkitPro/libctru/lib\libctru.a(stack_adjust.o)
                              e:/dev/devkitpro/devkitarm/bin/../lib/gcc/arm-none-eabi/9.1.0/../../../../arm-none-eabi/lib/armv6k/fpu/3dsx_crt0.o (initSystem)
E:/DEV/devkitPro/libctru/lib\libctru.a(default_font.bin.o)
                              E:/DEV/devkitPro/libctru/lib\libctru.a(console.o) (default_font_bin)
E:/DEV/devkitPro/libctru/lib\libctru.a(vram.o)
                              E:/DEV/devkitPro/libctru/lib\libctru.a(gfx.o) (vramAlloc)
E:/DEV/devkitPro/libctru/lib\libctru.a(mappable.o)
                              E:/DEV/devkitPro/libctru/lib\libctru.a(gfx.o) (mappableAlloc)
E:/DEV/devkitPro/libctru/lib\libctru.a(linear.o)
                              E:/DEV/devkitPro/libctru/lib\libctru.a(gfx.o) (linearAlloc)
E:/DEV/devkitPro/libctru/lib\libctru.a(mem_pool.o)
                              E:/DEV/devkitPro/libctru/lib\libctru.a(vram.o) (MemPool::Allocate(MemChunk&, unsigned long, int))
E:/DEV/devkitPro/libctru/lib\libctru.a(synchronization.o)
                              E:/DEV/devkitPro/libctru/lib\libctru.a(initSystem.o) (__sync_init)
E:/DEV/devkitPro/libctru/lib\libctru.a(os.o)
                              E:/DEV/devkitPro/libctru/lib\libctru.a(allocateHeaps.o) (osGetMemRegionUsed)
E:/DEV/devkitPro/libctru/lib\libctru.a(srv.o)
                              E:/DEV/devkitPro/libctru/lib\libctru.a(apt.o) (srvInit)
E:/DEV/devkitPro/libctru/lib\libctru.a(thread.o)
                              E:/DEV/devkitPro/libctru/lib\libctru.a(gspgpu.o) (threadCreate)
E:/DEV/devkitPro/libctru/lib\libctru.a(irrst.o)
                              E:/DEV/devkitPro/libctru/lib\libctru.a(hid.o) (irrstScanInput)
E:/DEV/devkitPro/libctru/lib\libctru.a(srvpm.o)
                              E:/DEV/devkitPro/libctru/lib\libctru.a(srv.o) (srvPmGetSessionHandle)
E:/DEV/devkitPro/libctru/lib\libctru.a(ptmsysm.o)
                              E:/DEV/devkitPro/libctru/lib\libctru.a(os.o) (ptmSysmInit)
E:/DEV/devkitPro/libctru/lib\libctru.a(rbtree_init.o)
                              E:/DEV/devkitPro/libctru/lib\libctru.a(vram.o) (rbtree_init)
E:/DEV/devkitPro/libctru/lib\libctru.a(rbtree_insert.o)
                              E:/DEV/devkitPro/libctru/lib\libctru.a(vram.o) (rbtree_insert)
E:/DEV/devkitPro/libctru/lib\libctru.a(rbtree_rotate.o)
                              E:/DEV/devkitPro/libctru/lib\libctru.a(rbtree_insert.o) (rbtree_rotate)
E:/DEV/devkitPro/libctru/lib\libctru.a(rbtree_remove.o)
                              E:/DEV/devkitPro/libctru/lib\libctru.a(vram.o) (rbtree_remove)
E:/DEV/devkitPro/libctru/lib\libctru.a(rbtree_find.o)
                              E:/DEV/devkitPro/libctru/lib\libctru.a(vram.o) (rbtree_find)
E:/DEV/devkitPro/libctru/lib\libctru.a(encode_utf16.o)
                              E:/DEV/devkitPro/libctru/lib\libctru.a(utf8_to_utf16.o) (encode_utf16)
[...]
Memory Configuration

Name             Origin             Length             Attributes
*default*        0x0000000000000000 0xffffffffffffffff

Linker script and memory map

                0x0000000000100000                PROVIDE (__start__ = 0x100000)
                0x0000000000100000                . = __start__

.text           0x0000000000100000    0x23144
 *(.crt0)
 .crt0          0x0000000000100000       0x94 e:/dev/devkitpro/devkitarm/bin/../lib/gcc/arm-none-eabi/9.1.0/../../../../arm-none-eabi/lib/armv6k/fpu/3dsx_crt0.o
                0x0000000000100000                _start
                0x0000000000100008                __service_ptr
                0x000000000010000c                __apt_appid
                0x0000000000100010                __heap_size
                0x0000000000100014                __linear_heap_size
                0x0000000000100018                __system_arglist
                0x000000000010001c                __system_runflags
 *(.init)
 .init          0x0000000000100094        0xc e:/dev/devkitpro/devkitarm/bin/../lib/gcc/arm-none-eabi/9.1.0/armv6k/fpu/crti.o
                0x0000000000100094                _init
 .init          0x00000000001000a0        0xc e:/dev/devkitpro/devkitarm/bin/../lib/gcc/arm-none-eabi/9.1.0/armv6k/fpu/crtn.o
                0x00000000001000ac                . = ALIGN (0x4)
 *(.text)
 .text          0x00000000001000ac       0x64 E:/DEV/devkitPro/libctru/lib\libctru.a(stack_adjust.o)
                0x00000000001000ac                initSystem
                0x00000000001000f0                __ctru_exit
 .text          0x0000000000100110      0x240 e:/dev/devkitpro/devkitarm/bin/../lib/gcc/arm-none-eabi/9.1.0/armv6k/fpu\libgcc.a(_divsi3.o)
                0x0000000000100110                __divsi3
                0x0000000000100110                __aeabi_idiv
                0x0000000000100330                __aeabi_idivmod
 .text          0x0000000000100350        0x4 e:/dev/devkitpro/devkitarm/bin/../lib/gcc/arm-none-eabi/9.1.0/armv6k/fpu\libgcc.a(_dvmd_tls.o)
                0x0000000000100350                __aeabi_idiv0
                0x0000000000100350                __aeabi_ldiv0
 .text          0x0000000000100354       0x3c e:/dev/devkitpro/devkitarm/bin/../lib/gcc/arm-none-eabi/9.1.0/armv6k/fpu\libgcc.a(_aeabi_uldivmod.o)
                0x0000000000100354                __aeabi_uldivmod
 .text          0x0000000000100390      0x1a8 e:/dev/devkitpro/devkitarm/bin/../lib/gcc/arm-none-eabi/9.1.0/armv6k/fpu\libgcc.a(libunwind.o)
                0x0000000000100390                __restore_core_regs
                0x0000000000100390                restore_core_regs
                0x00000000001003a4                __gnu_Unwind_Restore_VFP
                0x00000000001003ac                __gnu_Unwind_Save_VFP
                0x00000000001003b4                __gnu_Unwind_Restore_VFP_D
                0x00000000001003bc                __gnu_Unwind_Save_VFP_D
                0x00000000001003c4                __gnu_Unwind_Restore_VFP_D_16_to_31
                0x00000000001003cc                __gnu_Unwind_Save_VFP_D_16_to_31
                0x00000000001003d4                __gnu_Unwind_Restore_WMMXD
                0x0000000000100418                __gnu_Unwind_Save_WMMXD
                0x000000000010045c                __gnu_Unwind_Restore_WMMXC
                0x0000000000100470                __gnu_Unwind_Save_WMMXC
                0x0000000000100484                ___Unwind_RaiseException
                0x0000000000100484                _Unwind_RaiseException
                0x00000000001004a8                _Unwind_Resume
                0x00000000001004a8                ___Unwind_Resume
                0x00000000001004cc                _Unwind_Resume_or_Rethrow
                0x00000000001004cc                ___Unwind_Resume_or_Rethrow
                0x00000000001004f0                _Unwind_ForcedUnwind
                0x00000000001004f0                ___Unwind_ForcedUnwind
                0x0000000000100514                ___Unwind_Backtrace
                0x0000000000100514                _Unwind_Backtrace
 *fill*         0x0000000000100538        0x8 
 .text          0x0000000000100540      0x390 e:/dev/devkitpro/devkitarm/bin/../lib/gcc/arm-none-eabi/9.1.0/../../../../arm-none-eabi/lib/armv6k/fpu\libg.a(lib_a-strcmp.o)
                0x0000000000100548                strcmp
 .text          0x00000000001008d0      0x20c e:/dev/devkitpro/devkitarm/bin/../lib/gcc/arm-none-eabi/9.1.0/armv6k/fpu\libgcc.a(_udivsi3.o)
                0x00000000001008d0                __aeabi_uidiv
                0x00000000001008d0                __udivsi3
                0x0000000000100abc                __aeabi_uidivmod
 .text          0x0000000000100adc      0x3c0 e:/dev/devkitpro/devkitarm/bin/../lib/gcc/arm-none-eabi/9.1.0/armv6k/fpu\libgcc.a(_arm_addsubdf3.o)
                0x0000000000100adc                __aeabi_drsub
                0x0000000000100ae4                __aeabi_dsub
                0x0000000000100ae4                __subdf3
                0x0000000000100ae8                __aeabi_dadd
                0x0000000000100ae8                __adddf3
                0x0000000000100d94                __floatunsidf
                0x0000000000100d94                __aeabi_ui2d
                0x0000000000100db8                __floatsidf
                0x0000000000100db8                __aeabi_i2d
                0x0000000000100de0                __aeabi_f2d
                0x0000000000100de0                __extendsfdf2
                0x0000000000100e28                __floatundidf
                0x0000000000100e28                __aeabi_ul2d
                0x0000000000100e3c                __floatdidf
                0x0000000000100e3c                __aeabi_l2d
 *(.text.*)
 .text.deregister_tm_clones
                0x0000000000100e9c       0x2c e:/dev/devkitpro/devkitarm/bin/../lib/gcc/arm-none-eabi/9.1.0/armv6k/fpu/crtbegin.o
 .text.register_tm_clones
                0x0000000000100ec8       0x38 e:/dev/devkitpro/devkitarm/bin/../lib/gcc/arm-none-eabi/9.1.0/armv6k/fpu/crtbegin.o
 .text.__do_global_dtors_aux
                0x0000000000100f00       0x44 e:/dev/devkitpro/devkitarm/bin/../lib/gcc/arm-none-eabi/9.1.0/armv6k/fpu/crtbegin.o
 .text.frame_dummy
                0x0000000000100f44       0x34 e:/dev/devkitpro/devkitarm/bin/../lib/gcc/arm-none-eabi/9.1.0/armv6k/fpu/crtbegin.o
 .text._Z13keyboardInputPcjS_
                0x0000000000100f78       0xc8 main.o
                0x0000000000100f78                keyboardInput(char*, unsigned int, char*)
 .text.startup.main
                0x0000000000101040      0x300 main.o
                0x0000000000101040                main
 .text._ZN11M2VTextPostC2EPc4DateS0_S0_
                0x0000000000101340       0x48 M2VPost.o
                0x0000000000101340                M2VTextPost::M2VTextPost(char*, Date, char*, char*)
                0x0000000000101340                M2VTextPost::M2VTextPost(char*, Date, char*, char*)
 .text._ZN11M2VTextPostD2Ev
                0x0000000000101388        0x4 M2VPost.o
                0x0000000000101388                M2VTextPost::~M2VTextPost()
                0x0000000000101388                M2VTextPost::~M2VTextPost()
 .text._ZN11M2VTextPost11getUsernameEv
                0x000000000010138c        0x8 M2VPost.o
                0x000000000010138c                M2VTextPost::getUsername()
 .text._ZN11M2VTextPost8getTitleEv
                0x0000000000101394        0x8 M2VPost.o
                0x0000000000101394                M2VTextPost::getTitle()
 .text._ZN11M2VTextPost7getTextEv
                0x000000000010139c        0x8 M2VPost.o
                0x000000000010139c                M2VTextPost::getText()
 .text.consoleDrawChar
                0x00000000001013a4      0x1b8 E:/DEV/devkitPro/libctru/lib\libctru.a(console.o)
                0x00000000001013a4                consoleDrawChar
 .text.consolePrintChar
                0x000000000010155c      0x124 E:/DEV/devkitPro/libctru/lib\libctru.a(console.o)
                0x000000000010155c                consolePrintChar
 .text.consoleCls
                0x0000000000101680      0x15c E:/DEV/devkitPro/libctru/lib\libctru.a(console.o)
 .text.consoleInit
                0x00000000001017dc      0x104 E:/DEV/devkitPro/libctru/lib\libctru.a(console.o)
                0x00000000001017dc                consoleInit
 .text.consoleClearLine
                0x00000000001018e0      0x10c E:/DEV/devkitPro/libctru/lib\libctru.a(console.o)
 .text.newRow   0x00000000001019ec       0xc4 E:/DEV/devkitPro/libctru/lib\libctru.a(console.o)
 .text.con_write
                0x0000000000101ab0      0x7cc E:/DEV/devkitPro/libctru/lib\libctru.a(console.o)
                0x0000000000101ab0                con_write
 .text.consoleClear
                0x000000000010227c        0xc E:/DEV/devkitPro/libctru/lib\libctru.a(console.o)
                0x000000000010227c                consoleClear
 .text.gfxSetFramebufferInfo.part.0
                0x0000000000102288       0x8c E:/DEV/devkitPro/libctru/lib\libctru.a(gfx.o)
 .text.gfxSetFramebufferInfo
                0x0000000000102314       0x6c E:/DEV/devkitPro/libctru/lib\libctru.a(gfx.o)
 .text.gfxGetFramebuffer.part.0
                0x0000000000102380       0x58 E:/DEV/devkitPro/libctru/lib\libctru.a(gfx.o)
 .text.__get_bytes_per_pixel
                0x00000000001023d8       0x18 E:/DEV/devkitPro/libctru/lib\libctru.a(gfx.o)
                0x00000000001023d8                __get_bytes_per_pixel
 .text.gfxSetScreenFormat
                0x00000000001023f0      0x184 E:/DEV/devkitPro/libctru/lib\libctru.a(gfx.o)
                0x00000000001023f0                gfxSetScreenFormat
 .text.gfxSetDoubleBuffering
                0x0000000000102574       0x10 E:/DEV/devkitPro/libctru/lib\libctru.a(gfx.o)
                0x0000000000102574                gfxSetDoubleBuffering
 .text.gfxInit  0x0000000000102584      0x214 E:/DEV/devkitPro/libctru/lib\libctru.a(gfx.o)
                0x0000000000102584                gfxInit
 .text.gfxInitDefault
                0x0000000000102798       0x10 E:/DEV/devkitPro/libctru/lib\libctru.a(gfx.o)
                0x0000000000102798                gfxInitDefault
 .text.gfxExit  0x00000000001027a8       0xe0 E:/DEV/devkitPro/libctru/lib\libctru.a(gfx.o)
                0x00000000001027a8                gfxExit
 .text.gfxGetFramebuffer
                0x0000000000102888       0x64 E:/DEV/devkitPro/libctru/lib\libctru.a(gfx.o)
                0x0000000000102888                gfxGetFramebuffer
 .text.gfxFlushBuffers
                0x00000000001028ec       0xcc E:/DEV/devkitPro/libctru/lib\libctru.a(gfx.o)
                0x00000000001028ec                gfxFlushBuffers
 .text.gfxConfigScreen
                0x00000000001029b8       0xf4 E:/DEV/devkitPro/libctru/lib\libctru.a(gfx.o)
                0x00000000001029b8                gfxConfigScreen
 .text.gfxSwapBuffers
                0x0000000000102aac       0x20 E:/DEV/devkitPro/libctru/lib\libctru.a(gfx.o)
                0x0000000000102aac                gfxSwapBuffers
 .text.gfxSwapBuffersGpu
                0x0000000000102acc       0x20 E:/DEV/devkitPro/libctru/lib\libctru.a(gfx.o)
                0x0000000000102acc                gfxSwapBuffersGpu
 .text.gspInit  0x0000000000102aec       0x74 E:/DEV/devkitPro/libctru/lib\libctru.a(gspgpu.o)
                0x0000000000102aec                gspInit
 .text.gspExit  0x0000000000102b60       0x3c E:/DEV/devkitPro/libctru/lib\libctru.a(gspgpu.o)
                0x0000000000102b60                gspExit
 .text.gspInitEventHandler
                0x0000000000102b9c       0xa4 E:/DEV/devkitPro/libctru/lib\libctru.a(gspgpu.o)
                0x0000000000102b9c                gspInitEventHandler
 .text.gspExitEventHandler
                0x0000000000102c40       0x40 E:/DEV/devkitPro/libctru/lib\libctru.a(gspgpu.o)
                0x0000000000102c40                gspExitEventHandler
 .text.gspWaitForEvent
                0x0000000000102c80       0x50 E:/DEV/devkitPro/libctru/lib\libctru.a(gspgpu.o)
                0x0000000000102c80                gspWaitForEvent
 .text.gxCmdQueueInterrupt
                0x0000000000102cd0        0x4 E:/DEV/devkitPro/libctru/lib\libctru.a(gspgpu.o)
                0x0000000000102cd0                gxCmdQueueInterrupt
 .text.gspEventThreadMain
                0x0000000000102cd4      0x178 E:/DEV/devkitPro/libctru/lib\libctru.a(gspgpu.o)
 .text.GSPGPU_SetBufferSwap
                0x0000000000102e4c       0x6c E:/DEV/devkitPro/libctru/lib\libctru.a(gspgpu.o)
                0x0000000000102e4c                GSPGPU_SetBufferSwap
 .text.GSPGPU_FlushDataCache
                0x0000000000102eb8       0x4c E:/DEV/devkitPro/libctru/lib\libctru.a(gspgpu.o)
                0x0000000000102eb8                GSPGPU_FlushDataCache
 .text.GSPGPU_SetLcdForceBlack
                0x0000000000102f04       0x34 E:/DEV/devkitPro/libctru/lib\libctru.a(gspgpu.o)
                0x0000000000102f04                GSPGPU_SetLcdForceBlack
 .text.GSPGPU_RegisterInterruptRelayQueue
                0x0000000000102f38       0x64 E:/DEV/devkitPro/libctru/lib\libctru.a(gspgpu.o)
                0x0000000000102f38                GSPGPU_RegisterInterruptRelayQueue
 .text.GSPGPU_UnregisterInterruptRelayQueue
                0x0000000000102f9c       0x2c E:/DEV/devkitPro/libctru/lib\libctru.a(gspgpu.o)
                0x0000000000102f9c                GSPGPU_UnregisterInterruptRelayQueue
 .text.GSPGPU_AcquireRight
                0x0000000000102fc8       0x48 E:/DEV/devkitPro/libctru/lib\libctru.a(gspgpu.o)
                0x0000000000102fc8                GSPGPU_AcquireRight
 .text.GSPGPU_ReleaseRight
                0x0000000000103010       0x2c E:/DEV/devkitPro/libctru/lib\libctru.a(gspgpu.o)
                0x0000000000103010                GSPGPU_ReleaseRight
 .text.GSPGPU_ImportDisplayCaptureInfo
                0x000000000010303c       0x80 E:/DEV/devkitPro/libctru/lib\libctru.a(gspgpu.o)
                0x000000000010303c                GSPGPU_ImportDisplayCaptureInfo
 .text.GSPGPU_SaveVramSysArea
                0x00000000001030bc       0x2c E:/DEV/devkitPro/libctru/lib\libctru.a(gspgpu.o)
                0x00000000001030bc                GSPGPU_SaveVramSysArea
 .text.GSPGPU_RestoreVramSysArea
                0x00000000001030e8       0x2c E:/DEV/devkitPro/libctru/lib\libctru.a(gspgpu.o)
                0x00000000001030e8                GSPGPU_RestoreVramSysArea
 .text._aptDebug
                0x0000000000103114        0x4 E:/DEV/devkitPro/libctru/lib\libctru.a(apt.o)
                0x0000000000103114                _aptDebug
 .text.aptSendCommand
                0x0000000000103118      0x170 E:/DEV/devkitPro/libctru/lib\libctru.a(apt.o)
                0x0000000000103118                aptSendCommand
 .text.aptExitProcess
                0x0000000000103288       0x3c E:/DEV/devkitPro/libctru/lib\libctru.a(apt.o)
 .text.aptSetMessageCallback
                0x00000000001032c4       0x1c E:/DEV/devkitPro/libctru/lib\libctru.a(apt.o)
                0x00000000001032c4                aptSetMessageCallback
 .text.APT_InquireNotification
                0x00000000001032e0       0x50 E:/DEV/devkitPro/libctru/lib\libctru.a(apt.o)
                0x00000000001032e0                APT_InquireNotification
 .text.aptEventHandler
                0x0000000000103330      0x194 E:/DEV/devkitPro/libctru/lib\libctru.a(apt.o)
 .text.APT_AppletUtility
                0x00000000001034c4       0x74 E:/DEV/devkitPro/libctru/lib\libctru.a(apt.o)
                0x00000000001034c4                APT_AppletUtility
 .text.aptSetSleepAllowed
                0x0000000000103538       0xb0 E:/DEV/devkitPro/libctru/lib\libctru.a(apt.o)
                0x0000000000103538                aptSetSleepAllowed
 .text.APT_GlanceParameter
                0x00000000001035e8       0xb4 E:/DEV/devkitPro/libctru/lib\libctru.a(apt.o)
                0x00000000001035e8                APT_GlanceParameter
 .text.APT_ReceiveParameter
                0x000000000010369c       0xc8 E:/DEV/devkitPro/libctru/lib\libctru.a(apt.o)
                0x000000000010369c                APT_ReceiveParameter
 .text.aptReceiveParameter.constprop.0
                0x0000000000103764       0xbc E:/DEV/devkitPro/libctru/lib\libctru.a(apt.o)
 .text.aptScreenTransfer
                0x0000000000103820      0x1e0 E:/DEV/devkitPro/libctru/lib\libctru.a(apt.o)
 .text.aptWaitForWakeUp
                0x0000000000103a00      0x210 E:/DEV/devkitPro/libctru/lib\libctru.a(apt.o)
 .text.APT_SendParameter
                0x0000000000103c10       0x58 E:/DEV/devkitPro/libctru/lib\libctru.a(apt.o)
                0x0000000000103c10                APT_SendParameter
 .text.APT_CancelParameter
                0x0000000000103c68       0x70 E:/DEV/devkitPro/libctru/lib\libctru.a(apt.o)
                0x0000000000103c68                APT_CancelParameter
 .text.aptInit  0x0000000000103cd8      0x25c E:/DEV/devkitPro/libctru/lib\libctru.a(apt.o)
                0x0000000000103cd8                aptInit
 .text.aptClearParamQueue
                0x0000000000103f34       0x88 E:/DEV/devkitPro/libctru/lib\libctru.a(apt.o)
 .text.aptMainLoop
                0x0000000000103fbc      0x264 E:/DEV/devkitPro/libctru/lib\libctru.a(apt.o)
                0x0000000000103fbc                aptMainLoop
 .text.aptExit  0x0000000000104220      0x254 E:/DEV/devkitPro/libctru/lib\libctru.a(apt.o)
                0x0000000000104220                aptExit
 .text.aptLaunchLibraryApplet
                0x0000000000104474       0xdc E:/DEV/devkitPro/libctru/lib\libctru.a(apt.o)
                0x0000000000104474                aptLaunchLibraryApplet
 .text.APT_CheckNew3DS
                0x0000000000104550       0x7c E:/DEV/devkitPro/libctru/lib\libctru.a(apt.o)
                0x0000000000104550                APT_CheckNew3DS
 .text.hidCheckSectionUpdateTime.part.0
                0x00000000001045cc       0x28 E:/DEV/devkitPro/libctru/lib\libctru.a(hid.o)
 .text.hidExit  0x00000000001045f4       0xd0 E:/DEV/devkitPro/libctru/lib\libctru.a(hid.o)
                0x00000000001045f4                hidExit
 .text.hidScanInput
                0x00000000001046c4      0x1d8 E:/DEV/devkitPro/libctru/lib\libctru.a(hid.o)
                0x00000000001046c4                hidScanInput
 .text.hidKeysDown
                0x000000000010489c       0x10 E:/DEV/devkitPro/libctru/lib\libctru.a(hid.o)
                0x000000000010489c                hidKeysDown
 .text.HIDUSER_GetHandles
                0x00000000001048ac       0x90 E:/DEV/devkitPro/libctru/lib\libctru.a(hid.o)
                0x00000000001048ac                HIDUSER_GetHandles
 .text.hidInit  0x000000000010493c      0x1a4 E:/DEV/devkitPro/libctru/lib\libctru.a(hid.o)
                0x000000000010493c                hidInit
 .text.swkbdConvertToUTF16.part.0
                0x0000000000104ae0       0x28 E:/DEV/devkitPro/libctru/lib\libctru.a(swkbd.o)
 .text.swkbdMessageCallback
                0x0000000000104b08      0x168 E:/DEV/devkitPro/libctru/lib\libctru.a(swkbd.o)
 .text.swkbdInit
                0x0000000000104c70       0x78 E:/DEV/devkitPro/libctru/lib\libctru.a(swkbd.o)
                0x0000000000104c70                swkbdInit
 .text.swkbdSetHintText
                0x0000000000104ce8       0x2c E:/DEV/devkitPro/libctru/lib\libctru.a(swkbd.o)
                0x0000000000104ce8                swkbdSetHintText
 .text.swkbdSetButton
                0x0000000000104d14       0x54 E:/DEV/devkitPro/libctru/lib\libctru.a(swkbd.o)
                0x0000000000104d14                swkbdSetButton
 .text.swkbdInputText
                0x0000000000104d68      0x3b4 E:/DEV/devkitPro/libctru/lib\libctru.a(swkbd.o)
                0x0000000000104d68                swkbdInputText
 .text.utf16_to_utf8
                0x000000000010511c       0xe8 E:/DEV/devkitPro/libctru/lib\libctru.a(utf16_to_utf8.o)
                0x000000000010511c                utf16_to_utf8
 .text.decode_utf16
                0x0000000000105204       0x60 E:/DEV/devkitPro/libctru/lib\libctru.a(decode_utf16.o)
                0x0000000000105204                decode_utf16
 .text.utf8_to_utf16
                0x0000000000105264       0xc0 E:/DEV/devkitPro/libctru/lib\libctru.a(utf8_to_utf16.o)
                0x0000000000105264                utf8_to_utf16
 .text.__libctru_init
                0x0000000000105324       0x38 E:/DEV/devkitPro/libctru/lib\libctru.a(initSystem.o)
                0x0000000000105324                __libctru_init
 .text.__libctru_nanosleep
                0x000000000010535c       0x34 E:/DEV/devkitPro/libctru/lib\libctru.a(syscalls.o)
 .text.__ctru_get_reent
                0x0000000000105390       0x30 E:/DEV/devkitPro/libctru/lib\libctru.a(syscalls.o)
 .text.__system_initSyscalls
                0x00000000001053c0       0xfc E:/DEV/devkitPro/libctru/lib\libctru.a(syscalls.o)
                0x00000000001053c0                __system_initSyscalls
 .text.__system_allocateHeaps
                0x00000000001054bc      0x100 E:/DEV/devkitPro/libctru/lib\libctru.a(allocateHeaps.o)
                0x00000000001054bc                __system_allocateHeaps
 .text.__system_initArgv
                0x00000000001055bc       0xf0 E:/DEV/devkitPro/libctru/lib\libctru.a(initArgv.o)
                0x00000000001055bc                __system_initArgv
 .text.svcControlMemory
                0x00000000001056ac       0x20 E:/DEV/devkitPro/libctru/lib\libctru.a(svc.o)
                0x00000000001056ac                svcControlMemory
 .text.svcExitProcess
                0x00000000001056cc        0x8 E:/DEV/devkitPro/libctru/lib\libctru.a(svc.o)
                0x00000000001056cc                svcExitProcess
 .text.svcCreateThread
                0x00000000001056d4       0x20 E:/DEV/devkitPro/libctru/lib\libctru.a(svc.o)
                0x00000000001056d4                svcCreateThread
 .text.svcExitThread
                0x00000000001056f4        0x8 E:/DEV/devkitPro/libctru/lib\libctru.a(svc.o)
                0x00000000001056f4                svcExitThread
 .text.svcSleepThread
                0x00000000001056fc        0x8 E:/DEV/devkitPro/libctru/lib\libctru.a(svc.o)
                0x00000000001056fc                svcSleepThread
 .text.svcReleaseMutex
                0x0000000000105704        0x8 E:/DEV/devkitPro/libctru/lib\libctru.a(svc.o)
                0x0000000000105704                svcReleaseMutex
 .text.svcCreateEvent
                0x000000000010570c       0x14 E:/DEV/devkitPro/libctru/lib\libctru.a(svc.o)
                0x000000000010570c                svcCreateEvent
 .text.svcSignalEvent
                0x0000000000105720        0x8 E:/DEV/devkitPro/libctru/lib\libctru.a(svc.o)
                0x0000000000105720                svcSignalEvent
 .text.svcClearEvent
                0x0000000000105728        0x8 E:/DEV/devkitPro/libctru/lib\libctru.a(svc.o)
                0x0000000000105728                svcClearEvent
 .text.svcCreateMemoryBlock
                0x0000000000105730       0x18 E:/DEV/devkitPro/libctru/lib\libctru.a(svc.o)
                0x0000000000105730                svcCreateMemoryBlock
 .text.svcMapMemoryBlock
                0x0000000000105748        0x8 E:/DEV/devkitPro/libctru/lib\libctru.a(svc.o)
                0x0000000000105748                svcMapMemoryBlock
 .text.svcUnmapMemoryBlock
                0x0000000000105750        0x8 E:/DEV/devkitPro/libctru/lib\libctru.a(svc.o)
                0x0000000000105750                svcUnmapMemoryBlock
 .text.svcCreateAddressArbiter
                0x0000000000105758       0x14 E:/DEV/devkitPro/libctru/lib\libctru.a(svc.o)
                0x0000000000105758                svcCreateAddressArbiter
 .text.svcArbitrateAddress
                0x000000000010576c       0x18 E:/DEV/devkitPro/libctru/lib\libctru.a(svc.o)
                0x000000000010576c                svcArbitrateAddress
 .text.svcCloseHandle
                0x0000000000105784        0x8 E:/DEV/devkitPro/libctru/lib\libctru.a(svc.o)
                0x0000000000105784                svcCloseHandle
 .text.svcWaitSynchronization
                0x000000000010578c        0x8 E:/DEV/devkitPro/libctru/lib\libctru.a(svc.o)
                0x000000000010578c                svcWaitSynchronization
 .text.svcWaitSynchronizationN
                0x0000000000105794       0x28 E:/DEV/devkitPro/libctru/lib\libctru.a(svc.o)
                0x0000000000105794                svcWaitSynchronizationN
 .text.svcDuplicateHandle
                0x00000000001057bc       0x14 E:/DEV/devkitPro/libctru/lib\libctru.a(svc.o)
                0x00000000001057bc                svcDuplicateHandle
 .text.svcGetSystemTick
                0x00000000001057d0        0x8 E:/DEV/devkitPro/libctru/lib\libctru.a(svc.o)
                0x00000000001057d0                svcGetSystemTick
 .text.svcGetSystemInfo
                0x00000000001057d8       0x18 E:/DEV/devkitPro/libctru/lib\libctru.a(svc.o)
                0x00000000001057d8                svcGetSystemInfo
 .text.svcConnectToPort
                0x00000000001057f0       0x14 E:/DEV/devkitPro/libctru/lib\libctru.a(svc.o)
                0x00000000001057f0                svcConnectToPort
 .text.svcSendSyncRequest
                0x0000000000105804        0x8 E:/DEV/devkitPro/libctru/lib\libctru.a(svc.o)
                0x0000000000105804                svcSendSyncRequest
 .text.svcBreak
                0x000000000010580c        0x8 E:/DEV/devkitPro/libctru/lib\libctru.a(svc.o)
                0x000000000010580c                svcBreak
 .text._ZL21addrMapNodeComparatorPK11rbtree_nodeS1_
                0x0000000000105814       0x24 E:/DEV/devkitPro/libctru/lib\libctru.a(vram.o)
 .text._ZL21addrMapNodeDestructorP11rbtree_node
                0x0000000000105838        0x4 E:/DEV/devkitPro/libctru/lib\libctru.a(vram.o)
 .text.vramMemAlign
                0x000000000010583c      0x114 E:/DEV/devkitPro/libctru/lib\libctru.a(vram.o)
                0x000000000010583c                vramMemAlign
 .text.vramAlloc
                0x0000000000105950        0x8 E:/DEV/devkitPro/libctru/lib\libctru.a(vram.o)
                0x0000000000105950                vramAlloc
 .text.vramFree
                0x0000000000105958       0x54 E:/DEV/devkitPro/libctru/lib\libctru.a(vram.o)
                0x0000000000105958                vramFree
 .text._ZL21addrMapNodeComparatorPK11rbtree_nodeS1_
                0x00000000001059ac       0x24 E:/DEV/devkitPro/libctru/lib\libctru.a(mappable.o)
 .text._ZL21addrMapNodeDestructorP11rbtree_node
                0x00000000001059d0        0x4 E:/DEV/devkitPro/libctru/lib\libctru.a(mappable.o)
 .text.mappableAlloc
                0x00000000001059d4       0xe8 E:/DEV/devkitPro/libctru/lib\libctru.a(mappable.o)
                0x00000000001059d4                mappableAlloc
 .text.mappableFree
                0x0000000000105abc       0x54 E:/DEV/devkitPro/libctru/lib\libctru.a(mappable.o)
                0x0000000000105abc                mappableFree
 .text._ZL21addrMapNodeComparatorPK11rbtree_nodeS1_
                0x0000000000105b10       0x24 E:/DEV/devkitPro/libctru/lib\libctru.a(linear.o)
 .text._ZL21addrMapNodeDestructorP11rbtree_node
                0x0000000000105b34        0x4 E:/DEV/devkitPro/libctru/lib\libctru.a(linear.o)
 .text.linearMemAlign
                0x0000000000105b38      0x124 E:/DEV/devkitPro/libctru/lib\libctru.a(linear.o)
                0x0000000000105b38                linearMemAlign
 .text.linearAlloc
                0x0000000000105c5c        0x8 E:/DEV/devkitPro/libctru/lib\libctru.a(linear.o)
                0x0000000000105c5c                linearAlloc
 .text.linearFree
                0x0000000000105c64       0x54 E:/DEV/devkitPro/libctru/lib\libctru.a(linear.o)
                0x0000000000105c64                linearFree
 .text._ZN7MemPool13CoalesceRightEP8MemBlock
                0x0000000000105cb8       0x8c E:/DEV/devkitPro/libctru/lib\libctru.a(mem_pool.o)
                0x0000000000105cb8                MemPool::CoalesceRight(MemBlock*)
 .text._ZN7MemPool8AllocateER8MemChunkmi
                0x0000000000105d44      0x174 E:/DEV/devkitPro/libctru/lib\libctru.a(mem_pool.o)
                0x0000000000105d44                MemPool::Allocate(MemChunk&, unsigned long, int)
 .text._ZN7MemPool10DeallocateERK8MemChunk
                0x0000000000105eb8       0xfc E:/DEV/devkitPro/libctru/lib\libctru.a(mem_pool.o)
                0x0000000000105eb8                MemPool::Deallocate(MemChunk const&)
 .text.LightLock_Unlock.part.0
                0x0000000000105fb4       0x38 E:/DEV/devkitPro/libctru/lib\libctru.a(synchronization.o)
 .text.__sync_init
                0x0000000000105fec        0xc E:/DEV/devkitPro/libctru/lib\libctru.a(synchronization.o)
                0x0000000000105fec                __sync_init
 .text.__sync_fini
                0x0000000000105ff8       0x18 E:/DEV/devkitPro/libctru/lib\libctru.a(synchronization.o)
                0x0000000000105ff8                __sync_fini
 .text.__sync_get_arbiter
                0x0000000000106010       0x10 E:/DEV/devkitPro/libctru/lib\libctru.a(synchronization.o)
                0x0000000000106010                __sync_get_arbiter
 .text.LightLock_Init
                0x0000000000106020       0x18 E:/DEV/devkitPro/libctru/lib\libctru.a(synchronization.o)
                0x0000000000106020                LightLock_Init
 .text.LightLock_Lock
                0x0000000000106038       0x90 E:/DEV/devkitPro/libctru/lib\libctru.a(synchronization.o)
                0x0000000000106038                LightLock_Lock
 .text.LightLock_TryLock
                0x00000000001060c8       0x34 E:/DEV/devkitPro/libctru/lib\libctru.a(synchronization.o)
                0x00000000001060c8                LightLock_TryLock
 .text.LightLock_Unlock
                0x00000000001060fc       0x20 E:/DEV/devkitPro/libctru/lib\libctru.a(synchronization.o)
                0x00000000001060fc                LightLock_Unlock
 .text.RecursiveLock_Init
                0x000000000010611c       0x24 E:/DEV/devkitPro/libctru/lib\libctru.a(synchronization.o)
                0x000000000010611c                RecursiveLock_Init
 .text.RecursiveLock_Lock
                0x0000000000106140       0x30 E:/DEV/devkitPro/libctru/lib\libctru.a(synchronization.o)
                0x0000000000106140                RecursiveLock_Lock
 .text.RecursiveLock_TryLock
                0x0000000000106170       0x58 E:/DEV/devkitPro/libctru/lib\libctru.a(synchronization.o)
                0x0000000000106170                RecursiveLock_TryLock
 .text.RecursiveLock_Unlock
                0x00000000001061c8       0x38 E:/DEV/devkitPro/libctru/lib\libctru.a(synchronization.o)
                0x00000000001061c8                RecursiveLock_Unlock
 .text.LightEvent_Init
                0x0000000000106200       0x38 E:/DEV/devkitPro/libctru/lib\libctru.a(synchronization.o)
                0x0000000000106200                LightEvent_Init
 .text.LightEvent_Clear
                0x0000000000106238       0x7c E:/DEV/devkitPro/libctru/lib\libctru.a(synchronization.o)
                0x0000000000106238                LightEvent_Clear
 .text.LightEvent_Signal
                0x00000000001062b4       0xdc E:/DEV/devkitPro/libctru/lib\libctru.a(synchronization.o)
                0x00000000001062b4                LightEvent_Signal
 .text.LightEvent_Wait
                0x0000000000106390       0xc0 E:/DEV/devkitPro/libctru/lib\libctru.a(synchronization.o)
                0x0000000000106390                LightEvent_Wait
 .text.getSysTime
                0x0000000000106450       0x58 E:/DEV/devkitPro/libctru/lib\libctru.a(os.o)
 .text.__ctru_speedup_config.part.0
                0x00000000001064a8       0x28 E:/DEV/devkitPro/libctru/lib\libctru.a(os.o)
 .text.osGetMemRegionUsed
                0x00000000001064d0       0x24 E:/DEV/devkitPro/libctru/lib\libctru.a(os.o)
                0x00000000001064d0                osGetMemRegionUsed
 *fill*         0x00000000001064f4        0x4 
 .text.__libctru_gtod
                0x00000000001064f8      0x128 E:/DEV/devkitPro/libctru/lib\libctru.a(os.o)
                0x00000000001064f8                __libctru_gtod
 .text.__ctru_speedup_config
                0x0000000000106620       0x18 E:/DEV/devkitPro/libctru/lib\libctru.a(os.o)
                0x0000000000106620                __ctru_speedup_config
 .text.srvExit  0x0000000000106638       0x58 E:/DEV/devkitPro/libctru/lib\libctru.a(srv.o)
                0x0000000000106638                srvExit
 .text.srvRegisterClient
                0x0000000000106690       0x38 E:/DEV/devkitPro/libctru/lib\libctru.a(srv.o)
                0x0000000000106690                srvRegisterClient
 .text.srvInit  0x00000000001066c8       0xcc E:/DEV/devkitPro/libctru/lib\libctru.a(srv.o)
                0x00000000001066c8                srvInit
 .text.srvGetServiceHandleDirect
                0x0000000000106794       0x80 E:/DEV/devkitPro/libctru/lib\libctru.a(srv.o)
                0x0000000000106794                srvGetServiceHandleDirect
 .text.srvGetServiceHandle
                0x0000000000106814       0x48 E:/DEV/devkitPro/libctru/lib\libctru.a(srv.o)
                0x0000000000106814                srvGetServiceHandle
 .text.threadFree.part.0
                0x000000000010685c       0x1c E:/DEV/devkitPro/libctru/lib\libctru.a(thread.o)
 .text.threadCreate
                0x0000000000106878      0x180 E:/DEV/devkitPro/libctru/lib\libctru.a(thread.o)
                0x0000000000106878                threadCreate
 .text.threadJoin
                0x00000000001069f8       0x24 E:/DEV/devkitPro/libctru/lib\libctru.a(thread.o)
                0x00000000001069f8                threadJoin
 .text.threadExit
                0x0000000000106a1c       0x68 E:/DEV/devkitPro/libctru/lib\libctru.a(thread.o)
                0x0000000000106a1c                threadExit
 .text._thread_begin
                0x0000000000106a84       0x48 E:/DEV/devkitPro/libctru/lib\libctru.a(thread.o)
 .text.irrstScanInput
                0x0000000000106acc       0xac E:/DEV/devkitPro/libctru/lib\libctru.a(irrst.o)
                0x0000000000106acc                irrstScanInput
 .text.irrstKeysHeld
                0x0000000000106b78       0x24 E:/DEV/devkitPro/libctru/lib\libctru.a(irrst.o)
                0x0000000000106b78                irrstKeysHeld
 .text.IRRST_GetHandles
                0x0000000000106b9c       0x50 E:/DEV/devkitPro/libctru/lib\libctru.a(irrst.o)
                0x0000000000106b9c                IRRST_GetHandles
 .text.irrstInit
                0x0000000000106bec      0x154 E:/DEV/devkitPro/libctru/lib\libctru.a(irrst.o)
                0x0000000000106bec                irrstInit
 .text.IRRST_Shutdown
                0x0000000000106d40       0x2c E:/DEV/devkitPro/libctru/lib\libctru.a(irrst.o)
                0x0000000000106d40                IRRST_Shutdown
 .text.irrstExit
                0x0000000000106d6c       0xac E:/DEV/devkitPro/libctru/lib\libctru.a(irrst.o)
                0x0000000000106d6c                irrstExit
 .text.srvPmGetSessionHandle
                0x0000000000106e18        0xc E:/DEV/devkitPro/libctru/lib\libctru.a(srvpm.o)
                0x0000000000106e18                srvPmGetSessionHandle
 .text.ptmSysmInit
                0x0000000000106e24       0x74 E:/DEV/devkitPro/libctru/lib\libctru.a(ptmsysm.o)
                0x0000000000106e24                ptmSysmInit
 .text.ptmSysmExit
                0x0000000000106e98       0x3c E:/DEV/devkitPro/libctru/lib\libctru.a(ptmsysm.o)
                0x0000000000106e98                ptmSysmExit
 .text.PTMSYSM_ConfigureNew3DSCPU
                0x0000000000106ed4       0x34 E:/DEV/devkitPro/libctru/lib\libctru.a(ptmsysm.o)
                0x0000000000106ed4                PTMSYSM_ConfigureNew3DSCPU
 .text.rbtree_init
                0x0000000000106f08       0x14 E:/DEV/devkitPro/libctru/lib\libctru.a(rbtree_init.o)
                0x0000000000106f08                rbtree_init
 .text.do_insert
                0x0000000000106f1c      0x1a4 E:/DEV/devkitPro/libctru/lib\libctru.a(rbtree_insert.o)
 .text.rbtree_insert
                0x00000000001070c0        0x8 E:/DEV/devkitPro/libctru/lib\libctru.a(rbtree_insert.o)
                0x00000000001070c0                rbtree_insert
 .text.rbtree_rotate
                0x00000000001070c8       0x90 E:/DEV/devkitPro/libctru/lib\libctru.a(rbtree_rotate.o)
                0x00000000001070c8                rbtree_rotate
 .text.rbtree_remove
                0x0000000000107158      0x334 E:/DEV/devkitPro/libctru/lib\libctru.a(rbtree_remove.o)
                0x0000000000107158                rbtree_remove
 .text.rbtree_find
                0x000000000010748c       0x74 E:/DEV/devkitPro/libctru/lib\libctru.a(rbtree_find.o)
                0x000000000010748c                rbtree_find
 .text.encode_utf16
                0x0000000000107500       0x68 E:/DEV/devkitPro/libctru/lib\libctru.a(encode_utf16.o)
                0x0000000000107500                encode_utf16
 .text.encode_utf8
                0x0000000000107568      0x104 E:/DEV/devkitPro/libctru/lib\libctru.a(encode_utf8.o)
                0x0000000000107568                encode_utf8
 .text.decode_utf8
                0x000000000010766c      0x138 E:/DEV/devkitPro/libctru/lib\libctru.a(decode_utf8.o)
                0x000000000010766c                decode_utf8
 .text.__appInit
                0x00000000001077a4       0x1c E:/DEV/devkitPro/libctru/lib\libctru.a(appInit.o)
                0x00000000001077a4                __appInit
 .text.__appExit
                0x00000000001077c0       0x1c E:/DEV/devkitPro/libctru/lib\libctru.a(appExit.o)
                0x00000000001077c0                __appExit
 .text.__libctru_exit
                0x00000000001077dc       0xa0 E:/DEV/devkitPro/libctru/lib\libctru.a(ctru_exit.o)
                0x00000000001077dc                __libctru_exit
 .text.envGetHandle
                0x000000000010787c       0x84 E:/DEV/devkitPro/libctru/lib\libctru.a(env.o)
                0x000000000010787c                envGetHandle
 .text.envDestroyHandles
                0x0000000000107900       0x4c E:/DEV/devkitPro/libctru/lib\libctru.a(env.o)
                0x0000000000107900                envDestroyHandles
 .text.sdmc_link
                0x000000000010794c       0x14 E:/DEV/devkitPro/libctru/lib\libctru.a(sdmc_dev.o)
 .text.sdmc_dirreset
                0x0000000000107960       0x14 E:/DEV/devkitPro/libctru/lib\libctru.a(sdmc_dev.o)
 .text.sdmc_chmod
                0x0000000000107974       0x14 E:/DEV/devkitPro/libctru/lib\libctru.a(sdmc_dev.o)
 .text.error_cmp
                0x0000000000107988       0x24 E:/DEV/devkitPro/libctru/lib\libctru.a(sdmc_dev.o)
 .text.sdmc_translate_error
                0x00000000001079ac       0x50 E:/DEV/devkitPro/libctru/lib\libctru.a(sdmc_dev.o)
 .text.sdmc_fsync
                0x00000000001079fc       0x34 E:/DEV/devkitPro/libctru/lib\libctru.a(sdmc_dev.o)
 .text.sdmc_ftruncate
                0x0000000000107a30       0x54 E:/DEV/devkitPro/libctru/lib\libctru.a(sdmc_dev.o)
 .text.sdmc_statvfs
                0x0000000000107a84       0xbc E:/DEV/devkitPro/libctru/lib\libctru.a(sdmc_dev.o)
 .text.sdmc_dirclose
                0x0000000000107b40       0x38 E:/DEV/devkitPro/libctru/lib\libctru.a(sdmc_dev.o)
 .text.sdmc_dirnext
                0x0000000000107b78      0x13c E:/DEV/devkitPro/libctru/lib\libctru.a(sdmc_dev.o)
 .text.sdmc_close
                0x0000000000107cb4       0x34 E:/DEV/devkitPro/libctru/lib\libctru.a(sdmc_dev.o)
 .text.sdmc_fstat
                0x0000000000107ce8       0x70 E:/DEV/devkitPro/libctru/lib\libctru.a(sdmc_dev.o)
 .text.sdmc_seek
                0x0000000000107d58       0xd4 E:/DEV/devkitPro/libctru/lib\libctru.a(sdmc_dev.o)
 .text.sdmc_read
                0x0000000000107e2c       0x78 E:/DEV/devkitPro/libctru/lib\libctru.a(sdmc_dev.o)
 .text.sdmc_write
                0x0000000000107ea4       0xac E:/DEV/devkitPro/libctru/lib\libctru.a(sdmc_dev.o)
 .text.sdmc_utf16path
                0x0000000000107f50      0x1b0 E:/DEV/devkitPro/libctru/lib\libctru.a(sdmc_dev.o)
 .text.sdmc_rmdir
                0x0000000000108100       0x74 E:/DEV/devkitPro/libctru/lib\libctru.a(sdmc_dev.o)
 .text.sdmc_diropen
                0x0000000000108174       0xa4 E:/DEV/devkitPro/libctru/lib\libctru.a(sdmc_dev.o)
 .text.sdmc_chdir
                0x0000000000108218       0xac E:/DEV/devkitPro/libctru/lib\libctru.a(sdmc_dev.o)
 .text.sdmc_mkdir
                0x00000000001082c4       0x98 E:/DEV/devkitPro/libctru/lib\libctru.a(sdmc_dev.o)
 .text.sdmc_rename
                0x000000000010835c      0x108 E:/DEV/devkitPro/libctru/lib\libctru.a(sdmc_dev.o)
 .text.sdmc_unlink
                0x0000000000108464       0x74 E:/DEV/devkitPro/libctru/lib\libctru.a(sdmc_dev.o)
 .text.sdmc_stat
                0x00000000001084d8      0x108 E:/DEV/devkitPro/libctru/lib\libctru.a(sdmc_dev.o)
 .text.sdmc_open
                0x00000000001085e0      0x198 E:/DEV/devkitPro/libctru/lib\libctru.a(sdmc_dev.o)
 .text.sdmc_fchmod
                0x0000000000108778       0x14 E:/DEV/devkitPro/libctru/lib\libctru.a(sdmc_dev.o)
 .text.sdmcInit
                0x000000000010878c      0x168 E:/DEV/devkitPro/libctru/lib\libctru.a(sdmc_dev.o)
                0x000000000010878c                sdmcInit
 .text.sdmcExit
                0x00000000001088f4       0x60 E:/DEV/devkitPro/libctru/lib\libctru.a(sdmc_dev.o)
                0x00000000001088f4                sdmcExit
 .text.fsSessionForArchive.part.0
                0x0000000000108954       0x28 E:/DEV/devkitPro/libctru/lib\libctru.a(fs.o)
 .text.fsInit   0x000000000010897c       0xc4 E:/DEV/devkitPro/libctru/lib\libctru.a(fs.o)
                0x000000000010897c                fsInit
 .text.fsExit   0x0000000000108a40       0x3c E:/DEV/devkitPro/libctru/lib\libctru.a(fs.o)
                0x0000000000108a40                fsExit
 .text.fsExemptFromSession
                0x0000000000108a7c       0x64 E:/DEV/devkitPro/libctru/lib\libctru.a(fs.o)
                0x0000000000108a7c                fsExemptFromSession
 .text.fsUnexemptFromSession
                0x0000000000108ae0       0x5c E:/DEV/devkitPro/libctru/lib\libctru.a(fs.o)
                0x0000000000108ae0                fsUnexemptFromSession
 .text.FSUSER_OpenFile
                0x0000000000108b3c       0xbc E:/DEV/devkitPro/libctru/lib\libctru.a(fs.o)
                0x0000000000108b3c                FSUSER_OpenFile
 .text.FSUSER_DeleteFile
                0x0000000000108bf8       0xac E:/DEV/devkitPro/libctru/lib\libctru.a(fs.o)
                0x0000000000108bf8                FSUSER_DeleteFile
 .text.FSUSER_RenameFile
                0x0000000000108ca4       0xe8 E:/DEV/devkitPro/libctru/lib\libctru.a(fs.o)
                0x0000000000108ca4                FSUSER_RenameFile
 .text.FSUSER_DeleteDirectory
                0x0000000000108d8c       0xac E:/DEV/devkitPro/libctru/lib\libctru.a(fs.o)
                0x0000000000108d8c                FSUSER_DeleteDirectory
 .text.FSUSER_CreateFile
                0x0000000000108e38       0xc4 E:/DEV/devkitPro/libctru/lib\libctru.a(fs.o)
                0x0000000000108e38                FSUSER_CreateFile
 .text.FSUSER_CreateDirectory
                0x0000000000108efc       0xb4 E:/DEV/devkitPro/libctru/lib\libctru.a(fs.o)
                0x0000000000108efc                FSUSER_CreateDirectory
 .text.FSUSER_RenameDirectory
                0x0000000000108fb0       0xe8 E:/DEV/devkitPro/libctru/lib\libctru.a(fs.o)
                0x0000000000108fb0                FSUSER_RenameDirectory
 .text.FSUSER_OpenDirectory
                0x0000000000109098       0xa0 E:/DEV/devkitPro/libctru/lib\libctru.a(fs.o)
                0x0000000000109098                FSUSER_OpenDirectory
 .text.FSUSER_OpenArchive
                0x0000000000109138       0x98 E:/DEV/devkitPro/libctru/lib\libctru.a(fs.o)
                0x0000000000109138                FSUSER_OpenArchive
 .text.FSUSER_CloseArchive
                0x00000000001091d0       0x78 E:/DEV/devkitPro/libctru/lib\libctru.a(fs.o)
                0x00000000001091d0                FSUSER_CloseArchive
 .text.FSUSER_GetSdmcArchiveResource
                0x0000000000109248       0x78 E:/DEV/devkitPro/libctru/lib\libctru.a(fs.o)
                0x0000000000109248                FSUSER_GetSdmcArchiveResource
 .text.FSUSER_IsSdmcWritable
                0x00000000001092c0       0x64 E:/DEV/devkitPro/libctru/lib\libctru.a(fs.o)
                0x00000000001092c0                FSUSER_IsSdmcWritable
 .text.FSFILE_Read
                0x0000000000109324       0x5c E:/DEV/devkitPro/libctru/lib\libctru.a(fs.o)
                0x0000000000109324                FSFILE_Read
 .text.FSFILE_Write
                0x0000000000109380       0x64 E:/DEV/devkitPro/libctru/lib\libctru.a(fs.o)
                0x0000000000109380                FSFILE_Write
 .text.FSFILE_GetSize
                0x00000000001093e4       0x38 E:/DEV/devkitPro/libctru/lib\libctru.a(fs.o)
                0x00000000001093e4                FSFILE_GetSize
 .text.FSFILE_SetSize
                0x000000000010941c       0x28 E:/DEV/devkitPro/libctru/lib\libctru.a(fs.o)
                0x000000000010941c                FSFILE_SetSize
 .text.FSFILE_Close
                0x0000000000109444       0x3c E:/DEV/devkitPro/libctru/lib\libctru.a(fs.o)
                0x0000000000109444                FSFILE_Close
 .text.FSFILE_Flush
                0x0000000000109480       0x24 E:/DEV/devkitPro/libctru/lib\libctru.a(fs.o)
                0x0000000000109480                FSFILE_Flush
 .text.FSDIR_Read
                0x00000000001094a4       0x54 E:/DEV/devkitPro/libctru/lib\libctru.a(fs.o)
                0x00000000001094a4                FSDIR_Read
 .text.FSDIR_Close
                0x00000000001094f8       0x3c E:/DEV/devkitPro/libctru/lib\libctru.a(fs.o)
                0x00000000001094f8                FSDIR_Close
 .text.rbtree_node_next
                0x0000000000109534       0x50 E:/DEV/devkitPro/libctru/lib\libctru.a(rbtree_iterator.o)
                0x0000000000109534                rbtree_node_next
 .text.__aeabi_read_tp
                0x0000000000109584        0xc E:/DEV/devkitPro/libctru/lib\libctru.a(readtp.o)
                0x0000000000109584                __aeabi_read_tp
 .text._ZdlPv   0x0000000000109590        0x4 e:/dev/devkitpro/devkitarm/bin/../lib/gcc/arm-none-eabi/9.1.0/../../../../arm-none-eabi/lib/armv6k/fpu\libstdc++.a(del_op.o)
                0x0000000000109590                operator delete(void*)
 .text._Znwj    0x0000000000109594       0x5c e:/dev/devkitpro/devkitarm/bin/../lib/gcc/arm-none-eabi/9.1.0/../../../../arm-none-eabi/lib/armv6k/fpu\libstdc++.a(new_op.o)
                0x0000000000109594                operator new(unsigned int)
 .text._ZNKSt9bad_alloc4whatEv
                0x00000000001095f0        0xc e:/dev/devkitpro/devkitarm/bin/../lib/gcc/arm-none-eabi/9.1.0/../../../../arm-none-eabi/lib/armv6k/fpu\libstdc++.a(bad_alloc.o)
                0x00000000001095f0                std::bad_alloc::what() const
 .text._ZNSt9bad_allocD2Ev
                0x00000000001095fc       0x20 e:/dev/devkitpro/devkitarm/bin/../lib/gcc/arm-none-eabi/9.1.0/../../../../arm-none-eabi/lib/armv6k/fpu\libstdc++.a(bad_alloc.o)
                0x00000000001095fc                std::bad_alloc::~bad_alloc()
                0x00000000001095fc                std::bad_alloc::~bad_alloc()
 .text._ZNSt9bad_allocD0Ev
                0x000000000010961c       0x2c e:/dev/devkitpro/devkitarm/bin/../lib/gcc/arm-none-eabi/9.1.0/../../../../arm-none-eabi/lib/armv6k/fpu\libstdc++.a(bad_alloc.o)
                0x000000000010961c                std::bad_alloc::~bad_alloc()
 .text._ZdlPvj  0x0000000000109648        0x4 e:/dev/devkitpro/devkitarm/bin/../lib/gcc/arm-none-eabi/9.1.0/../../../../arm-none-eabi/lib/armv6k/fpu\libstdc++.a(del_ops.o)
                0x0000000000109648                operator delete(void*, unsigned int)
 .text._ZN12_GLOBAL__N_14pool4freeEPv.constprop.0
                0x000000000010964c       0xd4 e:/dev/devkitpro/devkitarm/bin/../lib/gcc/arm-none-eabi/9.1.0/../../../../arm-none-eabi/lib/armv6k/fpu\libstdc++.a(eh_alloc.o)
 .text._ZN12_GLOBAL__N_14pool8allocateEj.constprop.0
                0x0000000000109720       0x90 e:/dev/devkitpro/devkitarm/bin/../lib/gcc/arm-none-eabi/9.1.0/../../../../arm-none-eabi/lib/armv6k/fpu\libstdc++.a(eh_alloc.o)
 .text.__cxa_allocate_exception
                0x00000000001097b0       0x44 e:/dev/devkitpro/devkitarm/bin/../lib/gcc/arm-none-eabi/9.1.0/../../../../arm-none-eabi/lib/armv6k/fpu\libstdc++.a(eh_alloc.o)
                0x00000000001097b0                __cxa_allocate_exception
 .text.__cxa_free_exception
                0x00000000001097f4       0x30 e:/dev/devkitpro/devkitarm/bin/../lib/gcc/arm-none-eabi/9.1.0/../../../../arm-none-eabi/lib/armv6k/fpu\libstdc++.a(eh_alloc.o)
                0x00000000001097f4                __cxa_free_exception
 .text.startup._GLOBAL__sub_I__ZN9__gnu_cxx9__freeresEv
                0x0000000000109824       0x40 e:/dev/devkitpro/devkitarm/bin/../lib/gcc/arm-none-eabi/9.1.0/../../../../arm-none-eabi/lib/armv6k/fpu\libstdc++.a(eh_alloc.o)
 .text._ZNSt9exceptionD2Ev
                0x0000000000109864        0x4 e:/dev/devkitpro/devkitarm/bin/../lib/gcc/arm-none-eabi/9.1.0/../../../../arm-none-eabi/lib/armv6k/fpu\libstdc++.a(eh_exception.o)
                0x0000000000109864                std::exception::~exception()
                0x0000000000109864                std::exception::~exception()
 .text._ZNSt13bad_exceptionD2Ev
                0x0000000000109868        0x4 e:/dev/devkitpro/devkitarm/bin/../lib/gcc/arm-none-eabi/9.1.0/../../../../arm-none-eabi/lib/armv6k/fpu\libstdc++.a(eh_exception.o)
                0x0000000000109868                std::bad_exception::~bad_exception()
                0x0000000000109868                std::bad_exception::~bad_exception()
 .text._ZNKSt13bad_exception4whatEv
                0x000000000010986c        0xc e:/dev/devkitpro/devkitarm/bin/../lib/gcc/arm-none-eabi/9.1.0/../../../../arm-none-eabi/lib/armv6k/fpu\libstdc++.a(eh_exception.o)
                0x000000000010986c                std::bad_exception::what() const
                0x000000000010986c                transaction clone for std::bad_exception::what() const
 .text._ZNSt13bad_exceptionD0Ev
                0x0000000000109878       0x18 e:/dev/devkitpro/devkitarm/bin/../lib/gcc/arm-none-eabi/9.1.0/../../../../arm-none-eabi/lib/armv6k/fpu\libstdc++.a(eh_exception.o)
                0x0000000000109878                std::bad_exception::~bad_exception()
 .text._ZN10__cxxabiv111__terminateEPFvvE
                0x0000000000109890       0x38 e:/dev/devkitpro/devkitarm/bin/../lib/gcc/arm-none-eabi/9.1.0/../../../../arm-none-eabi/lib/armv6k/fpu\libstdc++.a(eh_terminate.o)
                0x0000000000109890                __cxxabiv1::__terminate(void (*)())
 .text._ZSt9terminatev
                0x00000000001098c8       0x18 e:/dev/devkitpro/devkitarm/bin/../lib/gcc/arm-none-eabi/9.1.0/../../../../arm-none-eabi/lib/armv6k/fpu\libstdc++.a(eh_terminate.o)
                0x00000000001098c8                std::terminate()
 .text._ZN10__cxxabiv112__unexpectedEPFvvE
                0x00000000001098e0        0xc e:/dev/devkitpro/devkitarm/bin/../lib/gcc/arm-none-eabi/9.1.0/../../../../arm-none-eabi/lib/armv6k/fpu\libstdc++.a(eh_terminate.o)
                0x00000000001098e0                __cxxabiv1::__unexpected(void (*)())
 .text._ZSt10unexpectedv
                0x00000000001098ec       0x18 e:/dev/devkitpro/devkitarm/bin/../lib/gcc/arm-none-eabi/9.1.0/../../../../arm-none-eabi/lib/armv6k/fpu\libstdc++.a(eh_terminate.o)
                0x00000000001098ec                std::unexpected()
 .text._ZSt13get_terminatev
                0x0000000000109904       0x14 e:/dev/devkitpro/devkitarm/bin/../lib/gcc/arm-none-eabi/9.1.0/../../../../arm-none-eabi/lib/armv6k/fpu\libstdc++.a(eh_terminate.o)
                0x0000000000109904                std::get_terminate()
 .text._ZSt14get_unexpectedv
                0x0000000000109918       0x14 e:/dev/devkitpro/devkitarm/bin/../lib/gcc/arm-none-eabi/9.1.0/../../../../arm-none-eabi/lib/armv6k/fpu\libstdc++.a(eh_terminate.o)
                0x0000000000109918                std::get_unexpected()
 .text._ZL23__gxx_exception_cleanup19_Unwind_Reason_CodeP21_Unwind_Control_Block
                0x000000000010992c       0x70 e:/dev/devkitpro/devkitarm/bin/../lib/gcc/arm-none-eabi/9.1.0/../../../../arm-none-eabi/lib/armv6k/fpu\libstdc++.a(eh_throw.o)
 .text.__cxa_init_primary_exception
                0x000000000010999c       0x70 e:/dev/devkitpro/devkitarm/bin/../lib/gcc/arm-none-eabi/9.1.0/../../../../arm-none-eabi/lib/armv6k/fpu\libstdc++.a(eh_throw.o)
                0x000000000010999c                __cxa_init_primary_exception
 .text.__cxa_throw
                0x0000000000109a0c       0x58 e:/dev/devkitpro/devkitarm/bin/../lib/gcc/arm-none-eabi/9.1.0/../../../../arm-none-eabi/lib/armv6k/fpu\libstdc++.a(eh_throw.o)
                0x0000000000109a0c                __cxa_throw
 .text.__cxa_rethrow
                0x0000000000109a64       0xb0 e:/dev/devkitpro/devkitarm/bin/../lib/gcc/arm-none-eabi/9.1.0/../../../../arm-none-eabi/lib/armv6k/fpu\libstdc++.a(eh_throw.o)
                0x0000000000109a64                __cxa_rethrow
 .text._ZSt15get_new_handlerv
                0x0000000000109b14       0x14 e:/dev/devkitpro/devkitarm/bin/../lib/gcc/arm-none-eabi/9.1.0/../../../../arm-none-eabi/lib/armv6k/fpu\libstdc++.a(new_handler.o)
                0x0000000000109b14                std::get_new_handler()
 .text._ZN10__cxxabiv120__si_class_type_infoD2Ev
                0x0000000000109b28       0x20 e:/dev/devkitpro/devkitarm/bin/../lib/gcc/arm-none-eabi/9.1.0/../../../../arm-none-eabi/lib/armv6k/fpu\libstdc++.a(si_class_type_info.o)
                0x0000000000109b28                __cxxabiv1::__si_class_type_info::~__si_class_type_info()
                0x0000000000109b28                __cxxabiv1::__si_class_type_info::~__si_class_type_info()
 .text._ZN10__cxxabiv120__si_class_type_infoD0Ev
                0x0000000000109b48       0x2c e:/dev/devkitpro/devkitarm/bin/../lib/gcc/arm-none-eabi/9.1.0/../../../../arm-none-eabi/lib/armv6k/fpu\libstdc++.a(si_class_type_info.o)
                0x0000000000109b48                __cxxabiv1::__si_class_type_info::~__si_class_type_info()
 .text._ZNK10__cxxabiv120__si_class_type_info20__do_find_public_srcEiPKvPKNS_17__class_type_infoES2_
                0x0000000000109b74       0x6c e:/dev/devkitpro/devkitarm/bin/../lib/gcc/arm-none-eabi/9.1.0/../../../../arm-none-eabi/lib/armv6k/fpu\libstdc++.a(si_class_type_info.o)
                0x0000000000109b74                __cxxabiv1::__si_class_type_info::__do_find_public_src(int, void const*, __cxxabiv1::__class_type_info const*, void const*) const
 .text._ZNK10__cxxabiv120__si_class_type_info12__do_dyncastEiNS_17__class_type_info10__sub_kindEPKS1_PKvS4_S6_RNS1_16__dyncast_resultE
                0x0000000000109be0       0xdc e:/dev/devkitpro/devkitarm/bin/../lib/gcc/arm-none-eabi/9.1.0/../../../../arm-none-eabi/lib/armv6k/fpu\libstdc++.a(si_class_type_info.o)
                0x0000000000109be0                __cxxabiv1::__si_class_type_info::__do_dyncast(int, __cxxabiv1::__class_type_info::__sub_kind, __cxxabiv1::__class_type_info const*, void const*, __cxxabiv1::__class_type_info const*, void const*, __cxxabiv1::__class_type_info::__dyncast_result&) const
 .text._ZNK10__cxxabiv120__si_class_type_info11__do_upcastEPKNS_17__class_type_infoEPKvRNS1_15__upcast_resultE
                0x0000000000109cbc       0x44 e:/dev/devkitpro/devkitarm/bin/../lib/gcc/arm-none-eabi/9.1.0/../../../../arm-none-eabi/lib/armv6k/fpu\libstdc++.a(si_class_type_info.o)
                0x0000000000109cbc                __cxxabiv1::__si_class_type_info::__do_upcast(__cxxabiv1::__class_type_info const*, void const*, __cxxabiv1::__class_type_info::__upcast_result&) const
 .text._ZNSt9type_infoD2Ev
                0x0000000000109d00        0x4 e:/dev/devkitpro/devkitarm/bin/../lib/gcc/arm-none-eabi/9.1.0/../../../../arm-none-eabi/lib/armv6k/fpu\libstdc++.a(tinfo.o)
                0x0000000000109d00                std::type_info::~type_info()
                0x0000000000109d00                std::type_info::~type_info()
 .text._ZNKSt9type_info14__is_pointer_pEv
                0x0000000000109d04        0x8 e:/dev/devkitpro/devkitarm/bin/../lib/gcc/arm-none-eabi/9.1.0/../../../../arm-none-eabi/lib/armv6k/fpu\libstdc++.a(tinfo.o)
                0x0000000000109d04                std::type_info::__is_pointer_p() const
                0x0000000000109d04                std::type_info::__is_function_p() const
 .text._ZNKSt9type_infoeqERKS_
                0x0000000000109d0c       0x4c e:/dev/devkitpro/devkitarm/bin/../lib/gcc/arm-none-eabi/9.1.0/../../../../arm-none-eabi/lib/armv6k/fpu\libstdc++.a(tinfo.o)
                0x0000000000109d0c                std::type_info::operator==(std::type_info const&) const
 .text._ZNK10__cxxabiv117__class_type_info11__do_upcastEPKS0_PPv
                0x0000000000109d58       0x5c e:/dev/devkitpro/devkitarm/bin/../lib/gcc/arm-none-eabi/9.1.0/../../../../arm-none-eabi/lib/armv6k/fpu\libstdc++.a(class_type_info.o)
                0x0000000000109d58                __cxxabiv1::__class_type_info::__do_upcast(__cxxabiv1::__class_type_info const*, void**) const
 .text._ZNK10__cxxabiv117__class_type_info20__do_find_public_srcEiPKvPKS0_S2_
                0x0000000000109db4       0x14 e:/dev/devkitpro/devkitarm/bin/../lib/gcc/arm-none-eabi/9.1.0/../../../../arm-none-eabi/lib/armv6k/fpu\libstdc++.a(class_type_info.o)
                0x0000000000109db4                __cxxabiv1::__class_type_info::__do_find_public_src(int, void const*, __cxxabiv1::__class_type_info const*, void const*) const
 .text._ZN10__cxxabiv117__class_type_infoD2Ev
                0x0000000000109dc8       0x20 e:/dev/devkitpro/devkitarm/bin/../lib/gcc/arm-none-eabi/9.1.0/../../../../arm-none-eabi/lib/armv6k/fpu\libstdc++.a(class_type_info.o)
                0x0000000000109dc8                __cxxabiv1::__class_type_info::~__class_type_info()
                0x0000000000109dc8                __cxxabiv1::__class_type_info::~__class_type_info()
 .text._ZN10__cxxabiv117__class_type_infoD0Ev
                0x0000000000109de8       0x2c e:/dev/devkitpro/devkitarm/bin/../lib/gcc/arm-none-eabi/9.1.0/../../../../arm-none-eabi/lib/armv6k/fpu\libstdc++.a(class_type_info.o)
                0x0000000000109de8                __cxxabiv1::__class_type_info::~__class_type_info()
 .text._ZNK10__cxxabiv117__class_type_info12__do_dyncastEiNS0_10__sub_kindEPKS0_PKvS3_S5_RNS0_16__dyncast_resultE
                0x0000000000109e14       0x68 e:/dev/devkitpro/devkitarm/bin/../lib/gcc/arm-none-eabi/9.1.0/../../../../arm-none-eabi/lib/armv6k/fpu\libstdc++.a(class_type_info.o)
                0x0000000000109e14                __cxxabiv1::__class_type_info::__do_dyncast(int, __cxxabiv1::__class_type_info::__sub_kind, __cxxabiv1::__class_type_info const*, void const*, __cxxabiv1::__class_type_info const*, void const*, __cxxabiv1::__class_type_info::__dyncast_result&) const
 .text._ZNK10__cxxabiv117__class_type_info11__do_upcastEPKS0_PKvRNS0_15__upcast_resultE
                0x0000000000109e7c       0x2c e:/dev/devkitpro/devkitarm/bin/../lib/gcc/arm-none-eabi/9.1.0/../../../../arm-none-eabi/lib/armv6k/fpu\libstdc++.a(class_type_info.o)
                0x0000000000109e7c                __cxxabiv1::__class_type_info::__do_upcast(__cxxabiv1::__class_type_info const*, void const*, __cxxabiv1::__class_type_info::__upcast_result&) const
 .text._ZNK10__cxxabiv117__class_type_info10__do_catchEPKSt9type_infoPPvj
                0x0000000000109ea8       0x44 e:/dev/devkitpro/devkitarm/bin/../lib/gcc/arm-none-eabi/9.1.0/../../../../arm-none-eabi/lib/armv6k/fpu\libstdc++.a(class_type_info.o)
                0x0000000000109ea8                __cxxabiv1::__class_type_info::__do_catch(std::type_info const*, void**, unsigned int) const
 .text.__cxa_end_cleanup
                0x0000000000109eec       0x10 e:/dev/devkitpro/devkitarm/bin/../lib/gcc/arm-none-eabi/9.1.0/../../../../arm-none-eabi/lib/armv6k/fpu\libstdc++.a(eh_arm.o)
                0x0000000000109eec                __cxa_end_cleanup
 .text.__cxa_type_match
                0x0000000000109efc      0x138 e:/dev/devkitpro/devkitarm/bin/../lib/gcc/arm-none-eabi/9.1.0/../../../../arm-none-eabi/lib/armv6k/fpu\libstdc++.a(eh_arm.o)
                0x0000000000109efc                __cxa_type_match
 .text.__cxa_begin_cleanup
                0x000000000010a034       0xb4 e:/dev/devkitpro/devkitarm/bin/../lib/gcc/arm-none-eabi/9.1.0/../../../../arm-none-eabi/lib/armv6k/fpu\libstdc++.a(eh_arm.o)
                0x000000000010a034                __cxa_begin_cleanup
 .text.__gnu_end_cleanup
                0x000000000010a0e8       0xb4 e:/dev/devkitpro/devkitarm/bin/../lib/gcc/arm-none-eabi/9.1.0/../../../../arm-none-eabi/lib/armv6k/fpu\libstdc++.a(eh_arm.o)
                0x000000000010a0e8                __gnu_end_cleanup
 .text._ZN10__cxxabiv1L24__is_gxx_exception_classEPc
                0x000000000010a19c       0x70 e:/dev/devkitpro/devkitarm/bin/../lib/gcc/arm-none-eabi/9.1.0/../../../../arm-none-eabi/lib/armv6k/fpu\libstdc++.a(eh_call.o)
 .text.__cxa_call_terminate
                0x000000000010a20c       0x2c e:/dev/devkitpro/devkitarm/bin/../lib/gcc/arm-none-eabi/9.1.0/../../../../arm-none-eabi/lib/armv6k/fpu\libstdc++.a(eh_call.o)
                0x000000000010a20c                __cxa_call_terminate
 .text.unlikely.__cxa_call_unexpected
                0x000000000010a238      0x158 e:/dev/devkitpro/devkitarm/bin/../lib/gcc/arm-none-eabi/9.1.0/../../../../arm-none-eabi/lib/armv6k/fpu\libstdc++.a(eh_call.o)
                0x000000000010a238                __cxa_call_unexpected
 .text.__cxa_begin_catch
                0x000000000010a390       0xcc e:/dev/devkitpro/devkitarm/bin/../lib/gcc/arm-none-eabi/9.1.0/../../../../arm-none-eabi/lib/armv6k/fpu\libstdc++.a(eh_catch.o)
                0x000000000010a390                __cxa_begin_catch
 .text.__cxa_end_catch
                0x000000000010a45c       0xe0 e:/dev/devkitpro/devkitarm/bin/../lib/gcc/arm-none-eabi/9.1.0/../../../../arm-none-eabi/lib/armv6k/fpu\libstdc++.a(eh_catch.o)
                0x000000000010a45c                __cxa_end_catch
 .text.__cxa_get_globals_fast
                0x000000000010a53c        0xc e:/dev/devkitpro/devkitarm/bin/../lib/gcc/arm-none-eabi/9.1.0/../../../../arm-none-eabi/lib/armv6k/fpu\libstdc++.a(eh_globals.o)
                0x000000000010a53c                __cxa_get_globals_fast
 .text.__cxa_get_globals
                0x000000000010a548        0xc e:/dev/devkitpro/devkitarm/bin/../lib/gcc/arm-none-eabi/9.1.0/../../../../arm-none-eabi/lib/armv6k/fpu\libstdc++.a(eh_globals.o)
                0x000000000010a548                __cxa_get_globals
 .text._ZL28read_encoded_value_with_basehjPKhPj
                0x000000000010a554      0x168 e:/dev/devkitpro/devkitarm/bin/../lib/gcc/arm-none-eabi/9.1.0/../../../../arm-none-eabi/lib/armv6k/fpu\libstdc++.a(eh_personality.o)
 .text._ZL21base_of_encoded_valuehP15_Unwind_Context
                0x000000000010a6bc       0x64 e:/dev/devkitpro/devkitarm/bin/../lib/gcc/arm-none-eabi/9.1.0/../../../../arm-none-eabi/lib/armv6k/fpu\libstdc++.a(eh_personality.o)
 .text._ZL17parse_lsda_headerP15_Unwind_ContextPKhP16lsda_header_info
                0x000000000010a720       0xd8 e:/dev/devkitpro/devkitarm/bin/../lib/gcc/arm-none-eabi/9.1.0/../../../../arm-none-eabi/lib/armv6k/fpu\libstdc++.a(eh_personality.o)
 .text.__gxx_personality_v0
                0x000000000010a7f8      0x700 e:/dev/devkitpro/devkitarm/bin/../lib/gcc/arm-none-eabi/9.1.0/../../../../arm-none-eabi/lib/armv6k/fpu\libstdc++.a(eh_personality.o)
                0x000000000010a7f8                __gxx_personality_v0
 .text.__fixdfdi
                0x000000000010aef8       0x38 e:/dev/devkitpro/devkitarm/bin/../lib/gcc/arm-none-eabi/9.1.0/armv6k/fpu\libgcc.a(_fixdfdi.o)
                0x000000000010aef8                __fixdfdi
                0x000000000010aef8                __aeabi_d2lz
 .text.__fixunsdfdi
                0x000000000010af30       0x40 e:/dev/devkitpro/devkitarm/bin/../lib/gcc/arm-none-eabi/9.1.0/armv6k/fpu\libgcc.a(_fixunsdfdi.o)
                0x000000000010af30                __fixunsdfdi
                0x000000000010af30                __aeabi_d2ulz
 .text.__udivmoddi4
                0x000000000010af70      0x130 e:/dev/devkitpro/devkitarm/bin/../lib/gcc/arm-none-eabi/9.1.0/armv6k/fpu\libgcc.a(_udivmoddi4.o)
                0x000000000010af70                __udivmoddi4
 .text.selfrel_offset31
                0x000000000010b0a0       0x18 e:/dev/devkitpro/devkitarm/bin/../lib/gcc/arm-none-eabi/9.1.0/armv6k/fpu\libgcc.a(unwind-arm.o)
 .text.search_EIT_table
                0x000000000010b0b8       0x8c e:/dev/devkitpro/devkitarm/bin/../lib/gcc/arm-none-eabi/9.1.0/armv6k/fpu\libgcc.a(unwind-arm.o)
 .text.__gnu_unwind_get_pr_addr
                0x000000000010b144       0x40 e:/dev/devkitpro/devkitarm/bin/../lib/gcc/arm-none-eabi/9.1.0/armv6k/fpu\libgcc.a(unwind-arm.o)
 .text.get_eit_entry
                0x000000000010b184      0x114 e:/dev/devkitpro/devkitarm/bin/../lib/gcc/arm-none-eabi/9.1.0/armv6k/fpu\libgcc.a(unwind-arm.o)
 .text.restore_non_core_regs
                0x000000000010b298       0x88 e:/dev/devkitpro/devkitarm/bin/../lib/gcc/arm-none-eabi/9.1.0/armv6k/fpu\libgcc.a(unwind-arm.o)
 .text._Unwind_decode_typeinfo_ptr.isra.0
                0x000000000010b320       0x14 e:/dev/devkitpro/devkitarm/bin/../lib/gcc/arm-none-eabi/9.1.0/armv6k/fpu\libgcc.a(unwind-arm.o)
 .text._Unwind_DebugHook
                0x000000000010b334        0x4 e:/dev/devkitpro/devkitarm/bin/../lib/gcc/arm-none-eabi/9.1.0/armv6k/fpu\libgcc.a(unwind-arm.o)
 .text.unwind_phase2
                0x000000000010b338       0x64 e:/dev/devkitpro/devkitarm/bin/../lib/gcc/arm-none-eabi/9.1.0/armv6k/fpu\libgcc.a(unwind-arm.o)
 .text.unwind_phase2_forced
                0x000000000010b39c      0x134 e:/dev/devkitpro/devkitarm/bin/../lib/gcc/arm-none-eabi/9.1.0/armv6k/fpu\libgcc.a(unwind-arm.o)
 .text.__gnu_Unwind_RaiseException
                0x000000000010b4d0       0xa4 e:/dev/devkitpro/devkitarm/bin/../lib/gcc/arm-none-eabi/9.1.0/armv6k/fpu\libgcc.a(unwind-arm.o)
                0x000000000010b4d0                __gnu_Unwind_RaiseException
 .text.__gnu_Unwind_ForcedUnwind
                0x000000000010b574       0x24 e:/dev/devkitpro/devkitarm/bin/../lib/gcc/arm-none-eabi/9.1.0/armv6k/fpu\libgcc.a(unwind-arm.o)
                0x000000000010b574                __gnu_Unwind_ForcedUnwind
 .text.__gnu_Unwind_Resume
                0x000000000010b598       0x74 e:/dev/devkitpro/devkitarm/bin/../lib/gcc/arm-none-eabi/9.1.0/armv6k/fpu\libgcc.a(unwind-arm.o)
                0x000000000010b598                __gnu_Unwind_Resume
 .text.__gnu_Unwind_Resume_or_Rethrow
                0x000000000010b60c       0x20 e:/dev/devkitpro/devkitarm/bin/../lib/gcc/arm-none-eabi/9.1.0/armv6k/fpu\libgcc.a(unwind-arm.o)
                0x000000000010b60c                __gnu_Unwind_Resume_or_Rethrow
 .text._Unwind_Complete
                0x000000000010b62c        0x4 e:/dev/devkitpro/devkitarm/bin/../lib/gcc/arm-none-eabi/9.1.0/armv6k/fpu\libgcc.a(unwind-arm.o)
                0x000000000010b62c                _Unwind_Complete
 .text._Unwind_DeleteException
                0x000000000010b630       0x18 e:/dev/devkitpro/devkitarm/bin/../lib/gcc/arm-none-eabi/9.1.0/armv6k/fpu\libgcc.a(unwind-arm.o)
                0x000000000010b630                _Unwind_DeleteException
 .text._Unwind_VRS_Get
                0x000000000010b648       0x64 e:/dev/devkitpro/devkitarm/bin/../lib/gcc/arm-none-eabi/9.1.0/armv6k/fpu\libgcc.a(unwind-arm.o)
                0x000000000010b648                _Unwind_VRS_Get
 .text._Unwind_GetGR
                0x000000000010b6ac       0x2c e:/dev/devkitpro/devkitarm/bin/../lib/gcc/arm-none-eabi/9.1.0/armv6k/fpu\libgcc.a(unwind-arm.o)
 .text._Unwind_VRS_Set
                0x000000000010b6d8       0x64 e:/dev/devkitpro/devkitarm/bin/../lib/gcc/arm-none-eabi/9.1.0/armv6k/fpu\libgcc.a(unwind-arm.o)
                0x000000000010b6d8                _Unwind_VRS_Set
 .text._Unwind_SetGR
                0x000000000010b73c       0x30 e:/dev/devkitpro/devkitarm/bin/../lib/gcc/arm-none-eabi/9.1.0/armv6k/fpu\libgcc.a(unwind-arm.o)
 .text.__gnu_Unwind_Backtrace
                0x000000000010b76c       0xc0 e:/dev/devkitpro/devkitarm/bin/../lib/gcc/arm-none-eabi/9.1.0/armv6k/fpu\libgcc.a(unwind-arm.o)
                0x000000000010b76c                __gnu_Unwind_Backtrace
 .text.__gnu_unwind_pr_common
                0x000000000010b82c      0x44c e:/dev/devkitpro/devkitarm/bin/../lib/gcc/arm-none-eabi/9.1.0/armv6k/fpu\libgcc.a(unwind-arm.o)
 .text.__aeabi_unwind_cpp_pr0
                0x000000000010bc78        0x8 e:/dev/devkitpro/devkitarm/bin/../lib/gcc/arm-none-eabi/9.1.0/armv6k/fpu\libgcc.a(unwind-arm.o)
                0x000000000010bc78                __aeabi_unwind_cpp_pr0
 .text.__aeabi_unwind_cpp_pr1
                0x000000000010bc80        0x8 e:/dev/devkitpro/devkitarm/bin/../lib/gcc/arm-none-eabi/9.1.0/armv6k/fpu\libgcc.a(unwind-arm.o)
                0x000000000010bc80                __aeabi_unwind_cpp_pr1
 .text.__aeabi_unwind_cpp_pr2
                0x000000000010bc88        0x8 e:/dev/devkitpro/devkitarm/bin/../lib/gcc/arm-none-eabi/9.1.0/armv6k/fpu\libgcc.a(unwind-arm.o)
                0x000000000010bc88                __aeabi_unwind_cpp_pr2
 .text._Unwind_VRS_Pop
                0x000000000010bc90      0x3d0 e:/dev/devkitpro/devkitarm/bin/../lib/gcc/arm-none-eabi/9.1.0/armv6k/fpu\libgcc.a(unwind-arm.o)
                0x000000000010bc90                _Unwind_VRS_Pop
 .text.next_unwind_byte
                0x000000000010c060       0x60 e:/dev/devkitpro/devkitarm/bin/../lib/gcc/arm-none-eabi/9.1.0/armv6k/fpu\libgcc.a(pr-support.o)
 .text._Unwind_GetGR.constprop.0
                0x000000000010c0c0       0x2c e:/dev/devkitpro/devkitarm/bin/../lib/gcc/arm-none-eabi/9.1.0/armv6k/fpu\libgcc.a(pr-support.o)
 .text.unwind_UCB_from_context
                0x000000000010c0ec        0x4 e:/dev/devkitpro/devkitarm/bin/../lib/gcc/arm-none-eabi/9.1.0/armv6k/fpu\libgcc.a(pr-support.o)
 .text.__gnu_unwind_execute
                0x000000000010c0f0      0x3c8 e:/dev/devkitpro/devkitarm/bin/../lib/gcc/arm-none-eabi/9.1.0/armv6k/fpu\libgcc.a(pr-support.o)
                0x000000000010c0f0                __gnu_unwind_execute
 .text.__gnu_unwind_frame
                0x000000000010c4b8       0x44 e:/dev/devkitpro/devkitarm/bin/../lib/gcc/arm-none-eabi/9.1.0/armv6k/fpu\libgcc.a(pr-support.o)
                0x000000000010c4b8                __gnu_unwind_frame
 .text._Unwind_GetRegionStart
                0x000000000010c4fc       0x10 e:/dev/devkitpro/devkitarm/bin/../lib/gcc/arm-none-eabi/9.1.0/armv6k/fpu\libgcc.a(pr-support.o)
                0x000000000010c4fc                _Unwind_GetRegionStart
 .text._Unwind_GetLanguageSpecificData
                0x000000000010c50c       0x1c e:/dev/devkitpro/devkitarm/bin/../lib/gcc/arm-none-eabi/9.1.0/armv6k/fpu\libgcc.a(pr-support.o)
                0x000000000010c50c                _Unwind_GetLanguageSpecificData
 .text.unlikely._Unwind_GetDataRelBase
                0x000000000010c528        0x8 e:/dev/devkitpro/devkitarm/bin/../lib/gcc/arm-none-eabi/9.1.0/armv6k/fpu\libgcc.a(pr-support.o)
                0x000000000010c528                _Unwind_GetDataRelBase
 .text.unlikely._Unwind_GetTextRelBase
                0x000000000010c530        0x8 e:/dev/devkitpro/devkitarm/bin/../lib/gcc/arm-none-eabi/9.1.0/armv6k/fpu\libgcc.a(pr-support.o)
                0x000000000010c530                _Unwind_GetTextRelBase
 .text.abort    0x000000000010c538       0x14 e:/dev/devkitpro/devkitarm/bin/../lib/gcc/arm-none-eabi/9.1.0/../../../../arm-none-eabi/lib/armv6k/fpu\libg.a(lib_a-abort.o)
                0x000000000010c538                abort
 .text.bsearch  0x000000000010c54c       0x7c e:/dev/devkitpro/devkitarm/bin/../lib/gcc/arm-none-eabi/9.1.0/../../../../arm-none-eabi/lib/armv6k/fpu\libg.a(lib_a-bsearch.o)
                0x000000000010c54c                bsearch
 .text.__libc_fini_array
                0x000000000010c5c8       0x3c e:/dev/devkitpro/devkitarm/bin/../lib/gcc/arm-none-eabi/9.1.0/../../../../arm-none-eabi/lib/armv6k/fpu\libg.a(lib_a-fini.o)
                0x000000000010c5c8                __libc_fini_array
 .text.__libc_init_array
                0x000000000010c604       0x7c e:/dev/devkitpro/devkitarm/bin/../lib/gcc/arm-none-eabi/9.1.0/../../../../arm-none-eabi/lib/armv6k/fpu\libg.a(lib_a-init.o)
                0x000000000010c604                __libc_init_array
 .text.iprintf  0x000000000010c680       0x34 e:/dev/devkitpro/devkitarm/bin/../lib/gcc/arm-none-eabi/9.1.0/../../../../arm-none-eabi/lib/armv6k/fpu\libg.a(lib_a-iprintf.o)
                0x000000000010c680                iprintf
 .text.memalign
                0x000000000010c6b4       0x28 e:/dev/devkitpro/devkitarm/bin/../lib/gcc/arm-none-eabi/9.1.0/../../../../arm-none-eabi/lib/armv6k/fpu\libg.a(lib_a-malign.o)
                0x000000000010c6b4                memalign
 .text._memalign_r
                0x000000000010c6dc      0x14c e:/dev/devkitpro/devkitarm/bin/../lib/gcc/arm-none-eabi/9.1.0/../../../../arm-none-eabi/lib/armv6k/fpu\libg.a(lib_a-malignr.o)
                0x000000000010c6dc                _memalign_r
 .text.malloc   0x000000000010c828       0x20 e:/dev/devkitpro/devkitarm/bin/../lib/gcc/arm-none-eabi/9.1.0/../../../../arm-none-eabi/lib/armv6k/fpu\libg.a(lib_a-malloc.o)
                0x000000000010c828                malloc
 .text.free     0x000000000010c848       0x20 e:/dev/devkitpro/devkitarm/bin/../lib/gcc/arm-none-eabi/9.1.0/../../../../arm-none-eabi/lib/armv6k/fpu\libg.a(lib_a-malloc.o)
                0x000000000010c848                free
 .text._malloc_r
                0x000000000010c868      0x7d0 e:/dev/devkitpro/devkitarm/bin/../lib/gcc/arm-none-eabi/9.1.0/../../../../arm-none-eabi/lib/armv6k/fpu\libg.a(lib_a-mallocr.o)
                0x000000000010c868                _malloc_r
 .text.memchr   0x000000000010d038       0xe0 e:/dev/devkitpro/devkitarm/bin/../lib/gcc/arm-none-eabi/9.1.0/../../../../arm-none-eabi/lib/armv6k/fpu\libg.a(lib_a-memchr-stub.o)
                0x000000000010d038                memchr
 .text.memcpy   0x000000000010d118      0x120 e:/dev/devkitpro/devkitarm/bin/../lib/gcc/arm-none-eabi/9.1.0/../../../../arm-none-eabi/lib/armv6k/fpu\libg.a(lib_a-memcpy-stub.o)
                0x000000000010d118                memcpy
 .text.memset   0x000000000010d238      0x118 e:/dev/devkitpro/devkitarm/bin/../lib/gcc/arm-none-eabi/9.1.0/../../../../arm-none-eabi/lib/armv6k/fpu\libg.a(lib_a-memset.o)
                0x000000000010d238                memset
 .text.__malloc_lock
                0x000000000010d350        0xc e:/dev/devkitpro/devkitarm/bin/../lib/gcc/arm-none-eabi/9.1.0/../../../../arm-none-eabi/lib/armv6k/fpu\libg.a(lib_a-mlock.o)
                0x000000000010d350                __malloc_lock
 .text.__malloc_unlock
                0x000000000010d35c        0xc e:/dev/devkitpro/devkitarm/bin/../lib/gcc/arm-none-eabi/9.1.0/../../../../arm-none-eabi/lib/armv6k/fpu\libg.a(lib_a-mlock.o)
                0x000000000010d35c                __malloc_unlock
 .text.printf   0x000000000010d368       0x34 e:/dev/devkitpro/devkitarm/bin/../lib/gcc/arm-none-eabi/9.1.0/../../../../arm-none-eabi/lib/armv6k/fpu\libg.a(lib_a-printf.o)
                0x000000000010d368                printf
 .text._puts_r  0x000000000010d39c       0xe0 e:/dev/devkitpro/devkitarm/bin/../lib/gcc/arm-none-eabi/9.1.0/../../../../arm-none-eabi/lib/armv6k/fpu\libg.a(lib_a-puts.o)
                0x000000000010d39c                _puts_r
 .text.puts     0x000000000010d47c       0x20 e:/dev/devkitpro/devkitarm/bin/../lib/gcc/arm-none-eabi/9.1.0/../../../../arm-none-eabi/lib/armv6k/fpu\libg.a(lib_a-puts.o)
                0x000000000010d47c                puts
 .text.setvbuf  0x000000000010d49c      0x260 e:/dev/devkitpro/devkitarm/bin/../lib/gcc/arm-none-eabi/9.1.0/../../../../arm-none-eabi/lib/armv6k/fpu\libg.a(lib_a-setvbuf.o)
                0x000000000010d49c                setvbuf
 .text._raise_r
                0x000000000010d6fc       0x98 e:/dev/devkitpro/devkitarm/bin/../lib/gcc/arm-none-eabi/9.1.0/../../../../arm-none-eabi/lib/armv6k/fpu\libg.a(lib_a-signal.o)
                0x000000000010d6fc                _raise_r
 .text.raise    0x000000000010d794       0x20 e:/dev/devkitpro/devkitarm/bin/../lib/gcc/arm-none-eabi/9.1.0/../../../../arm-none-eabi/lib/armv6k/fpu\libg.a(lib_a-signal.o)
                0x000000000010d794                raise
 .text.sscanf   0x000000000010d7b4       0x74 e:/dev/devkitpro/devkitarm/bin/../lib/gcc/arm-none-eabi/9.1.0/../../../../arm-none-eabi/lib/armv6k/fpu\libg.a(lib_a-sscanf.o)
                0x000000000010d7b4                sscanf
 .text.__sread  0x000000000010d828       0x3c e:/dev/devkitpro/devkitarm/bin/../lib/gcc/arm-none-eabi/9.1.0/../../../../arm-none-eabi/lib/armv6k/fpu\libg.a(lib_a-stdio.o)
                0x000000000010d828                __sread
 .text.__seofread
                0x000000000010d864        0x8 e:/dev/devkitpro/devkitarm/bin/../lib/gcc/arm-none-eabi/9.1.0/../../../../arm-none-eabi/lib/armv6k/fpu\libg.a(lib_a-stdio.o)
                0x000000000010d864                __seofread
 .text.__swrite
                0x000000000010d86c       0x68 e:/dev/devkitpro/devkitarm/bin/../lib/gcc/arm-none-eabi/9.1.0/../../../../arm-none-eabi/lib/armv6k/fpu\libg.a(lib_a-stdio.o)
                0x000000000010d86c                __swrite
 .text.__sseek  0x000000000010d8d4       0x58 e:/dev/devkitpro/devkitarm/bin/../lib/gcc/arm-none-eabi/9.1.0/../../../../arm-none-eabi/lib/armv6k/fpu\libg.a(lib_a-stdio.o)
                0x000000000010d8d4                __sseek
 .text.__sclose
                0x000000000010d92c        0x8 e:/dev/devkitpro/devkitarm/bin/../lib/gcc/arm-none-eabi/9.1.0/../../../../arm-none-eabi/lib/armv6k/fpu\libg.a(lib_a-stdio.o)
                0x000000000010d92c                __sclose
 .text.strlen   0x000000000010d934       0x5c e:/dev/devkitpro/devkitarm/bin/../lib/gcc/arm-none-eabi/9.1.0/../../../../arm-none-eabi/lib/armv6k/fpu\libg.a(lib_a-strlen-stub.o)
                0x000000000010d934                strlen
 .text.strncat  0x000000000010d990       0x98 e:/dev/devkitpro/devkitarm/bin/../lib/gcc/arm-none-eabi/9.1.0/../../../../arm-none-eabi/lib/armv6k/fpu\libg.a(lib_a-strncat.o)
                0x000000000010d990                strncat
 .text.strncpy  0x000000000010da28       0xc0 e:/dev/devkitpro/devkitarm/bin/../lib/gcc/arm-none-eabi/9.1.0/../../../../arm-none-eabi/lib/armv6k/fpu\libg.a(lib_a-strncpy.o)
                0x000000000010da28                strncpy
 .text.strnlen  0x000000000010dae8       0x48 e:/dev/devkitpro/devkitarm/bin/../lib/gcc/arm-none-eabi/9.1.0/../../../../arm-none-eabi/lib/armv6k/fpu\libg.a(lib_a-strnlen.o)
                0x000000000010dae8                strnlen
 .text.get_arg  0x000000000010db30       0x48 e:/dev/devkitpro/devkitarm/bin/../lib/gcc/arm-none-eabi/9.1.0/../../../../arm-none-eabi/lib/armv6k/fpu\libg.a(lib_a-svfscanf.o)
 .text.__ssvfscanf_r
                0x000000000010db78     0x2b84 e:/dev/devkitpro/devkitarm/bin/../lib/gcc/arm-none-eabi/9.1.0/../../../../arm-none-eabi/lib/armv6k/fpu\libg.a(lib_a-svfscanf.o)
                0x000000000010db78                __ssvfscanf_r
 .text.get_arg  0x00000000001106fc      0x650 e:/dev/devkitpro/devkitarm/bin/../lib/gcc/arm-none-eabi/9.1.0/../../../../arm-none-eabi/lib/armv6k/fpu\libg.a(lib_a-vfiprintf.o)
 .text.__sprint_r
                0x0000000000110d4c       0x34 e:/dev/devkitpro/devkitarm/bin/../lib/gcc/arm-none-eabi/9.1.0/../../../../arm-none-eabi/lib/armv6k/fpu\libg.a(lib_a-vfiprintf.o)
                0x0000000000110d4c                __sprint_r
 .text._vfiprintf_r
                0x0000000000110d80     0x256c e:/dev/devkitpro/devkitarm/bin/../lib/gcc/arm-none-eabi/9.1.0/../../../../arm-none-eabi/lib/armv6k/fpu\libg.a(lib_a-vfiprintf.o)
                0x0000000000110d80                _vfiprintf_r
 .text.__sbprintf
                0x00000000001132ec       0xd4 e:/dev/devkitpro/devkitarm/bin/../lib/gcc/arm-none-eabi/9.1.0/../../../../arm-none-eabi/lib/armv6k/fpu\libg.a(lib_a-vfiprintf.o)
 .text.get_arg  0x00000000001133c0      0x650 e:/dev/devkitpro/devkitarm/bin/../lib/gcc/arm-none-eabi/9.1.0/../../../../arm-none-eabi/lib/armv6k/fpu\libg.a(lib_a-vfprintf.o)
 .text._vfprintf_r
                0x0000000000113a10     0x38e0 e:/dev/devkitpro/devkitarm/bin/../lib/gcc/arm-none-eabi/9.1.0/../../../../arm-none-eabi/lib/armv6k/fpu\libg.a(lib_a-vfprintf.o)
                0x0000000000113a10                _vfprintf_r
 .text.__sbprintf
                0x00000000001172f0       0xd4 e:/dev/devkitpro/devkitarm/bin/../lib/gcc/arm-none-eabi/9.1.0/../../../../arm-none-eabi/lib/armv6k/fpu\libg.a(lib_a-vfprintf.o)
 .text._wcrtomb_r
                0x00000000001173c4       0x54 e:/dev/devkitpro/devkitarm/bin/../lib/gcc/arm-none-eabi/9.1.0/../../../../arm-none-eabi/lib/armv6k/fpu\libg.a(lib_a-wcrtomb.o)
                0x00000000001173c4                _wcrtomb_r
 .text._wcsrtombs_r
                0x0000000000117418       0x20 e:/dev/devkitpro/devkitarm/bin/../lib/gcc/arm-none-eabi/9.1.0/../../../../arm-none-eabi/lib/armv6k/fpu\libg.a(lib_a-wcsrtombs.o)
                0x0000000000117418                _wcsrtombs_r
 .text.__swsetup_r
                0x0000000000117438      0x150 e:/dev/devkitpro/devkitarm/bin/../lib/gcc/arm-none-eabi/9.1.0/../../../../arm-none-eabi/lib/armv6k/fpu\libg.a(lib_a-wsetup.o)
                0x0000000000117438                __swsetup_r
 .text.quorem   0x0000000000117588      0x1a8 e:/dev/devkitpro/devkitarm/bin/../lib/gcc/arm-none-eabi/9.1.0/../../../../arm-none-eabi/lib/armv6k/fpu\libg.a(lib_a-dtoa.o)
 .text._dtoa_r  0x0000000000117730     0x12ac e:/dev/devkitpro/devkitarm/bin/../lib/gcc/arm-none-eabi/9.1.0/../../../../arm-none-eabi/lib/armv6k/fpu\libg.a(lib_a-dtoa.o)
                0x0000000000117730                _dtoa_r
 .text.__sflush_r
                0x00000000001189dc      0x278 e:/dev/devkitpro/devkitarm/bin/../lib/gcc/arm-none-eabi/9.1.0/../../../../arm-none-eabi/lib/armv6k/fpu\libg.a(lib_a-fflush.o)
                0x00000000001189dc                __sflush_r
 .text._fflush_r
                0x0000000000118c54       0x94 e:/dev/devkitpro/devkitarm/bin/../lib/gcc/arm-none-eabi/9.1.0/../../../../arm-none-eabi/lib/armv6k/fpu\libg.a(lib_a-fflush.o)
                0x0000000000118c54                _fflush_r
 .text.std      0x0000000000118ce8       0x78 e:/dev/devkitpro/devkitarm/bin/../lib/gcc/arm-none-eabi/9.1.0/../../../../arm-none-eabi/lib/armv6k/fpu\libg.a(lib_a-findfp.o)
 .text._cleanup_r
                0x0000000000118d60        0xc e:/dev/devkitpro/devkitarm/bin/../lib/gcc/arm-none-eabi/9.1.0/../../../../arm-none-eabi/lib/armv6k/fpu\libg.a(lib_a-findfp.o)
                0x0000000000118d60                _cleanup_r
 .text.__sinit  0x0000000000118d6c       0x8c e:/dev/devkitpro/devkitarm/bin/../lib/gcc/arm-none-eabi/9.1.0/../../../../arm-none-eabi/lib/armv6k/fpu\libg.a(lib_a-findfp.o)
                0x0000000000118d6c                __sinit
 .text.__sfp_lock_acquire
                0x0000000000118df8        0xc e:/dev/devkitpro/devkitarm/bin/../lib/gcc/arm-none-eabi/9.1.0/../../../../arm-none-eabi/lib/armv6k/fpu\libg.a(lib_a-findfp.o)
                0x0000000000118df8                __sfp_lock_acquire
 .text.__sfp_lock_release
                0x0000000000118e04        0xc e:/dev/devkitpro/devkitarm/bin/../lib/gcc/arm-none-eabi/9.1.0/../../../../arm-none-eabi/lib/armv6k/fpu\libg.a(lib_a-findfp.o)
                0x0000000000118e04                __sfp_lock_release
 .text._malloc_trim_r
                0x0000000000118e10       0xf8 e:/dev/devkitpro/devkitarm/bin/../lib/gcc/arm-none-eabi/9.1.0/../../../../arm-none-eabi/lib/armv6k/fpu\libg.a(lib_a-freer.o)
                0x0000000000118e10                _malloc_trim_r
 .text._free_r  0x0000000000118f08      0x2e8 e:/dev/devkitpro/devkitarm/bin/../lib/gcc/arm-none-eabi/9.1.0/../../../../arm-none-eabi/lib/armv6k/fpu\libg.a(lib_a-freer.o)
                0x0000000000118f08                _free_r
 .text.__sfvwrite_r
                0x00000000001191f0      0x4a4 e:/dev/devkitpro/devkitarm/bin/../lib/gcc/arm-none-eabi/9.1.0/../../../../arm-none-eabi/lib/armv6k/fpu\libg.a(lib_a-fvwrite.o)
                0x00000000001191f0                __sfvwrite_r
 .text._fwalk_reent
                0x0000000000119694       0x70 e:/dev/devkitpro/devkitarm/bin/../lib/gcc/arm-none-eabi/9.1.0/../../../../arm-none-eabi/lib/armv6k/fpu\libg.a(lib_a-fwalk.o)
                0x0000000000119694                _fwalk_reent
 .text.iswspace
                0x0000000000119704        0x8 e:/dev/devkitpro/devkitarm/bin/../lib/gcc/arm-none-eabi/9.1.0/../../../../arm-none-eabi/lib/armv6k/fpu\libg.a(lib_a-iswspace.o)
                0x0000000000119704                iswspace
 .text._localeconv_r
                0x000000000011970c        0xc e:/dev/devkitpro/devkitarm/bin/../lib/gcc/arm-none-eabi/9.1.0/../../../../arm-none-eabi/lib/armv6k/fpu\libg.a(lib_a-localeconv.o)
                0x000000000011970c                _localeconv_r
 .text.__locale_mb_cur_max
                0x0000000000119718       0x10 e:/dev/devkitpro/devkitarm/bin/../lib/gcc/arm-none-eabi/9.1.0/../../../../arm-none-eabi/lib/armv6k/fpu\libg.a(lib_a-locale.o)
                0x0000000000119718                __locale_mb_cur_max
 .text.__swhatbuf_r
                0x0000000000119728       0x94 e:/dev/devkitpro/devkitarm/bin/../lib/gcc/arm-none-eabi/9.1.0/../../../../arm-none-eabi/lib/armv6k/fpu\libg.a(lib_a-makebuf.o)
                0x0000000000119728                __swhatbuf_r
 .text.__smakebuf_r
                0x00000000001197bc       0xf8 e:/dev/devkitpro/devkitarm/bin/../lib/gcc/arm-none-eabi/9.1.0/../../../../arm-none-eabi/lib/armv6k/fpu\libg.a(lib_a-makebuf.o)
                0x00000000001197bc                __smakebuf_r
 .text._mbrtowc_r
                0x00000000001198b4       0x60 e:/dev/devkitpro/devkitarm/bin/../lib/gcc/arm-none-eabi/9.1.0/../../../../arm-none-eabi/lib/armv6k/fpu\libg.a(lib_a-mbrtowc.o)
                0x00000000001198b4                _mbrtowc_r
 .text.__utf8_mbtowc
                0x0000000000119914      0x2fc e:/dev/devkitpro/devkitarm/bin/../lib/gcc/arm-none-eabi/9.1.0/../../../../arm-none-eabi/lib/armv6k/fpu\libg.a(lib_a-mbtowc_r.o)
                0x0000000000119914                __utf8_mbtowc
 .text.memmove  0x0000000000119c10      0x154 e:/dev/devkitpro/devkitarm/bin/../lib/gcc/arm-none-eabi/9.1.0/../../../../arm-none-eabi/lib/armv6k/fpu\libg.a(lib_a-memmove.o)
                0x0000000000119c10                memmove
 .text._Balloc  0x0000000000119d64       0x88 e:/dev/devkitpro/devkitarm/bin/../lib/gcc/arm-none-eabi/9.1.0/../../../../arm-none-eabi/lib/armv6k/fpu\libg.a(lib_a-mprec.o)
                0x0000000000119d64                _Balloc
 .text._Bfree   0x0000000000119dec       0x1c e:/dev/devkitpro/devkitarm/bin/../lib/gcc/arm-none-eabi/9.1.0/../../../../arm-none-eabi/lib/armv6k/fpu\libg.a(lib_a-mprec.o)
                0x0000000000119dec                _Bfree
 .text.__multadd
                0x0000000000119e08       0xd0 e:/dev/devkitpro/devkitarm/bin/../lib/gcc/arm-none-eabi/9.1.0/../../../../arm-none-eabi/lib/armv6k/fpu\libg.a(lib_a-mprec.o)
                0x0000000000119e08                __multadd
 .text.__s2b    0x0000000000119ed8       0xec e:/dev/devkitpro/devkitarm/bin/../lib/gcc/arm-none-eabi/9.1.0/../../../../arm-none-eabi/lib/armv6k/fpu\libg.a(lib_a-mprec.o)
                0x0000000000119ed8                __s2b
 .text.__hi0bits
                0x0000000000119fc4       0x58 e:/dev/devkitpro/devkitarm/bin/../lib/gcc/arm-none-eabi/9.1.0/../../../../arm-none-eabi/lib/armv6k/fpu\libg.a(lib_a-mprec.o)
                0x0000000000119fc4                __hi0bits
 .text.__lo0bits
                0x000000000011a01c       0x9c e:/dev/devkitpro/devkitarm/bin/../lib/gcc/arm-none-eabi/9.1.0/../../../../arm-none-eabi/lib/armv6k/fpu\libg.a(lib_a-mprec.o)
                0x000000000011a01c                __lo0bits
 .text.__i2b    0x000000000011a0b8       0x20 e:/dev/devkitpro/devkitarm/bin/../lib/gcc/arm-none-eabi/9.1.0/../../../../arm-none-eabi/lib/armv6k/fpu\libg.a(lib_a-mprec.o)
                0x000000000011a0b8                __i2b
 .text.__multiply
                0x000000000011a0d8      0x1e0 e:/dev/devkitpro/devkitarm/bin/../lib/gcc/arm-none-eabi/9.1.0/../../../../arm-none-eabi/lib/armv6k/fpu\libg.a(lib_a-mprec.o)
                0x000000000011a0d8                __multiply
 .text.__pow5mult
                0x000000000011a2b8      0x100 e:/dev/devkitpro/devkitarm/bin/../lib/gcc/arm-none-eabi/9.1.0/../../../../arm-none-eabi/lib/armv6k/fpu\libg.a(lib_a-mprec.o)
                0x000000000011a2b8                __pow5mult
 .text.__lshift
                0x000000000011a3b8      0x114 e:/dev/devkitpro/devkitarm/bin/../lib/gcc/arm-none-eabi/9.1.0/../../../../arm-none-eabi/lib/armv6k/fpu\libg.a(lib_a-mprec.o)
                0x000000000011a3b8                __lshift
 .text.__mcmp   0x000000000011a4cc       0x58 e:/dev/devkitpro/devkitarm/bin/../lib/gcc/arm-none-eabi/9.1.0/../../../../arm-none-eabi/lib/armv6k/fpu\libg.a(lib_a-mprec.o)
                0x000000000011a4cc                __mcmp
 .text.__mdiff  0x000000000011a524      0x190 e:/dev/devkitpro/devkitarm/bin/../lib/gcc/arm-none-eabi/9.1.0/../../../../arm-none-eabi/lib/armv6k/fpu\libg.a(lib_a-mprec.o)
                0x000000000011a524                __mdiff
 .text.__ulp    0x000000000011a6b4       0x88 e:/dev/devkitpro/devkitarm/bin/../lib/gcc/arm-none-eabi/9.1.0/../../../../arm-none-eabi/lib/armv6k/fpu\libg.a(lib_a-mprec.o)
                0x000000000011a6b4                __ulp
 .text.__b2d    0x000000000011a73c       0xd4 e:/dev/devkitpro/devkitarm/bin/../lib/gcc/arm-none-eabi/9.1.0/../../../../arm-none-eabi/lib/armv6k/fpu\libg.a(lib_a-mprec.o)
                0x000000000011a73c                __b2d
 .text.__d2b    0x000000000011a810      0x104 e:/dev/devkitpro/devkitarm/bin/../lib/gcc/arm-none-eabi/9.1.0/../../../../arm-none-eabi/lib/armv6k/fpu\libg.a(lib_a-mprec.o)
                0x000000000011a810                __d2b
 .text.__ratio  0x000000000011a914       0x84 e:/dev/devkitpro/devkitarm/bin/../lib/gcc/arm-none-eabi/9.1.0/../../../../arm-none-eabi/lib/armv6k/fpu\libg.a(lib_a-mprec.o)
                0x000000000011a914                __ratio
 .text.__copybits
                0x000000000011a998       0x6c e:/dev/devkitpro/devkitarm/bin/../lib/gcc/arm-none-eabi/9.1.0/../../../../arm-none-eabi/lib/armv6k/fpu\libg.a(lib_a-mprec.o)
                0x000000000011a998                __copybits
 .text.__any_on
                0x000000000011aa04       0x5c e:/dev/devkitpro/devkitarm/bin/../lib/gcc/arm-none-eabi/9.1.0/../../../../arm-none-eabi/lib/armv6k/fpu\libg.a(lib_a-mprec.o)
                0x000000000011aa04                __any_on
 .text.realloc  0x000000000011aa60       0x28 e:/dev/devkitpro/devkitarm/bin/../lib/gcc/arm-none-eabi/9.1.0/../../../../arm-none-eabi/lib/armv6k/fpu\libg.a(lib_a-realloc.o)
                0x000000000011aa60                realloc
 .text._realloc_r
                0x000000000011aa88      0x4bc e:/dev/devkitpro/devkitarm/bin/../lib/gcc/arm-none-eabi/9.1.0/../../../../arm-none-eabi/lib/armv6k/fpu\libg.a(lib_a-reallocr.o)
                0x000000000011aa88                _realloc_r
 .text.__sccl   0x000000000011af44       0xe8 e:/dev/devkitpro/devkitarm/bin/../lib/gcc/arm-none-eabi/9.1.0/../../../../arm-none-eabi/lib/armv6k/fpu\libg.a(lib_a-sccl.o)
                0x000000000011af44                __sccl
 .text.nanf     0x000000000011b02c        0xc e:/dev/devkitpro/devkitarm/bin/../lib/gcc/arm-none-eabi/9.1.0/../../../../arm-none-eabi/lib/armv6k/fpu\libg.a(lib_a-sf_nan.o)
                0x000000000011b02c                nanf
 .text.frexp    0x000000000011b038       0xa8 e:/dev/devkitpro/devkitarm/bin/../lib/gcc/arm-none-eabi/9.1.0/../../../../arm-none-eabi/lib/armv6k/fpu\libg.a(lib_a-s_frexp.o)
                0x000000000011b038                frexp
 .text.sprintf  0x000000000011b0e0       0x64 e:/dev/devkitpro/devkitarm/bin/../lib/gcc/arm-none-eabi/9.1.0/../../../../arm-none-eabi/lib/armv6k/fpu\libg.a(lib_a-sprintf.o)
                0x000000000011b0e0                sprintf
 .text.stpncpy  0x000000000011b144       0xb8 e:/dev/devkitpro/devkitarm/bin/../lib/gcc/arm-none-eabi/9.1.0/../../../../arm-none-eabi/lib/armv6k/fpu\libg.a(lib_a-stpncpy.o)
                0x000000000011b144                stpncpy
 .text.strchr   0x000000000011b1fc      0x144 e:/dev/devkitpro/devkitarm/bin/../lib/gcc/arm-none-eabi/9.1.0/../../../../arm-none-eabi/lib/armv6k/fpu\libg.a(lib_a-strchr.o)
                0x000000000011b1fc                strchr
 .text.strncmp  0x000000000011b340       0xec e:/dev/devkitpro/devkitarm/bin/../lib/gcc/arm-none-eabi/9.1.0/../../../../arm-none-eabi/lib/armv6k/fpu\libg.a(lib_a-strncmp.o)
                0x000000000011b340                strncmp
 .text.sulp     0x000000000011b42c       0x54 e:/dev/devkitpro/devkitarm/bin/../lib/gcc/arm-none-eabi/9.1.0/../../../../arm-none-eabi/lib/armv6k/fpu\libg.a(lib_a-strtod.o)
 .text._strtod_l
                0x000000000011b480     0x1414 e:/dev/devkitpro/devkitarm/bin/../lib/gcc/arm-none-eabi/9.1.0/../../../../arm-none-eabi/lib/armv6k/fpu\libg.a(lib_a-strtod.o)
                0x000000000011b480                _strtod_l
 .text._strtod_r
                0x000000000011c894        0xc e:/dev/devkitpro/devkitarm/bin/../lib/gcc/arm-none-eabi/9.1.0/../../../../arm-none-eabi/lib/armv6k/fpu\libg.a(lib_a-strtod.o)
                0x000000000011c894                _strtod_r
 .text._strtoll_l.isra.0
                0x000000000011c8a0      0x23c e:/dev/devkitpro/devkitarm/bin/../lib/gcc/arm-none-eabi/9.1.0/../../../../arm-none-eabi/lib/armv6k/fpu\libg.a(lib_a-strtoll.o)
 .text._strtoll_r